/home/jezuniga/mnt/HDD/Maestria/2026Q2/Diseno_de_alto_nivel_de_sistemas_electronicos/image_processing_system/HSL_Vitis/gray_kernel_prj/solution1/.autopilot/db/gray_kernel.pp.0.cpp:1441:7: warning: Added loop label VITIS_LOOP_1223_1:   [xilinx-label-all-loops]
      for (i = 0; i < __N - 1; ++i) {
      ^~~
      VITIS_LOOP_1223_1: 
/home/jezuniga/mnt/HDD/Maestria/2026Q2/Diseno_de_alto_nivel_de_sistemas_electronicos/image_processing_system/HSL_Vitis/gray_kernel_prj/solution1/.autopilot/db/gray_kernel.pp.0.cpp:1441:7: note: FIX-IT applied suggested code changes
/home/jezuniga/mnt/HDD/Maestria/2026Q2/Diseno_de_alto_nivel_de_sistemas_electronicos/image_processing_system/HSL_Vitis/gray_kernel_prj/solution1/.autopilot/db/gray_kernel.pp.0.cpp:2415:5: warning: Added loop label VITIS_LOOP_676_1:   [xilinx-label-all-loops]
    for (unsigned i = low; i != high; ++i) {
    ^~~
    VITIS_LOOP_676_1: 
/home/jezuniga/mnt/HDD/Maestria/2026Q2/Diseno_de_alto_nivel_de_sistemas_electronicos/image_processing_system/HSL_Vitis/gray_kernel_prj/solution1/.autopilot/db/gray_kernel.pp.0.cpp:2415:5: note: FIX-IT applied suggested code changes
/home/jezuniga/mnt/HDD/Maestria/2026Q2/Diseno_de_alto_nivel_de_sistemas_electronicos/image_processing_system/HSL_Vitis/gray_kernel_prj/solution1/.autopilot/db/gray_kernel.pp.0.cpp:2429:5: warning: Added loop label VITIS_LOOP_690_1:   [xilinx-label-all-loops]
    for (unsigned i = low; i != high; ++i) {
    ^~~
    VITIS_LOOP_690_1: 
/home/jezuniga/mnt/HDD/Maestria/2026Q2/Diseno_de_alto_nivel_de_sistemas_electronicos/image_processing_system/HSL_Vitis/gray_kernel_prj/solution1/.autopilot/db/gray_kernel.pp.0.cpp:2429:5: note: FIX-IT applied suggested code changes
/home/jezuniga/mnt/HDD/Maestria/2026Q2/Diseno_de_alto_nivel_de_sistemas_electronicos/image_processing_system/HSL_Vitis/gray_kernel_prj/solution1/.autopilot/db/gray_kernel.pp.0.cpp:2443:5: warning: Added loop label VITIS_LOOP_704_1:   [xilinx-label-all-loops]
    for (unsigned i = low; i != high; ++i) {
    ^~~
    VITIS_LOOP_704_1: 
/home/jezuniga/mnt/HDD/Maestria/2026Q2/Diseno_de_alto_nivel_de_sistemas_electronicos/image_processing_system/HSL_Vitis/gray_kernel_prj/solution1/.autopilot/db/gray_kernel.pp.0.cpp:2443:5: note: FIX-IT applied suggested code changes
/home/jezuniga/mnt/HDD/Maestria/2026Q2/Diseno_de_alto_nivel_de_sistemas_electronicos/image_processing_system/HSL_Vitis/gray_kernel_prj/solution1/.autopilot/db/gray_kernel.pp.0.cpp:4072:7: warning: Added loop label VITIS_LOOP_1247_1:   [xilinx-label-all-loops]
      for (i = 0; i < __N - 1; ++i) {
      ^~~
      VITIS_LOOP_1247_1: 
/home/jezuniga/mnt/HDD/Maestria/2026Q2/Diseno_de_alto_nivel_de_sistemas_electronicos/image_processing_system/HSL_Vitis/gray_kernel_prj/solution1/.autopilot/db/gray_kernel.pp.0.cpp:4072:7: note: FIX-IT applied suggested code changes
/home/jezuniga/mnt/HDD/Maestria/2026Q2/Diseno_de_alto_nivel_de_sistemas_electronicos/image_processing_system/HSL_Vitis/gray_kernel_prj/solution1/.autopilot/db/gray_kernel.pp.0.cpp:5874:2: warning: Added loop label VITIS_LOOP_15_1:   [xilinx-label-all-loops]
 for (int i=0;i<num_pixels;i++) {
 ^~~
 VITIS_LOOP_15_1: 
/home/jezuniga/mnt/HDD/Maestria/2026Q2/Diseno_de_alto_nivel_de_sistemas_electronicos/image_processing_system/HSL_Vitis/gray_kernel_prj/solution1/.autopilot/db/gray_kernel.pp.0.cpp:5874:2: note: FIX-IT applied suggested code changes
/home/jezuniga/mnt/HDD/Maestria/2026Q2/Diseno_de_alto_nivel_de_sistemas_electronicos/image_processing_system/HSL_Vitis/gray_kernel_prj/solution1/.autopilot/db/gray_kernel.pp.0.cpp:5883:2: warning: Added loop label VITIS_LOOP_24_1:   [xilinx-label-all-loops]
 for (int i=0;i<num_pixels;i++) {
 ^~~
 VITIS_LOOP_24_1: 
/home/jezuniga/mnt/HDD/Maestria/2026Q2/Diseno_de_alto_nivel_de_sistemas_electronicos/image_processing_system/HSL_Vitis/gray_kernel_prj/solution1/.autopilot/db/gray_kernel.pp.0.cpp:5883:2: note: FIX-IT applied suggested code changes
/home/jezuniga/mnt/HDD/Maestria/2026Q2/Diseno_de_alto_nivel_de_sistemas_electronicos/image_processing_system/HSL_Vitis/gray_kernel_prj/solution1/.autopilot/db/gray_kernel.pp.0.cpp:5897:2: warning: Added loop label VITIS_LOOP_38_1:   [xilinx-label-all-loops]
 for (int i=0;i<num_pixels;i++) {
 ^~~
 VITIS_LOOP_38_1: 
/home/jezuniga/mnt/HDD/Maestria/2026Q2/Diseno_de_alto_nivel_de_sistemas_electronicos/image_processing_system/HSL_Vitis/gray_kernel_prj/solution1/.autopilot/db/gray_kernel.pp.0.cpp:5897:2: note: FIX-IT applied suggested code changes
