

================================================================
== Vitis HLS Report for 'proc_stage_Pipeline_VITIS_LOOP_24_1'
================================================================
* Date:           Sun Jul 19 18:25:25 2026

* Version:        2024.1 (Build 5069499 on May 21 2024)
* Project:        gray_kernel_prj
* Solution:       solution1 (Vivado IP Flow Target)
* Product family: zynquplus
* Target device:  xck26-sfvc784-2LV-c


================================================================
== Performance Estimates
================================================================
+ Timing: 
    * Summary: 
    +--------+---------+----------+------------+
    |  Clock |  Target | Estimated| Uncertainty|
    +--------+---------+----------+------------+
    |ap_clk  |  4.00 ns|  2.755 ns|     1.08 ns|
    +--------+---------+----------+------------+

+ Latency: 
    * Summary: 
    +---------+---------+----------+----------+-----+-----+-----------------------------------------------+
    |  Latency (cycles) |  Latency (absolute) |  Interval |                    Pipeline                   |
    |   min   |   max   |    min   |    max   | min | max |                      Type                     |
    +---------+---------+----------+----------+-----+-----+-----------------------------------------------+
    |        ?|        ?|         ?|         ?|    0|    0|  loop auto-rewind stp(delay=0 clock cycles(s))|
    +---------+---------+----------+----------+-----+-----+-----------------------------------------------+

    + Detail: 
        * Instance: 
        N/A

        * Loop: 
        +-------------------+---------+---------+----------+-----------+-----------+------+----------+
        |                   |  Latency (cycles) | Iteration|  Initiation Interval  | Trip |          |
        |     Loop Name     |   min   |   max   |  Latency |  achieved |   target  | Count| Pipelined|
        +-------------------+---------+---------+----------+-----------+-----------+------+----------+
        |- VITIS_LOOP_24_1  |        ?|        ?|         6|          1|          1|     ?|       yes|
        +-------------------+---------+---------+----------+-----------+-----------+------+----------+

============================================================
+ Verbose Summary: Synthesis Manager
============================================================
InlineROM: 1
ExposeGlobal: 0
============================================================
+ Verbose Summary: CDFG Model
============================================================
IsTopModel: 0
ResetActiveHigh: 1
IsCombinational: 0
IsDatapathOnly: 0
HasWiredReturn: 1
HasMFsm: 2
HasVarLatency: 1
IsPipeline: 0
IsRtlPipelined: 0
IsInstanceOverlapped: 0
IsDontTouch: 0
HasImplIP: 0
IsGatedGlobalClock: 0

+ Individual pipeline summary: 
  * Pipeline-0: initiation interval (II) = 1, depth = 6


============================================================
+ Verbose Summary: Schedule
============================================================
* Number of FSM states : 6
* Pipeline : 1
  Pipeline-0 : II = 1, D = 6, States = { 1 2 3 4 5 6 }
* Dataflow Pipeline: 0

* FSM state transitions: 
1 --> 2 
2 --> 3 
3 --> 4 
4 --> 5 
5 --> 6 
6 --> 

* FSM state operations: 

State 1 <SV = 0> <Delay = 1.87>
ST_1 : Operation 9 [1/1] (0.00ns)   --->   "%i = alloca i32 1"   --->   Operation 9 'alloca' 'i' <Predicate = true> <Delay = 0.00>
ST_1 : Operation 10 [1/1] (0.00ns)   --->   "%specinterface_ln0 = specinterface void @_ssdm_op_SpecInterface, i24 %stream_in, void @empty_6, i32 0, i32 0, void @empty_9, i32 0, i32 0, void @empty_9, void @empty_9, void @empty_9, i32 0, i32 0, i32 0, i32 0, void @empty_9, void @empty_9, i32 4294967295, i32 0, i32 0"   --->   Operation 10 'specinterface' 'specinterface_ln0' <Predicate = true> <Delay = 0.00>
ST_1 : Operation 11 [1/1] (0.00ns)   --->   "%specinterface_ln0 = specinterface void @_ssdm_op_SpecInterface, i8 %stream_out, void @empty_6, i32 0, i32 0, void @empty_9, i32 0, i32 0, void @empty_9, void @empty_9, void @empty_9, i32 0, i32 0, i32 0, i32 0, void @empty_9, void @empty_9, i32 4294967295, i32 0, i32 0"   --->   Operation 11 'specinterface' 'specinterface_ln0' <Predicate = true> <Delay = 0.00>
ST_1 : Operation 12 [1/1] (0.00ns)   --->   "%num_pixels_2_read = read i32 @_ssdm_op_Read.ap_auto.i32, i32 %num_pixels_2" [gray_kernel.cpp:22]   --->   Operation 12 'read' 'num_pixels_2_read' <Predicate = true> <Delay = 0.00>
ST_1 : Operation 13 [1/1] (0.42ns)   --->   "%store_ln0 = store i31 0, i31 %i"   --->   Operation 13 'store' 'store_ln0' <Predicate = true> <Delay = 0.42>
ST_1 : Operation 14 [1/1] (0.00ns)   --->   "%br_ln24 = br void %for.inc" [gray_kernel.cpp:24]   --->   Operation 14 'br' 'br_ln24' <Predicate = true> <Delay = 0.00>
ST_1 : Operation 15 [1/1] (0.00ns)   --->   "%i_load = load i31 %i" [gray_kernel.cpp:24]   --->   Operation 15 'load' 'i_load' <Predicate = true> <Delay = 0.00>
ST_1 : Operation 16 [1/1] (0.00ns)   --->   "%zext_ln22 = zext i31 %i_load" [gray_kernel.cpp:22]   --->   Operation 16 'zext' 'zext_ln22' <Predicate = true> <Delay = 0.00>
ST_1 : Operation 17 [1/1] (1.01ns)   --->   "%icmp_ln24 = icmp_slt  i32 %zext_ln22, i32 %num_pixels_2_read" [gray_kernel.cpp:24]   --->   Operation 17 'icmp' 'icmp_ln24' <Predicate = true> <Delay = 1.01> <CoreInst = "Cmp">   --->   Core 9 'Cmp' <Latency = 0> <II = 1> <Delay = 1.01> <FuncUnit> <Opcode : 'seteq' 'setne' 'setle' 'setge' 'setlt' 'setgt'> <InPorts = 2> <OutPorts = 1>
ST_1 : Operation 18 [1/1] (0.00ns)   --->   "%br_ln24 = br i1 %icmp_ln24, void %for.end.loopexit.exitStub, void %for.inc.split" [gray_kernel.cpp:24]   --->   Operation 18 'br' 'br_ln24' <Predicate = true> <Delay = 0.00>
ST_1 : Operation 19 [1/1] (1.00ns)   --->   "%add_ln24 = add i31 %i_load, i31 1" [gray_kernel.cpp:24]   --->   Operation 19 'add' 'add_ln24' <Predicate = (icmp_ln24)> <Delay = 1.00> <CoreInst = "Adder">   --->   Core 1 'Adder' <Latency = 0> <II = 1> <Delay = 1.00> <FuncUnit> <Opcode : 'add' 'sub'> <InPorts = 2> <OutPorts = 1>
ST_1 : Operation 20 [1/1] (0.42ns)   --->   "%store_ln24 = store i31 %add_ln24, i31 %i" [gray_kernel.cpp:24]   --->   Operation 20 'store' 'store_ln24' <Predicate = (icmp_ln24)> <Delay = 0.42>

State 2 <SV = 1> <Delay = 2.45>
ST_2 : Operation 21 [1/1] (1.46ns)   --->   "%v = read i24 @_ssdm_op_Read.ap_fifo.volatile.i24P0A, i24 %stream_in" [gray_kernel.cpp:26]   --->   Operation 21 'read' 'v' <Predicate = true> <Delay = 1.46> <CoreInst = "FIFO">   --->   Core 77 'FIFO' <Latency = 0> <II = 1> <Delay = 1.65> <Storage> <Opcode : 'read' 'write' 'nbread' 'nbwrite'> <Ports = 0> <Width = 24> <Depth = 256> <FIFO>
ST_2 : Operation 22 [1/1] (0.00ns)   --->   "%r = partselect i8 @_ssdm_op_PartSelect.i8.i24.i32.i32, i24 %v, i32 16, i32 23" [gray_kernel.cpp:27]   --->   Operation 22 'partselect' 'r' <Predicate = true> <Delay = 0.00>
ST_2 : Operation 23 [1/1] (0.00ns)   --->   "%g = partselect i8 @_ssdm_op_PartSelect.i8.i24.i32.i32, i24 %v, i32 8, i32 15" [gray_kernel.cpp:28]   --->   Operation 23 'partselect' 'g' <Predicate = true> <Delay = 0.00>
ST_2 : Operation 24 [1/1] (0.00ns)   --->   "%b = trunc i24 %v" [gray_kernel.cpp:29]   --->   Operation 24 'trunc' 'b' <Predicate = true> <Delay = 0.00>
ST_2 : Operation 25 [1/1] (0.00ns)   --->   "%zext_ln31_2 = zext i8 %b" [gray_kernel.cpp:31]   --->   Operation 25 'zext' 'zext_ln31_2' <Predicate = true> <Delay = 0.00>
ST_2 : Operation 26 [3/3] (0.99ns) (grouped into DSP with root node add_ln31)   --->   "%mul_ln31_2 = mul i15 %zext_ln31_2, i15 117" [gray_kernel.cpp:31]   --->   Operation 26 'mul' 'mul_ln31_2' <Predicate = true> <Delay = 0.99> <CoreInst = "DSP48">   --->   Core 124 'DSP48' <Latency = 3> <II = 1> <Delay = 0.53> <IPBlock> <Opcode : '' 'add' 'sub' 'mul' 'select'> <InPorts = 0> <OutPorts = 1> <Sync> <CReg>

State 3 <SV = 2> <Delay = 0.99>
ST_3 : Operation 27 [1/1] (0.00ns)   --->   "%zext_ln31_1 = zext i8 %g" [gray_kernel.cpp:31]   --->   Operation 27 'zext' 'zext_ln31_1' <Predicate = true> <Delay = 0.00>
ST_3 : Operation 28 [3/3] (0.99ns) (grouped into DSP with root node add_ln31_1)   --->   "%mul_ln31_1 = mul i18 %zext_ln31_1, i18 601" [gray_kernel.cpp:31]   --->   Operation 28 'mul' 'mul_ln31_1' <Predicate = true> <Delay = 0.99> <CoreInst = "DSP48">   --->   Core 124 'DSP48' <Latency = 3> <II = 1> <Delay = 0.53> <IPBlock> <Opcode : '' 'add' 'sub' 'mul' 'select'> <InPorts = 0> <OutPorts = 1> <Sync> <CReg>
ST_3 : Operation 29 [2/3] (0.99ns) (grouped into DSP with root node add_ln31)   --->   "%mul_ln31_2 = mul i15 %zext_ln31_2, i15 117" [gray_kernel.cpp:31]   --->   Operation 29 'mul' 'mul_ln31_2' <Predicate = true> <Delay = 0.99> <CoreInst = "DSP48">   --->   Core 124 'DSP48' <Latency = 3> <II = 1> <Delay = 0.53> <IPBlock> <Opcode : '' 'add' 'sub' 'mul' 'select'> <InPorts = 0> <OutPorts = 1> <Sync> <CReg>

State 4 <SV = 3> <Delay = 2.75>
ST_4 : Operation 30 [1/1] (0.00ns)   --->   "%zext_ln31 = zext i8 %r" [gray_kernel.cpp:31]   --->   Operation 30 'zext' 'zext_ln31' <Predicate = true> <Delay = 0.00>
ST_4 : Operation 31 [1/1] (2.11ns)   --->   "%mul_ln31 = mul i17 %zext_ln31, i17 307" [gray_kernel.cpp:31]   --->   Operation 31 'mul' 'mul_ln31' <Predicate = true> <Delay = 2.11> <CoreInst = "Multiplier">   --->   Core 3 'Multiplier' <Latency = 0> <II = 1> <Delay = 2.11> <FuncUnit> <Opcode : 'mul'> <InPorts = 2> <OutPorts = 1>
ST_4 : Operation 32 [2/3] (0.99ns) (grouped into DSP with root node add_ln31_1)   --->   "%mul_ln31_1 = mul i18 %zext_ln31_1, i18 601" [gray_kernel.cpp:31]   --->   Operation 32 'mul' 'mul_ln31_1' <Predicate = true> <Delay = 0.99> <CoreInst = "DSP48">   --->   Core 124 'DSP48' <Latency = 3> <II = 1> <Delay = 0.53> <IPBlock> <Opcode : '' 'add' 'sub' 'mul' 'select'> <InPorts = 0> <OutPorts = 1> <Sync> <CReg>
ST_4 : Operation 33 [1/3] (0.00ns) (grouped into DSP with root node add_ln31)   --->   "%mul_ln31_2 = mul i15 %zext_ln31_2, i15 117" [gray_kernel.cpp:31]   --->   Operation 33 'mul' 'mul_ln31_2' <Predicate = true> <Delay = 0.00> <CoreInst = "DSP48">   --->   Core 124 'DSP48' <Latency = 3> <II = 1> <Delay = 0.53> <IPBlock> <Opcode : '' 'add' 'sub' 'mul' 'select'> <InPorts = 0> <OutPorts = 1> <Sync> <CReg>
ST_4 : Operation 34 [1/1] (0.00ns) (grouped into DSP with root node add_ln31)   --->   "%zext_ln31_3 = zext i15 %mul_ln31_2" [gray_kernel.cpp:31]   --->   Operation 34 'zext' 'zext_ln31_3' <Predicate = true> <Delay = 0.00>
ST_4 : Operation 35 [2/2] (0.64ns) (root node of the DSP)   --->   "%add_ln31 = add i17 %mul_ln31, i17 %zext_ln31_3" [gray_kernel.cpp:31]   --->   Operation 35 'add' 'add_ln31' <Predicate = true> <Delay = 0.64> <CoreInst = "DSP48">   --->   Core 124 'DSP48' <Latency = 3> <II = 1> <Delay = 0.53> <IPBlock> <Opcode : '' 'add' 'sub' 'mul' 'select'> <InPorts = 0> <OutPorts = 1> <Sync> <CReg>

State 5 <SV = 4> <Delay = 1.29>
ST_5 : Operation 36 [1/3] (0.00ns) (grouped into DSP with root node add_ln31_1)   --->   "%mul_ln31_1 = mul i18 %zext_ln31_1, i18 601" [gray_kernel.cpp:31]   --->   Operation 36 'mul' 'mul_ln31_1' <Predicate = true> <Delay = 0.00> <CoreInst = "DSP48">   --->   Core 124 'DSP48' <Latency = 3> <II = 1> <Delay = 0.53> <IPBlock> <Opcode : '' 'add' 'sub' 'mul' 'select'> <InPorts = 0> <OutPorts = 1> <Sync> <CReg>
ST_5 : Operation 37 [1/2] (0.64ns) (root node of the DSP)   --->   "%add_ln31 = add i17 %mul_ln31, i17 %zext_ln31_3" [gray_kernel.cpp:31]   --->   Operation 37 'add' 'add_ln31' <Predicate = true> <Delay = 0.64> <CoreInst = "DSP48">   --->   Core 124 'DSP48' <Latency = 3> <II = 1> <Delay = 0.53> <IPBlock> <Opcode : '' 'add' 'sub' 'mul' 'select'> <InPorts = 0> <OutPorts = 1> <Sync> <CReg>
ST_5 : Operation 38 [1/1] (0.00ns)   --->   "%zext_ln31_4 = zext i17 %add_ln31" [gray_kernel.cpp:31]   --->   Operation 38 'zext' 'zext_ln31_4' <Predicate = true> <Delay = 0.00>
ST_5 : Operation 39 [2/2] (0.64ns) (root node of the DSP)   --->   "%add_ln31_1 = add i18 %zext_ln31_4, i18 %mul_ln31_1" [gray_kernel.cpp:31]   --->   Operation 39 'add' 'add_ln31_1' <Predicate = true> <Delay = 0.64> <CoreInst = "DSP48">   --->   Core 124 'DSP48' <Latency = 3> <II = 1> <Delay = 0.53> <IPBlock> <Opcode : '' 'add' 'sub' 'mul' 'select'> <InPorts = 0> <OutPorts = 1> <Sync> <CReg>
ST_5 : Operation 46 [1/1] (0.42ns)   --->   "%ret_ln0 = ret"   --->   Operation 46 'ret' 'ret_ln0' <Predicate = (!icmp_ln24)> <Delay = 0.42>

State 6 <SV = 5> <Delay = 2.10>
ST_6 : Operation 40 [1/1] (0.00ns)   --->   "%specpipeline_ln25 = specpipeline void @_ssdm_op_SpecPipeline, i32 1, i32 0, i32 0, i32 0, void @empty_9" [gray_kernel.cpp:25]   --->   Operation 40 'specpipeline' 'specpipeline_ln25' <Predicate = true> <Delay = 0.00>
ST_6 : Operation 41 [1/1] (0.00ns)   --->   "%specloopname_ln24 = specloopname void @_ssdm_op_SpecLoopName, void @empty_7" [gray_kernel.cpp:24]   --->   Operation 41 'specloopname' 'specloopname_ln24' <Predicate = true> <Delay = 0.00>
ST_6 : Operation 42 [1/2] (0.64ns) (root node of the DSP)   --->   "%add_ln31_1 = add i18 %zext_ln31_4, i18 %mul_ln31_1" [gray_kernel.cpp:31]   --->   Operation 42 'add' 'add_ln31_1' <Predicate = true> <Delay = 0.64> <CoreInst = "DSP48">   --->   Core 124 'DSP48' <Latency = 3> <II = 1> <Delay = 0.53> <IPBlock> <Opcode : '' 'add' 'sub' 'mul' 'select'> <InPorts = 0> <OutPorts = 1> <Sync> <CReg>
ST_6 : Operation 43 [1/1] (0.00ns)   --->   "%trunc_ln = partselect i8 @_ssdm_op_PartSelect.i8.i18.i32.i32, i18 %add_ln31_1, i32 10, i32 17" [gray_kernel.cpp:32]   --->   Operation 43 'partselect' 'trunc_ln' <Predicate = true> <Delay = 0.00>
ST_6 : Operation 44 [1/1] (1.46ns)   --->   "%write_ln32 = write void @_ssdm_op_Write.ap_fifo.volatile.i8P0A, i8 %stream_out, i8 %trunc_ln" [gray_kernel.cpp:32]   --->   Operation 44 'write' 'write_ln32' <Predicate = true> <Delay = 1.46> <CoreInst = "FIFO">   --->   Core 77 'FIFO' <Latency = 0> <II = 1> <Delay = 1.65> <Storage> <Opcode : 'read' 'write' 'nbread' 'nbwrite'> <Ports = 0> <Width = 8> <Depth = 256> <FIFO>
ST_6 : Operation 45 [1/1] (0.00ns)   --->   "%br_ln24 = br void %for.inc" [gray_kernel.cpp:24]   --->   Operation 45 'br' 'br_ln24' <Predicate = true> <Delay = 0.00>


============================================================
+ Verbose Summary: Binding
============================================================
STG Binding: 
---------------- STG Properties BEGIN ----------------
- Is combinational: 0
- Is one-state seq: 0
- Is datapath-only: 0
- Is pipelined: 0
- Is top level: 0
Port [ Return ] is wired: 1; IO mode=ap_ctrl_hs:ce=0
Port [ num_pixels_2]:  wired=1; compound=0; hidden=0; nouse=0; global=0; static=0; extern=0; dir=0; type=0; pingpong=0; private_global=0; IO mode=ap_none:ce=0
Port [ stream_in]:  wired=1; compound=1; hidden=0; nouse=0; global=0; static=0; extern=0; dir=0; type=3; pingpong=0; private_global=0; IO mode=ap_fifo:ce=0
Port [ stream_out]:  wired=1; compound=1; hidden=0; nouse=0; global=0; static=0; extern=0; dir=1; type=3; pingpong=0; private_global=0; IO mode=ap_fifo:ce=0
---------------- STG Properties END ------------------

---------------- Datapath Model BEGIN ----------------

<LifeTime>
<method=bitvector/>
i                 (alloca       ) [ 0100000]
specinterface_ln0 (specinterface) [ 0000000]
specinterface_ln0 (specinterface) [ 0000000]
num_pixels_2_read (read         ) [ 0000000]
store_ln0         (store        ) [ 0000000]
br_ln24           (br           ) [ 0000000]
i_load            (load         ) [ 0000000]
zext_ln22         (zext         ) [ 0000000]
icmp_ln24         (icmp         ) [ 0111110]
br_ln24           (br           ) [ 0000000]
add_ln24          (add          ) [ 0000000]
store_ln24        (store        ) [ 0000000]
v                 (read         ) [ 0000000]
r                 (partselect   ) [ 0101100]
g                 (partselect   ) [ 0101000]
b                 (trunc        ) [ 0000000]
zext_ln31_2       (zext         ) [ 0101100]
zext_ln31_1       (zext         ) [ 0100110]
zext_ln31         (zext         ) [ 0000000]
mul_ln31          (mul          ) [ 0100010]
mul_ln31_2        (mul          ) [ 0000000]
zext_ln31_3       (zext         ) [ 0100010]
mul_ln31_1        (mul          ) [ 0100001]
add_ln31          (add          ) [ 0000000]
zext_ln31_4       (zext         ) [ 0100001]
specpipeline_ln25 (specpipeline ) [ 0000000]
specloopname_ln24 (specloopname ) [ 0000000]
add_ln31_1        (add          ) [ 0000000]
trunc_ln          (partselect   ) [ 0000000]
write_ln32        (write        ) [ 0000000]
br_ln24           (br           ) [ 0000000]
ret_ln0           (ret          ) [ 0000000]
</LifeTime>

<model>

<comp_list>
<comp id="0" class="1000" name="num_pixels_2">
<pin_list>
<pin id="1" dir="1" index="0" bw="1" slack="0"/>
</pin_list>
<bind>
<StgValue><ssdm name="num_pixels_2"/></StgValue>
</bind>
</comp>

<comp id="2" class="1000" name="stream_in">
<pin_list>
<pin id="3" dir="1" index="0" bw="1" slack="0"/>
</pin_list>
<bind>
<StgValue><ssdm name="stream_in"/></StgValue>
</bind>
</comp>

<comp id="4" class="1000" name="stream_out">
<pin_list>
<pin id="5" dir="1" index="0" bw="1" slack="0"/>
</pin_list>
<bind>
<StgValue><ssdm name="stream_out"/></StgValue>
</bind>
</comp>

<comp id="6" class="1001" name="const_6">
<pin_list>
<pin id="7" dir="1" index="0" bw="1" slack="0"/>
</pin_list>
<bind>
<StgValue><ssdm name=""/></StgValue>
</bind>
</comp>

<comp id="8" class="1001" name="const_8">
<pin_list>
<pin id="9" dir="1" index="0" bw="1" slack="2147483647"/>
</pin_list>
<bind>
<StgValue><ssdm name="_ssdm_op_SpecInterface"/></StgValue>
</bind>
</comp>

<comp id="10" class="1001" name="const_10">
<pin_list>
<pin id="11" dir="1" index="0" bw="1" slack="2147483647"/>
</pin_list>
<bind>
<StgValue><ssdm name="empty_6"/></StgValue>
</bind>
</comp>

<comp id="12" class="1001" name="const_12">
<pin_list>
<pin id="13" dir="1" index="0" bw="1" slack="2147483647"/>
</pin_list>
<bind>
<StgValue><ssdm name=""/></StgValue>
</bind>
</comp>

<comp id="14" class="1001" name="const_14">
<pin_list>
<pin id="15" dir="1" index="0" bw="1" slack="2147483647"/>
</pin_list>
<bind>
<StgValue><ssdm name="empty_9"/></StgValue>
</bind>
</comp>

<comp id="16" class="1001" name="const_16">
<pin_list>
<pin id="17" dir="1" index="0" bw="1" slack="2147483647"/>
</pin_list>
<bind>
<StgValue><ssdm name=""/></StgValue>
</bind>
</comp>

<comp id="18" class="1001" name="const_18">
<pin_list>
<pin id="19" dir="1" index="0" bw="1" slack="0"/>
</pin_list>
<bind>
<StgValue><ssdm name="_ssdm_op_Read.ap_auto.i32"/></StgValue>
</bind>
</comp>

<comp id="20" class="1001" name="const_20">
<pin_list>
<pin id="21" dir="1" index="0" bw="1" slack="0"/>
</pin_list>
<bind>
<StgValue><ssdm name=""/></StgValue>
</bind>
</comp>

<comp id="22" class="1001" name="const_22">
<pin_list>
<pin id="23" dir="1" index="0" bw="1" slack="0"/>
</pin_list>
<bind>
<StgValue><ssdm name=""/></StgValue>
</bind>
</comp>

<comp id="24" class="1001" name="const_24">
<pin_list>
<pin id="25" dir="1" index="0" bw="1" slack="0"/>
</pin_list>
<bind>
<StgValue><ssdm name="_ssdm_op_Read.ap_fifo.volatile.i24P0A"/></StgValue>
</bind>
</comp>

<comp id="26" class="1001" name="const_26">
<pin_list>
<pin id="27" dir="1" index="0" bw="1" slack="0"/>
</pin_list>
<bind>
<StgValue><ssdm name="_ssdm_op_PartSelect.i8.i24.i32.i32"/></StgValue>
</bind>
</comp>

<comp id="28" class="1001" name="const_28">
<pin_list>
<pin id="29" dir="1" index="0" bw="1" slack="0"/>
</pin_list>
<bind>
<StgValue><ssdm name=""/></StgValue>
</bind>
</comp>

<comp id="30" class="1001" name="const_30">
<pin_list>
<pin id="31" dir="1" index="0" bw="1" slack="0"/>
</pin_list>
<bind>
<StgValue><ssdm name=""/></StgValue>
</bind>
</comp>

<comp id="32" class="1001" name="const_32">
<pin_list>
<pin id="33" dir="1" index="0" bw="1" slack="0"/>
</pin_list>
<bind>
<StgValue><ssdm name=""/></StgValue>
</bind>
</comp>

<comp id="34" class="1001" name="const_34">
<pin_list>
<pin id="35" dir="1" index="0" bw="1" slack="0"/>
</pin_list>
<bind>
<StgValue><ssdm name=""/></StgValue>
</bind>
</comp>

<comp id="36" class="1001" name="const_36">
<pin_list>
<pin id="37" dir="1" index="0" bw="1" slack="0"/>
</pin_list>
<bind>
<StgValue><ssdm name=""/></StgValue>
</bind>
</comp>

<comp id="38" class="1001" name="const_38">
<pin_list>
<pin id="39" dir="1" index="0" bw="1" slack="0"/>
</pin_list>
<bind>
<StgValue><ssdm name=""/></StgValue>
</bind>
</comp>

<comp id="40" class="1001" name="const_40">
<pin_list>
<pin id="41" dir="1" index="0" bw="1" slack="0"/>
</pin_list>
<bind>
<StgValue><ssdm name=""/></StgValue>
</bind>
</comp>

<comp id="42" class="1001" name="const_42">
<pin_list>
<pin id="43" dir="1" index="0" bw="1" slack="2147483647"/>
</pin_list>
<bind>
<StgValue><ssdm name="_ssdm_op_SpecPipeline"/></StgValue>
</bind>
</comp>

<comp id="44" class="1001" name="const_44">
<pin_list>
<pin id="45" dir="1" index="0" bw="1" slack="2147483647"/>
</pin_list>
<bind>
<StgValue><ssdm name="_ssdm_op_SpecLoopName"/></StgValue>
</bind>
</comp>

<comp id="46" class="1001" name="const_46">
<pin_list>
<pin id="47" dir="1" index="0" bw="1" slack="2147483647"/>
</pin_list>
<bind>
<StgValue><ssdm name="empty_7"/></StgValue>
</bind>
</comp>

<comp id="48" class="1001" name="const_48">
<pin_list>
<pin id="49" dir="1" index="0" bw="1" slack="0"/>
</pin_list>
<bind>
<StgValue><ssdm name="_ssdm_op_PartSelect.i8.i18.i32.i32"/></StgValue>
</bind>
</comp>

<comp id="50" class="1001" name="const_50">
<pin_list>
<pin id="51" dir="1" index="0" bw="1" slack="0"/>
</pin_list>
<bind>
<StgValue><ssdm name=""/></StgValue>
</bind>
</comp>

<comp id="52" class="1001" name="const_52">
<pin_list>
<pin id="53" dir="1" index="0" bw="1" slack="0"/>
</pin_list>
<bind>
<StgValue><ssdm name=""/></StgValue>
</bind>
</comp>

<comp id="54" class="1001" name="const_54">
<pin_list>
<pin id="55" dir="1" index="0" bw="1" slack="0"/>
</pin_list>
<bind>
<StgValue><ssdm name="_ssdm_op_Write.ap_fifo.volatile.i8P0A"/></StgValue>
</bind>
</comp>

<comp id="56" class="1004" name="i_fu_56">
<pin_list>
<pin id="57" dir="0" index="0" bw="1" slack="0"/>
<pin id="58" dir="1" index="1" bw="31" slack="0"/>
</pin_list>
<bind>
<opcode="alloca(26) " fcode="alloca"/>
<opset="i/1 "/>
</bind>
</comp>

<comp id="60" class="1004" name="num_pixels_2_read_read_fu_60">
<pin_list>
<pin id="61" dir="0" index="0" bw="32" slack="0"/>
<pin id="62" dir="0" index="1" bw="32" slack="0"/>
<pin id="63" dir="1" index="2" bw="32" slack="0"/>
</pin_list>
<bind>
<opcode="read(1150) " fcode="read"/>
<opset="num_pixels_2_read/1 "/>
</bind>
</comp>

<comp id="66" class="1004" name="v_read_fu_66">
<pin_list>
<pin id="67" dir="0" index="0" bw="24" slack="0"/>
<pin id="68" dir="0" index="1" bw="24" slack="0"/>
<pin id="69" dir="1" index="2" bw="24" slack="0"/>
</pin_list>
<bind>
<opcode="read(1150) " fcode="read"/>
<opset="v/2 "/>
</bind>
</comp>

<comp id="72" class="1004" name="write_ln32_write_fu_72">
<pin_list>
<pin id="73" dir="0" index="0" bw="0" slack="0"/>
<pin id="74" dir="0" index="1" bw="8" slack="0"/>
<pin id="75" dir="0" index="2" bw="8" slack="0"/>
<pin id="76" dir="1" index="3" bw="0" slack="2147483647"/>
</pin_list>
<bind>
<opcode="write(1151) " fcode="write"/>
<opset="write_ln32/6 "/>
</bind>
</comp>

<comp id="79" class="1004" name="store_ln0_store_fu_79">
<pin_list>
<pin id="80" dir="0" index="0" bw="1" slack="0"/>
<pin id="81" dir="0" index="1" bw="31" slack="0"/>
<pin id="82" dir="1" index="2" bw="0" slack="2147483647"/>
</pin_list>
<bind>
<opcode="store(28) " fcode="store"/>
<opset="store_ln0/1 "/>
</bind>
</comp>

<comp id="84" class="1004" name="i_load_load_fu_84">
<pin_list>
<pin id="85" dir="0" index="0" bw="31" slack="0"/>
<pin id="86" dir="1" index="1" bw="31" slack="0"/>
</pin_list>
<bind>
<opcode="load(27) " fcode="load"/>
<opset="i_load/1 "/>
</bind>
</comp>

<comp id="87" class="1004" name="zext_ln22_fu_87">
<pin_list>
<pin id="88" dir="0" index="0" bw="31" slack="0"/>
<pin id="89" dir="1" index="1" bw="32" slack="0"/>
</pin_list>
<bind>
<opcode="zext(34) " fcode="zext"/>
<opset="zext_ln22/1 "/>
</bind>
</comp>

<comp id="91" class="1004" name="icmp_ln24_fu_91">
<pin_list>
<pin id="92" dir="0" index="0" bw="31" slack="0"/>
<pin id="93" dir="0" index="1" bw="32" slack="0"/>
<pin id="94" dir="1" index="2" bw="1" slack="4"/>
</pin_list>
<bind>
<opcode="icmp(45) " fcode="icmp"/>
<opset="icmp_ln24/1 "/>
</bind>
</comp>

<comp id="97" class="1004" name="add_ln24_fu_97">
<pin_list>
<pin id="98" dir="0" index="0" bw="31" slack="0"/>
<pin id="99" dir="0" index="1" bw="1" slack="0"/>
<pin id="100" dir="1" index="2" bw="31" slack="0"/>
</pin_list>
<bind>
<opcode="add(8) " fcode="add"/>
<opset="add_ln24/1 "/>
</bind>
</comp>

<comp id="103" class="1004" name="store_ln24_store_fu_103">
<pin_list>
<pin id="104" dir="0" index="0" bw="31" slack="0"/>
<pin id="105" dir="0" index="1" bw="31" slack="0"/>
<pin id="106" dir="1" index="2" bw="0" slack="2147483647"/>
</pin_list>
<bind>
<opcode="store(28) " fcode="store"/>
<opset="store_ln24/1 "/>
</bind>
</comp>

<comp id="108" class="1004" name="r_fu_108">
<pin_list>
<pin id="109" dir="0" index="0" bw="8" slack="0"/>
<pin id="110" dir="0" index="1" bw="24" slack="0"/>
<pin id="111" dir="0" index="2" bw="6" slack="0"/>
<pin id="112" dir="0" index="3" bw="6" slack="0"/>
<pin id="113" dir="1" index="4" bw="8" slack="2"/>
</pin_list>
<bind>
<opcode="partselect(1002) " fcode="partselect"/>
<opset="r/2 "/>
</bind>
</comp>

<comp id="118" class="1004" name="g_fu_118">
<pin_list>
<pin id="119" dir="0" index="0" bw="8" slack="0"/>
<pin id="120" dir="0" index="1" bw="24" slack="0"/>
<pin id="121" dir="0" index="2" bw="5" slack="0"/>
<pin id="122" dir="0" index="3" bw="5" slack="0"/>
<pin id="123" dir="1" index="4" bw="8" slack="1"/>
</pin_list>
<bind>
<opcode="partselect(1002) " fcode="partselect"/>
<opset="g/2 "/>
</bind>
</comp>

<comp id="128" class="1004" name="b_fu_128">
<pin_list>
<pin id="129" dir="0" index="0" bw="24" slack="0"/>
<pin id="130" dir="1" index="1" bw="8" slack="0"/>
</pin_list>
<bind>
<opcode="trunc(33) " fcode="trunc"/>
<opset="b/2 "/>
</bind>
</comp>

<comp id="132" class="1004" name="zext_ln31_2_fu_132">
<pin_list>
<pin id="133" dir="0" index="0" bw="8" slack="0"/>
<pin id="134" dir="1" index="1" bw="15" slack="0"/>
</pin_list>
<bind>
<opcode="zext(34) " fcode="zext"/>
<opset="zext_ln31_2/2 "/>
</bind>
</comp>

<comp id="136" class="1004" name="zext_ln31_1_fu_136">
<pin_list>
<pin id="137" dir="0" index="0" bw="8" slack="1"/>
<pin id="138" dir="1" index="1" bw="18" slack="0"/>
</pin_list>
<bind>
<opcode="zext(34) " fcode="zext"/>
<opset="zext_ln31_1/3 "/>
</bind>
</comp>

<comp id="139" class="1004" name="zext_ln31_fu_139">
<pin_list>
<pin id="140" dir="0" index="0" bw="8" slack="2"/>
<pin id="141" dir="1" index="1" bw="17" slack="0"/>
</pin_list>
<bind>
<opcode="zext(34) " fcode="zext"/>
<opset="zext_ln31/4 "/>
</bind>
</comp>

<comp id="142" class="1004" name="mul_ln31_fu_142">
<pin_list>
<pin id="143" dir="0" index="0" bw="8" slack="0"/>
<pin id="144" dir="0" index="1" bw="10" slack="0"/>
<pin id="145" dir="1" index="2" bw="17" slack="0"/>
</pin_list>
<bind>
<opcode="mul(12) " fcode="mul"/>
<opset="mul_ln31/4 "/>
</bind>
</comp>

<comp id="148" class="1004" name="zext_ln31_4_fu_148">
<pin_list>
<pin id="149" dir="0" index="0" bw="17" slack="0"/>
<pin id="150" dir="1" index="1" bw="18" slack="0"/>
</pin_list>
<bind>
<opcode="zext(34) " fcode="zext"/>
<opset="zext_ln31_4/5 "/>
</bind>
</comp>

<comp id="151" class="1004" name="trunc_ln_fu_151">
<pin_list>
<pin id="152" dir="0" index="0" bw="8" slack="0"/>
<pin id="153" dir="0" index="1" bw="18" slack="0"/>
<pin id="154" dir="0" index="2" bw="5" slack="0"/>
<pin id="155" dir="0" index="3" bw="6" slack="0"/>
<pin id="156" dir="1" index="4" bw="8" slack="0"/>
</pin_list>
<bind>
<opcode="partselect(1002) " fcode="partselect"/>
<opset="trunc_ln/6 "/>
</bind>
</comp>

<comp id="161" class="1007" name="grp_fu_161">
<pin_list>
<pin id="162" dir="0" index="0" bw="8" slack="0"/>
<pin id="163" dir="0" index="1" bw="7" slack="0"/>
<pin id="164" dir="0" index="2" bw="17" slack="0"/>
<pin id="165" dir="1" index="3" bw="17" slack="0"/>
</pin_list>
<bind>
<opcode="muladd(1172) " fcode="muladd"/>
<opset="mul_ln31_2/2 zext_ln31_3/4 add_ln31/4 "/>
</bind>
</comp>

<comp id="170" class="1007" name="grp_fu_170">
<pin_list>
<pin id="171" dir="0" index="0" bw="10" slack="0"/>
<pin id="172" dir="0" index="1" bw="8" slack="0"/>
<pin id="173" dir="0" index="2" bw="17" slack="0"/>
<pin id="174" dir="1" index="3" bw="18" slack="0"/>
</pin_list>
<bind>
<opcode="muladd(1172) " fcode="muladd"/>
<opset="mul_ln31_1/3 add_ln31_1/5 "/>
</bind>
</comp>

<comp id="179" class="1005" name="i_reg_179">
<pin_list>
<pin id="180" dir="0" index="0" bw="31" slack="0"/>
<pin id="181" dir="1" index="1" bw="31" slack="0"/>
</pin_list>
<bind>
<opset="i "/>
</bind>
</comp>

<comp id="186" class="1005" name="icmp_ln24_reg_186">
<pin_list>
<pin id="187" dir="0" index="0" bw="1" slack="4"/>
<pin id="188" dir="1" index="1" bw="1" slack="2147483647"/>
</pin_list>
<bind>
<opset="icmp_ln24 "/>
</bind>
</comp>

<comp id="190" class="1005" name="r_reg_190">
<pin_list>
<pin id="191" dir="0" index="0" bw="8" slack="2"/>
<pin id="192" dir="1" index="1" bw="8" slack="2"/>
</pin_list>
<bind>
<opset="r "/>
</bind>
</comp>

<comp id="195" class="1005" name="g_reg_195">
<pin_list>
<pin id="196" dir="0" index="0" bw="8" slack="1"/>
<pin id="197" dir="1" index="1" bw="8" slack="1"/>
</pin_list>
<bind>
<opset="g "/>
</bind>
</comp>

<comp id="200" class="1005" name="zext_ln31_2_reg_200">
<pin_list>
<pin id="201" dir="0" index="0" bw="15" slack="1"/>
<pin id="202" dir="1" index="1" bw="15" slack="1"/>
</pin_list>
<bind>
<opset="zext_ln31_2 "/>
</bind>
</comp>

<comp id="205" class="1005" name="zext_ln31_1_reg_205">
<pin_list>
<pin id="206" dir="0" index="0" bw="18" slack="1"/>
<pin id="207" dir="1" index="1" bw="18" slack="1"/>
</pin_list>
<bind>
<opset="zext_ln31_1 "/>
</bind>
</comp>

<comp id="210" class="1005" name="mul_ln31_reg_210">
<pin_list>
<pin id="211" dir="0" index="0" bw="17" slack="1"/>
<pin id="212" dir="1" index="1" bw="17" slack="1"/>
</pin_list>
<bind>
<opset="mul_ln31 "/>
</bind>
</comp>

<comp id="215" class="1005" name="zext_ln31_4_reg_215">
<pin_list>
<pin id="216" dir="0" index="0" bw="18" slack="1"/>
<pin id="217" dir="1" index="1" bw="18" slack="1"/>
</pin_list>
<bind>
<opset="zext_ln31_4 "/>
</bind>
</comp>

</comp_list>

<net_list>
<net id="59"><net_src comp="6" pin="0"/><net_sink comp="56" pin=0"/></net>

<net id="64"><net_src comp="18" pin="0"/><net_sink comp="60" pin=0"/></net>

<net id="65"><net_src comp="0" pin="0"/><net_sink comp="60" pin=1"/></net>

<net id="70"><net_src comp="24" pin="0"/><net_sink comp="66" pin=0"/></net>

<net id="71"><net_src comp="2" pin="0"/><net_sink comp="66" pin=1"/></net>

<net id="77"><net_src comp="54" pin="0"/><net_sink comp="72" pin=0"/></net>

<net id="78"><net_src comp="4" pin="0"/><net_sink comp="72" pin=1"/></net>

<net id="83"><net_src comp="20" pin="0"/><net_sink comp="79" pin=0"/></net>

<net id="90"><net_src comp="84" pin="1"/><net_sink comp="87" pin=0"/></net>

<net id="95"><net_src comp="87" pin="1"/><net_sink comp="91" pin=0"/></net>

<net id="96"><net_src comp="60" pin="2"/><net_sink comp="91" pin=1"/></net>

<net id="101"><net_src comp="84" pin="1"/><net_sink comp="97" pin=0"/></net>

<net id="102"><net_src comp="22" pin="0"/><net_sink comp="97" pin=1"/></net>

<net id="107"><net_src comp="97" pin="2"/><net_sink comp="103" pin=0"/></net>

<net id="114"><net_src comp="26" pin="0"/><net_sink comp="108" pin=0"/></net>

<net id="115"><net_src comp="66" pin="2"/><net_sink comp="108" pin=1"/></net>

<net id="116"><net_src comp="28" pin="0"/><net_sink comp="108" pin=2"/></net>

<net id="117"><net_src comp="30" pin="0"/><net_sink comp="108" pin=3"/></net>

<net id="124"><net_src comp="26" pin="0"/><net_sink comp="118" pin=0"/></net>

<net id="125"><net_src comp="66" pin="2"/><net_sink comp="118" pin=1"/></net>

<net id="126"><net_src comp="32" pin="0"/><net_sink comp="118" pin=2"/></net>

<net id="127"><net_src comp="34" pin="0"/><net_sink comp="118" pin=3"/></net>

<net id="131"><net_src comp="66" pin="2"/><net_sink comp="128" pin=0"/></net>

<net id="135"><net_src comp="128" pin="1"/><net_sink comp="132" pin=0"/></net>

<net id="146"><net_src comp="139" pin="1"/><net_sink comp="142" pin=0"/></net>

<net id="147"><net_src comp="40" pin="0"/><net_sink comp="142" pin=1"/></net>

<net id="157"><net_src comp="48" pin="0"/><net_sink comp="151" pin=0"/></net>

<net id="158"><net_src comp="50" pin="0"/><net_sink comp="151" pin=2"/></net>

<net id="159"><net_src comp="52" pin="0"/><net_sink comp="151" pin=3"/></net>

<net id="160"><net_src comp="151" pin="4"/><net_sink comp="72" pin=2"/></net>

<net id="166"><net_src comp="132" pin="1"/><net_sink comp="161" pin=0"/></net>

<net id="167"><net_src comp="36" pin="0"/><net_sink comp="161" pin=1"/></net>

<net id="168"><net_src comp="142" pin="2"/><net_sink comp="161" pin=2"/></net>

<net id="169"><net_src comp="161" pin="3"/><net_sink comp="148" pin=0"/></net>

<net id="175"><net_src comp="136" pin="1"/><net_sink comp="170" pin=0"/></net>

<net id="176"><net_src comp="38" pin="0"/><net_sink comp="170" pin=1"/></net>

<net id="177"><net_src comp="148" pin="1"/><net_sink comp="170" pin=2"/></net>

<net id="178"><net_src comp="170" pin="3"/><net_sink comp="151" pin=1"/></net>

<net id="182"><net_src comp="56" pin="1"/><net_sink comp="179" pin=0"/></net>

<net id="183"><net_src comp="179" pin="1"/><net_sink comp="79" pin=1"/></net>

<net id="184"><net_src comp="179" pin="1"/><net_sink comp="84" pin=0"/></net>

<net id="185"><net_src comp="179" pin="1"/><net_sink comp="103" pin=1"/></net>

<net id="189"><net_src comp="91" pin="2"/><net_sink comp="186" pin=0"/></net>

<net id="193"><net_src comp="108" pin="4"/><net_sink comp="190" pin=0"/></net>

<net id="194"><net_src comp="190" pin="1"/><net_sink comp="139" pin=0"/></net>

<net id="198"><net_src comp="118" pin="4"/><net_sink comp="195" pin=0"/></net>

<net id="199"><net_src comp="195" pin="1"/><net_sink comp="136" pin=0"/></net>

<net id="203"><net_src comp="132" pin="1"/><net_sink comp="200" pin=0"/></net>

<net id="204"><net_src comp="200" pin="1"/><net_sink comp="161" pin=0"/></net>

<net id="208"><net_src comp="136" pin="1"/><net_sink comp="205" pin=0"/></net>

<net id="209"><net_src comp="205" pin="1"/><net_sink comp="170" pin=0"/></net>

<net id="213"><net_src comp="142" pin="2"/><net_sink comp="210" pin=0"/></net>

<net id="214"><net_src comp="210" pin="1"/><net_sink comp="161" pin=0"/></net>

<net id="218"><net_src comp="148" pin="1"/><net_sink comp="215" pin=0"/></net>

<net id="219"><net_src comp="215" pin="1"/><net_sink comp="170" pin=0"/></net>

</net_list>

</model> 
---------------- Datapath Model END ------------------

* FSMD analyzer results:
  - Output states:
	Port: stream_out | {6 }
 - Input state : 
	Port: proc_stage_Pipeline_VITIS_LOOP_24_1 : num_pixels_2 | {1 }
	Port: proc_stage_Pipeline_VITIS_LOOP_24_1 : stream_in | {2 }
  - Chain level:
	State 1
		store_ln0 : 1
		i_load : 1
		zext_ln22 : 2
		icmp_ln24 : 3
		br_ln24 : 4
		add_ln24 : 2
		store_ln24 : 3
	State 2
		zext_ln31_2 : 1
		mul_ln31_2 : 2
	State 3
		mul_ln31_1 : 1
	State 4
		mul_ln31 : 1
		zext_ln31_3 : 1
		add_ln31 : 2
	State 5
		zext_ln31_4 : 1
		add_ln31_1 : 2
	State 6
		trunc_ln : 1
		write_ln32 : 2


============================================================
+ Verbose Summary: Datapath Resource usage 
============================================================

* Functional unit list:
|----------|------------------------------|---------|---------|---------|
| Operation|        Functional Unit       |   DSP   |    FF   |   LUT   |
|----------|------------------------------|---------|---------|---------|
|    mul   |        mul_ln31_fu_142       |    0    |    0    |    62   |
|----------|------------------------------|---------|---------|---------|
|   icmp   |        icmp_ln24_fu_91       |    0    |    0    |    39   |
|----------|------------------------------|---------|---------|---------|
|    add   |        add_ln24_fu_97        |    0    |    0    |    38   |
|----------|------------------------------|---------|---------|---------|
|  muladd  |          grp_fu_161          |    1    |    0    |    0    |
|          |          grp_fu_170          |    1    |    0    |    0    |
|----------|------------------------------|---------|---------|---------|
|   read   | num_pixels_2_read_read_fu_60 |    0    |    0    |    0    |
|          |         v_read_fu_66         |    0    |    0    |    0    |
|----------|------------------------------|---------|---------|---------|
|   write  |    write_ln32_write_fu_72    |    0    |    0    |    0    |
|----------|------------------------------|---------|---------|---------|
|          |        zext_ln22_fu_87       |    0    |    0    |    0    |
|          |      zext_ln31_2_fu_132      |    0    |    0    |    0    |
|   zext   |      zext_ln31_1_fu_136      |    0    |    0    |    0    |
|          |       zext_ln31_fu_139       |    0    |    0    |    0    |
|          |      zext_ln31_4_fu_148      |    0    |    0    |    0    |
|----------|------------------------------|---------|---------|---------|
|          |           r_fu_108           |    0    |    0    |    0    |
|partselect|           g_fu_118           |    0    |    0    |    0    |
|          |        trunc_ln_fu_151       |    0    |    0    |    0    |
|----------|------------------------------|---------|---------|---------|
|   trunc  |           b_fu_128           |    0    |    0    |    0    |
|----------|------------------------------|---------|---------|---------|
|   Total  |                              |    2    |    0    |   139   |
|----------|------------------------------|---------|---------|---------|

Memories:
N/A

* Register list:
+-------------------+--------+
|                   |   FF   |
+-------------------+--------+
|     g_reg_195     |    8   |
|     i_reg_179     |   31   |
| icmp_ln24_reg_186 |    1   |
|  mul_ln31_reg_210 |   17   |
|     r_reg_190     |    8   |
|zext_ln31_1_reg_205|   18   |
|zext_ln31_2_reg_200|   15   |
|zext_ln31_4_reg_215|   18   |
+-------------------+--------+
|       Total       |   116  |
+-------------------+--------+

* Multiplexer (MUX) list: 
|------------|------|------|------|--------||---------||---------||---------|
|    Comp    |  Pin | Size |  BW  | S x BW ||  Delay  ||    FF   ||   LUT   |
|------------|------|------|------|--------||---------||---------||---------|
| grp_fu_161 |  p0  |   3  |   8  |   24   ||    0    ||    14   |
| grp_fu_170 |  p0  |   3  |  10  |   30   ||    0    ||    14   |
|------------|------|------|------|--------||---------||---------||---------|
|    Total   |      |      |      |   54   ||  0.952  ||    0    ||    28   |
|------------|------|------|------|--------||---------||---------||---------|



* Summary:
+-----------+--------+--------+--------+--------+
|           |   DSP  |  Delay |   FF   |   LUT  |
+-----------+--------+--------+--------+--------+
|  Function |    2   |    -   |    0   |   139  |
|   Memory  |    -   |    -   |    -   |    -   |
|Multiplexer|    -   |    0   |    0   |   28   |
|  Register |    -   |    -   |   116  |    -   |
+-----------+--------+--------+--------+--------+
|   Total   |    2   |    0   |   116  |   167  |
+-----------+--------+--------+--------+--------+
