

================================================================
== Vitis HLS Report for 'proc_stage_Pipeline_VITIS_LOOP_24_1'
================================================================
* Date:           Sun Jul 19 18:25:25 2026

* Version:        2024.1 (Build 5069499 on May 21 2024)
* Project:        gray_kernel_prj
* Solution:       solution1 (Vivado IP Flow Target)
* Product family: zynquplus
* Target device:  xck26-sfvc784-2LV-c


================================================================
== Performance Estimates
================================================================
+ Timing: 
    * Summary: 
    +--------+---------+----------+------------+
    |  Clock |  Target | Estimated| Uncertainty|
    +--------+---------+----------+------------+
    |ap_clk  |  4.00 ns|  2.755 ns|     1.08 ns|
    +--------+---------+----------+------------+

+ Latency: 
    * Summary: 
    +---------+---------+----------+----------+-----+-----+-----------------------------------------------+
    |  Latency (cycles) |  Latency (absolute) |  Interval |                    Pipeline                   |
    |   min   |   max   |    min   |    max   | min | max |                      Type                     |
    +---------+---------+----------+----------+-----+-----+-----------------------------------------------+
    |        ?|        ?|         ?|         ?|    0|    0|  loop auto-rewind stp(delay=0 clock cycles(s))|
    +---------+---------+----------+----------+-----+-----+-----------------------------------------------+

    + Detail: 
        * Instance: 
        N/A

        * Loop: 
        +-------------------+---------+---------+----------+-----------+-----------+------+----------+
        |                   |  Latency (cycles) | Iteration|  Initiation Interval  | Trip |          |
        |     Loop Name     |   min   |   max   |  Latency |  achieved |   target  | Count| Pipelined|
        +-------------------+---------+---------+----------+-----------+-----------+------+----------+
        |- VITIS_LOOP_24_1  |        ?|        ?|         6|          1|          1|     ?|       yes|
        +-------------------+---------+---------+----------+-----------+-----------+------+----------+

============================================================
+ Verbose Summary: Synthesis Manager
============================================================
InlineROM: 1
ExposeGlobal: 0
============================================================
+ Verbose Summary: CDFG Model
============================================================
IsTopModel: 0
ResetActiveHigh: 1
IsCombinational: 0
IsDatapathOnly: 0
HasWiredReturn: 1
HasMFsm: 2
HasVarLatency: 1
IsPipeline: 0
IsRtlPipelined: 0
IsInstanceOverlapped: 0
IsDontTouch: 0
HasImplIP: 0
IsGatedGlobalClock: 0

+ Individual pipeline summary: 
  * Pipeline-0: initiation interval (II) = 1, depth = 6


============================================================
+ Verbose Summary: Schedule
============================================================
* Number of FSM states : 6
* Pipeline : 1
  Pipeline-0 : II = 1, D = 6, States = { 1 2 3 4 5 6 }
* Dataflow Pipeline: 0

* FSM state transitions: 
1 --> 2 
2 --> 3 
3 --> 4 
4 --> 5 
5 --> 6 
6 --> 

* FSM state operations: 

State 1 <SV = 0> <Delay = 1.87>
ST_1 : Operation 9 [1/1] (0.00ns)   --->   "%i = alloca i32 1"   --->   Operation 9 'alloca' 'i' <Predicate = true> <Delay = 0.00>
ST_1 : Operation 10 [1/1] (0.00ns)   --->   "%specinterface_ln0 = specinterface void @_ssdm_op_SpecInterface, i24 %stream_in, void @empty_6, i32 0, i32 0, void @empty_9, i32 0, i32 0, void @empty_9, void @empty_9, void @empty_9, i32 0, i32 0, i32 0, i32 0, void @empty_9, void @empty_9, i32 4294967295, i32 0, i32 0"   --->   Operation 10 'specinterface' 'specinterface_ln0' <Predicate = true> <Delay = 0.00>
ST_1 : Operation 11 [1/1] (0.00ns)   --->   "%specinterface_ln0 = specinterface void @_ssdm_op_SpecInterface, i8 %stream_out, void @empty_6, i32 0, i32 0, void @empty_9, i32 0, i32 0, void @empty_9, void @empty_9, void @empty_9, i32 0, i32 0, i32 0, i32 0, void @empty_9, void @empty_9, i32 4294967295, i32 0, i32 0"   --->   Operation 11 'specinterface' 'specinterface_ln0' <Predicate = true> <Delay = 0.00>
ST_1 : Operation 12 [1/1] (0.00ns)   --->   "%num_pixels_2_read = read i32 @_ssdm_op_Read.ap_auto.i32, i32 %num_pixels_2" [gray_kernel.cpp:22]   --->   Operation 12 'read' 'num_pixels_2_read' <Predicate = true> <Delay = 0.00>
ST_1 : Operation 13 [1/1] (0.42ns)   --->   "%store_ln0 = store i31 0, i31 %i"   --->   Operation 13 'store' 'store_ln0' <Predicate = true> <Delay = 0.42>
ST_1 : Operation 14 [1/1] (0.00ns)   --->   "%br_ln24 = br void %for.inc" [gray_kernel.cpp:24]   --->   Operation 14 'br' 'br_ln24' <Predicate = true> <Delay = 0.00>
ST_1 : Operation 15 [1/1] (0.00ns)   --->   "%i_load = load i31 %i" [gray_kernel.cpp:24]   --->   Operation 15 'load' 'i_load' <Predicate = true> <Delay = 0.00>
ST_1 : Operation 16 [1/1] (0.00ns)   --->   "%zext_ln22 = zext i31 %i_load" [gray_kernel.cpp:22]   --->   Operation 16 'zext' 'zext_ln22' <Predicate = true> <Delay = 0.00>
ST_1 : Operation 17 [1/1] (1.01ns)   --->   "%icmp_ln24 = icmp_slt  i32 %zext_ln22, i32 %num_pixels_2_read" [gray_kernel.cpp:24]   --->   Operation 17 'icmp' 'icmp_ln24' <Predicate = true> <Delay = 1.01> <CoreInst = "Cmp">   --->   Core 9 'Cmp' <Latency = 0> <II = 1> <Delay = 1.01> <FuncUnit> <Opcode : 'seteq' 'setne' 'setle' 'setge' 'setlt' 'setgt'> <InPorts = 2> <OutPorts = 1>
ST_1 : Operation 18 [1/1] (0.00ns)   --->   "%br_ln24 = br i1 %icmp_ln24, void %for.end.loopexit.exitStub, void %for.inc.split" [gray_kernel.cpp:24]   --->   Operation 18 'br' 'br_ln24' <Predicate = true> <Delay = 0.00>
ST_1 : Operation 19 [1/1] (1.00ns)   --->   "%add_ln24 = add i31 %i_load, i31 1" [gray_kernel.cpp:24]   --->   Operation 19 'add' 'add_ln24' <Predicate = (icmp_ln24)> <Delay = 1.00> <CoreInst = "Adder">   --->   Core 1 'Adder' <Latency = 0> <II = 1> <Delay = 1.00> <FuncUnit> <Opcode : 'add' 'sub'> <InPorts = 2> <OutPorts = 1>
ST_1 : Operation 20 [1/1] (0.42ns)   --->   "%store_ln24 = store i31 %add_ln24, i31 %i" [gray_kernel.cpp:24]   --->   Operation 20 'store' 'store_ln24' <Predicate = (icmp_ln24)> <Delay = 0.42>

State 2 <SV = 1> <Delay = 2.45>
ST_2 : Operation 21 [1/1] (1.46ns)   --->   "%v = read i24 @_ssdm_op_Read.ap_fifo.volatile.i24P0A, i24 %stream_in" [gray_kernel.cpp:26]   --->   Operation 21 'read' 'v' <Predicate = true> <Delay = 1.46> <CoreInst = "FIFO">   --->   Core 77 'FIFO' <Latency = 0> <II = 1> <Delay = 1.65> <Storage> <Opcode : 'read' 'write' 'nbread' 'nbwrite'> <Ports = 0> <Width = 24> <Depth = 256> <FIFO>
ST_2 : Operation 22 [1/1] (0.00ns)   --->   "%r = partselect i8 @_ssdm_op_PartSelect.i8.i24.i32.i32, i24 %v, i32 16, i32 23" [gray_kernel.cpp:27]   --->   Operation 22 'partselect' 'r' <Predicate = true> <Delay = 0.00>
ST_2 : Operation 23 [1/1] (0.00ns)   --->   "%g = partselect i8 @_ssdm_op_PartSelect.i8.i24.i32.i32, i24 %v, i32 8, i32 15" [gray_kernel.cpp:28]   --->   Operation 23 'partselect' 'g' <Predicate = true> <Delay = 0.00>
ST_2 : Operation 24 [1/1] (0.00ns)   --->   "%b = trunc i24 %v" [gray_kernel.cpp:29]   --->   Operation 24 'trunc' 'b' <Predicate = true> <Delay = 0.00>
ST_2 : Operation 25 [1/1] (0.00ns)   --->   "%zext_ln31_2 = zext i8 %b" [gray_kernel.cpp:31]   --->   Operation 25 'zext' 'zext_ln31_2' <Predicate = true> <Delay = 0.00>
ST_2 : Operation 26 [3/3] (0.99ns) (grouped into DSP with root node add_ln31)   --->   "%mul_ln31_2 = mul i15 %zext_ln31_2, i15 117" [gray_kernel.cpp:31]   --->   Operation 26 'mul' 'mul_ln31_2' <Predicate = true> <Delay = 0.99> <CoreInst = "DSP48">   --->   Core 124 'DSP48' <Latency = 3> <II = 1> <Delay = 0.53> <IPBlock> <Opcode : '' 'add' 'sub' 'mul' 'select'> <InPorts = 0> <OutPorts = 1> <Sync> <CReg>

State 3 <SV = 2> <Delay = 0.99>
ST_3 : Operation 27 [1/1] (0.00ns)   --->   "%zext_ln31_1 = zext i8 %g" [gray_kernel.cpp:31]   --->   Operation 27 'zext' 'zext_ln31_1' <Predicate = true> <Delay = 0.00>
ST_3 : Operation 28 [3/3] (0.99ns) (grouped into DSP with root node add_ln31_1)   --->   "%mul_ln31_1 = mul i18 %zext_ln31_1, i18 601" [gray_kernel.cpp:31]   --->   Operation 28 'mul' 'mul_ln31_1' <Predicate = true> <Delay = 0.99> <CoreInst = "DSP48">   --->   Core 124 'DSP48' <Latency = 3> <II = 1> <Delay = 0.53> <IPBlock> <Opcode : '' 'add' 'sub' 'mul' 'select'> <InPorts = 0> <OutPorts = 1> <Sync> <CReg>
ST_3 : Operation 29 [2/3] (0.99ns) (grouped into DSP with root node add_ln31)   --->   "%mul_ln31_2 = mul i15 %zext_ln31_2, i15 117" [gray_kernel.cpp:31]   --->   Operation 29 'mul' 'mul_ln31_2' <Predicate = true> <Delay = 0.99> <CoreInst = "DSP48">   --->   Core 124 'DSP48' <Latency = 3> <II = 1> <Delay = 0.53> <IPBlock> <Opcode : '' 'add' 'sub' 'mul' 'select'> <InPorts = 0> <OutPorts = 1> <Sync> <CReg>

State 4 <SV = 3> <Delay = 2.75>
ST_4 : Operation 30 [1/1] (0.00ns)   --->   "%zext_ln31 = zext i8 %r" [gray_kernel.cpp:31]   --->   Operation 30 'zext' 'zext_ln31' <Predicate = true> <Delay = 0.00>
ST_4 : Operation 31 [1/1] (2.11ns)   --->   "%mul_ln31 = mul i17 %zext_ln31, i17 307" [gray_kernel.cpp:31]   --->   Operation 31 'mul' 'mul_ln31' <Predicate = true> <Delay = 2.11> <CoreInst = "Multiplier">   --->   Core 3 'Multiplier' <Latency = 0> <II = 1> <Delay = 2.11> <FuncUnit> <Opcode : 'mul'> <InPorts = 2> <OutPorts = 1>
ST_4 : Operation 32 [2/3] (0.99ns) (grouped into DSP with root node add_ln31_1)   --->   "%mul_ln31_1 = mul i18 %zext_ln31_1, i18 601" [gray_kernel.cpp:31]   --->   Operation 32 'mul' 'mul_ln31_1' <Predicate = true> <Delay = 0.99> <CoreInst = "DSP48">   --->   Core 124 'DSP48' <Latency = 3> <II = 1> <Delay = 0.53> <IPBlock> <Opcode : '' 'add' 'sub' 'mul' 'select'> <InPorts = 0> <OutPorts = 1> <Sync> <CReg>
ST_4 : Operation 33 [1/3] (0.00ns) (grouped into DSP with root node add_ln31)   --->   "%mul_ln31_2 = mul i15 %zext_ln31_2, i15 117" [gray_kernel.cpp:31]   --->   Operation 33 'mul' 'mul_ln31_2' <Predicate = true> <Delay = 0.00> <CoreInst = "DSP48">   --->   Core 124 'DSP48' <Latency = 3> <II = 1> <Delay = 0.53> <IPBlock> <Opcode : '' 'add' 'sub' 'mul' 'select'> <InPorts = 0> <OutPorts = 1> <Sync> <CReg>
ST_4 : Operation 34 [1/1] (0.00ns) (grouped into DSP with root node add_ln31)   --->   "%zext_ln31_3 = zext i15 %mul_ln31_2" [gray_kernel.cpp:31]   --->   Operation 34 'zext' 'zext_ln31_3' <Predicate = true> <Delay = 0.00>
ST_4 : Operation 35 [2/2] (0.64ns) (root node of the DSP)   --->   "%add_ln31 = add i17 %mul_ln31, i17 %zext_ln31_3" [gray_kernel.cpp:31]   --->   Operation 35 'add' 'add_ln31' <Predicate = true> <Delay = 0.64> <CoreInst = "DSP48">   --->   Core 124 'DSP48' <Latency = 3> <II = 1> <Delay = 0.53> <IPBlock> <Opcode : '' 'add' 'sub' 'mul' 'select'> <InPorts = 0> <OutPorts = 1> <Sync> <CReg>

State 5 <SV = 4> <Delay = 1.29>
ST_5 : Operation 36 [1/3] (0.00ns) (grouped into DSP with root node add_ln31_1)   --->   "%mul_ln31_1 = mul i18 %zext_ln31_1, i18 601" [gray_kernel.cpp:31]   --->   Operation 36 'mul' 'mul_ln31_1' <Predicate = true> <Delay = 0.00> <CoreInst = "DSP48">   --->   Core 124 'DSP48' <Latency = 3> <II = 1> <Delay = 0.53> <IPBlock> <Opcode : '' 'add' 'sub' 'mul' 'select'> <InPorts = 0> <OutPorts = 1> <Sync> <CReg>
ST_5 : Operation 37 [1/2] (0.64ns) (root node of the DSP)   --->   "%add_ln31 = add i17 %mul_ln31, i17 %zext_ln31_3" [gray_kernel.cpp:31]   --->   Operation 37 'add' 'add_ln31' <Predicate = true> <Delay = 0.64> <CoreInst = "DSP48">   --->   Core 124 'DSP48' <Latency = 3> <II = 1> <Delay = 0.53> <IPBlock> <Opcode : '' 'add' 'sub' 'mul' 'select'> <InPorts = 0> <OutPorts = 1> <Sync> <CReg>
ST_5 : Operation 38 [1/1] (0.00ns)   --->   "%zext_ln31_4 = zext i17 %add_ln31" [gray_kernel.cpp:31]   --->   Operation 38 'zext' 'zext_ln31_4' <Predicate = true> <Delay = 0.00>
ST_5 : Operation 39 [2/2] (0.64ns) (root node of the DSP)   --->   "%add_ln31_1 = add i18 %zext_ln31_4, i18 %mul_ln31_1" [gray_kernel.cpp:31]   --->   Operation 39 'add' 'add_ln31_1' <Predicate = true> <Delay = 0.64> <CoreInst = "DSP48">   --->   Core 124 'DSP48' <Latency = 3> <II = 1> <Delay = 0.53> <IPBlock> <Opcode : '' 'add' 'sub' 'mul' 'select'> <InPorts = 0> <OutPorts = 1> <Sync> <CReg>
ST_5 : Operation 46 [1/1] (0.42ns)   --->   "%ret_ln0 = ret"   --->   Operation 46 'ret' 'ret_ln0' <Predicate = (!icmp_ln24)> <Delay = 0.42>

State 6 <SV = 5> <Delay = 2.10>
ST_6 : Operation 40 [1/1] (0.00ns)   --->   "%specpipeline_ln25 = specpipeline void @_ssdm_op_SpecPipeline, i32 1, i32 0, i32 0, i32 0, void @empty_9" [gray_kernel.cpp:25]   --->   Operation 40 'specpipeline' 'specpipeline_ln25' <Predicate = true> <Delay = 0.00>
ST_6 : Operation 41 [1/1] (0.00ns)   --->   "%specloopname_ln24 = specloopname void @_ssdm_op_SpecLoopName, void @empty_7" [gray_kernel.cpp:24]   --->   Operation 41 'specloopname' 'specloopname_ln24' <Predicate = true> <Delay = 0.00>
ST_6 : Operation 42 [1/2] (0.64ns) (root node of the DSP)   --->   "%add_ln31_1 = add i18 %zext_ln31_4, i18 %mul_ln31_1" [gray_kernel.cpp:31]   --->   Operation 42 'add' 'add_ln31_1' <Predicate = true> <Delay = 0.64> <CoreInst = "DSP48">   --->   Core 124 'DSP48' <Latency = 3> <II = 1> <Delay = 0.53> <IPBlock> <Opcode : '' 'add' 'sub' 'mul' 'select'> <InPorts = 0> <OutPorts = 1> <Sync> <CReg>
ST_6 : Operation 43 [1/1] (0.00ns)   --->   "%trunc_ln = partselect i8 @_ssdm_op_PartSelect.i8.i18.i32.i32, i18 %add_ln31_1, i32 10, i32 17" [gray_kernel.cpp:32]   --->   Operation 43 'partselect' 'trunc_ln' <Predicate = true> <Delay = 0.00>
ST_6 : Operation 44 [1/1] (1.46ns)   --->   "%write_ln32 = write void @_ssdm_op_Write.ap_fifo.volatile.i8P0A, i8 %stream_out, i8 %trunc_ln" [gray_kernel.cpp:32]   --->   Operation 44 'write' 'write_ln32' <Predicate = true> <Delay = 1.46> <CoreInst = "FIFO">   --->   Core 77 'FIFO' <Latency = 0> <II = 1> <Delay = 1.65> <Storage> <Opcode : 'read' 'write' 'nbread' 'nbwrite'> <Ports = 0> <Width = 8> <Depth = 256> <FIFO>
ST_6 : Operation 45 [1/1] (0.00ns)   --->   "%br_ln24 = br void %for.inc" [gray_kernel.cpp:24]   --->   Operation 45 'br' 'br_ln24' <Predicate = true> <Delay = 0.00>


============================================================
+ Verbose Summary: Timing violations
============================================================
Target clock period: 4.000ns, clock uncertainty: 1.080ns.

 <State 1>: 1.870ns
The critical path consists of the following:
	'store' operation 0 bit ('store_ln0') of constant 0 on local variable 'i' [8]  (0.427 ns)
	'load' operation 31 bit ('i_load', gray_kernel.cpp:24) on local variable 'i' [11]  (0.000 ns)
	'icmp' operation 1 bit ('icmp_ln24', gray_kernel.cpp:24) [13]  (1.016 ns)
	'store' operation 0 bit ('store_ln24', gray_kernel.cpp:24) of variable 'add_ln24', gray_kernel.cpp:24 on local variable 'i' [35]  (0.427 ns)

 <State 2>: 2.456ns
The critical path consists of the following:
	fifo read operation ('v', gray_kernel.cpp:26) on port 'stream_in' (gray_kernel.cpp:26) [19]  (1.460 ns)
	'mul' operation 15 bit of DSP[30] ('mul_ln31_2', gray_kernel.cpp:31) [28]  (0.996 ns)

 <State 3>: 0.996ns
The critical path consists of the following:
	'mul' operation 18 bit of DSP[32] ('mul_ln31_1', gray_kernel.cpp:31) [26]  (0.996 ns)

 <State 4>: 2.755ns
The critical path consists of the following:
	'mul' operation 17 bit ('mul_ln31', gray_kernel.cpp:31) [24]  (2.110 ns)
	'add' operation 17 bit of DSP[30] ('add_ln31', gray_kernel.cpp:31) [30]  (0.645 ns)

 <State 5>: 1.290ns
The critical path consists of the following:
	'add' operation 17 bit of DSP[30] ('add_ln31', gray_kernel.cpp:31) [30]  (0.645 ns)
	'add' operation 18 bit of DSP[32] ('add_ln31_1', gray_kernel.cpp:31) [32]  (0.645 ns)

 <State 6>: 2.105ns
The critical path consists of the following:
	'add' operation 18 bit of DSP[32] ('add_ln31_1', gray_kernel.cpp:31) [32]  (0.645 ns)
	fifo write operation ('write_ln32', gray_kernel.cpp:32) on port 'stream_out' (gray_kernel.cpp:32) [34]  (1.460 ns)


============================================================
+ Verbose Summary: Binding
============================================================
N/A
* FSMD analyzer results:
  - Output states:
 - Input state : 
  - Chain level:
	State 1
	State 2
	State 3
	State 4
	State 5
	State 6


============================================================
+ Verbose Summary: Datapath Resource usage 
============================================================
N/A
