

================================================================
== Vitis HLS Report for 'read_stage'
================================================================
* Date:           Sun Jul 19 18:25:25 2026

* Version:        2024.1 (Build 5069499 on May 21 2024)
* Project:        gray_kernel_prj
* Solution:       solution1 (Vivado IP Flow Target)
* Product family: zynquplus
* Target device:  xck26-sfvc784-2LV-c


================================================================
== Performance Estimates
================================================================
+ Timing: 
    * Summary: 
    +--------+---------+----------+------------+
    |  Clock |  Target | Estimated| Uncertainty|
    +--------+---------+----------+------------+
    |ap_clk  |  4.00 ns|  2.920 ns|     1.08 ns|
    +--------+---------+----------+------------+

+ Latency: 
    * Summary: 
    +---------+---------+----------+----------+-----+-----+---------+
    |  Latency (cycles) |  Latency (absolute) |  Interval | Pipeline|
    |   min   |   max   |    min   |    max   | min | max |   Type  |
    +---------+---------+----------+----------+-----+-----+---------+
    |        ?|        ?|         ?|         ?|    ?|    ?|       no|
    +---------+---------+----------+----------+-----+-----+---------+

    + Detail: 
        * Instance: 
        +-----------------------------------------------+-------------------------------------+---------+---------+----------+----------+-----+-----+-----------------------------------------------+
        |                                               |                                     |  Latency (cycles) |  Latency (absolute) |  Interval |                    Pipeline                   |
        |                    Instance                   |                Module               |   min   |   max   |    min   |    max   | min | max |                      Type                     |
        +-----------------------------------------------+-------------------------------------+---------+---------+----------+----------+-----+-----+-----------------------------------------------+
        |grp_read_stage_Pipeline_VITIS_LOOP_15_1_fu_82  |read_stage_Pipeline_VITIS_LOOP_15_1  |        ?|        ?|         ?|         ?|    0|    0|  loop auto-rewind stp(delay=0 clock cycles(s))|
        +-----------------------------------------------+-------------------------------------+---------+---------+----------+----------+-----+-----+-----------------------------------------------+

        * Loop: 
        N/A

============================================================
+ Verbose Summary: Synthesis Manager
============================================================
InlineROM: 1
ExposeGlobal: 0
============================================================
+ Verbose Summary: CDFG Model
============================================================
IsTopModel: 0
ResetActiveHigh: 1
IsCombinational: 2
IsDatapathOnly: 0
HasWiredReturn: 1
HasMFsm: 0
HasVarLatency: 1
IsPipeline: 0
IsRtlPipelined: 0
IsInstanceOverlapped: 0
IsDontTouch: 0
HasImplIP: 0
IsGatedGlobalClock: 0


============================================================
+ Verbose Summary: Schedule
============================================================
* Number of FSM states : 11
* Pipeline : 0
* Dataflow Pipeline: 0

* FSM state transitions: 
1 --> 2 
2 --> 3 
3 --> 4 
4 --> 5 
5 --> 6 
6 --> 7 
7 --> 8 
8 --> 9 
9 --> 10 
10 --> 11 
11 --> 

* FSM state operations: 

State 1 <SV = 0> <Delay = 1.46>
ST_1 : Operation 12 [1/1] (0.00ns)   --->   "%num_pixels_read = read i32 @_ssdm_op_Read.ap_auto.i32, i32 %num_pixels"   --->   Operation 12 'read' 'num_pixels_read' <Predicate = true> <Delay = 0.00>
ST_1 : Operation 13 [1/1] (1.46ns)   --->   "%write_ln0 = write void @_ssdm_op_Write.ap_fifo.i32P0A, i32 %num_pixels_c1, i32 %num_pixels_read"   --->   Operation 13 'write' 'write_ln0' <Predicate = true> <Delay = 1.46> <CoreInst = "FIFO_SRL">   --->   Core 80 'FIFO_SRL' <Latency = 0> <II = 1> <Delay = 1.83> <Storage> <Opcode : 'read' 'write' 'nbread' 'nbwrite'> <Ports = 0> <Width = 32> <Depth = 2> <FIFO>
ST_1 : Operation 14 [1/1] (1.01ns)   --->   "%icmp_ln15 = icmp_sgt  i32 %num_pixels_read, i32 0" [gray_kernel.cpp:15]   --->   Operation 14 'icmp' 'icmp_ln15' <Predicate = true> <Delay = 1.01> <CoreInst = "Cmp">   --->   Core 9 'Cmp' <Latency = 0> <II = 1> <Delay = 1.01> <FuncUnit> <Opcode : 'seteq' 'setne' 'setle' 'setge' 'setlt' 'setgt'> <InPorts = 2> <OutPorts = 1>
ST_1 : Operation 15 [1/1] (0.00ns)   --->   "%zext_ln15 = zext i32 %num_pixels_read" [gray_kernel.cpp:15]   --->   Operation 15 'zext' 'zext_ln15' <Predicate = true> <Delay = 0.00>
ST_1 : Operation 16 [1/1] (0.00ns)   --->   "%trunc_ln15 = trunc i32 %num_pixels_read" [gray_kernel.cpp:15]   --->   Operation 16 'trunc' 'trunc_ln15' <Predicate = true> <Delay = 0.00>
ST_1 : Operation 17 [1/1] (0.00ns)   --->   "%p_shl = bitconcatenate i33 @_ssdm_op_BitConcatenate.i33.i31.i2, i31 %trunc_ln15, i2 0" [gray_kernel.cpp:15]   --->   Operation 17 'bitconcatenate' 'p_shl' <Predicate = true> <Delay = 0.00>
ST_1 : Operation 18 [1/1] (1.01ns)   --->   "%sub_ln15 = sub i33 %p_shl, i33 %zext_ln15" [gray_kernel.cpp:15]   --->   Operation 18 'sub' 'sub_ln15' <Predicate = true> <Delay = 1.01> <CoreInst = "Adder">   --->   Core 1 'Adder' <Latency = 0> <II = 1> <Delay = 1.01> <FuncUnit> <Opcode : 'add' 'sub'> <InPorts = 2> <OutPorts = 1>
ST_1 : Operation 19 [1/1] (0.43ns)   --->   "%empty = select i1 %icmp_ln15, i33 %sub_ln15, i33 0" [gray_kernel.cpp:15]   --->   Operation 19 'select' 'empty' <Predicate = true> <Delay = 0.43> <CoreInst = "Sel">   --->   Core 73 'Sel' <Latency = 0> <II = 1> <Delay = 0.43> <FuncUnit> <Opcode : 'select'> <InPorts = 3> <OutPorts = 1>

State 2 <SV = 1> <Delay = 2.92>
ST_2 : Operation 20 [1/1] (0.00ns)   --->   "%in_read = read i64 @_ssdm_op_Read.ap_auto.i64, i64 %in_r"   --->   Operation 20 'read' 'in_read' <Predicate = true> <Delay = 0.00>
ST_2 : Operation 21 [1/1] (0.00ns)   --->   "%gmem_addr = getelementptr i8 %gmem, i64 %in_read" [gray_kernel.cpp:15]   --->   Operation 21 'getelementptr' 'gmem_addr' <Predicate = true> <Delay = 0.00>
ST_2 : Operation 22 [1/1] (0.00ns)   --->   "%zext_ln15_1 = zext i33 %empty" [gray_kernel.cpp:15]   --->   Operation 22 'zext' 'zext_ln15_1' <Predicate = true> <Delay = 0.00>
ST_2 : Operation 23 [8/8] (2.92ns)   --->   "%empty_30 = readreq i1 @_ssdm_op_ReadReq.m_axi.p1i8, i8 %gmem_addr, i64 %zext_ln15_1" [gray_kernel.cpp:15]   --->   Operation 23 'readreq' 'empty_30' <Predicate = true> <Delay = 2.92> <CoreInst = "m_axi">   --->   Core 119 'm_axi' <Latency = 0> <II = 1> <Delay = 1.00> <Adapter> <Opcode : 'read' 'write' 'readreq' 'writereq' 'writeresp'>

State 3 <SV = 2> <Delay = 2.92>
ST_3 : Operation 24 [7/8] (2.92ns)   --->   "%empty_30 = readreq i1 @_ssdm_op_ReadReq.m_axi.p1i8, i8 %gmem_addr, i64 %zext_ln15_1" [gray_kernel.cpp:15]   --->   Operation 24 'readreq' 'empty_30' <Predicate = true> <Delay = 2.92> <CoreInst = "m_axi">   --->   Core 119 'm_axi' <Latency = 0> <II = 1> <Delay = 1.00> <Adapter> <Opcode : 'read' 'write' 'readreq' 'writereq' 'writeresp'>

State 4 <SV = 3> <Delay = 2.92>
ST_4 : Operation 25 [6/8] (2.92ns)   --->   "%empty_30 = readreq i1 @_ssdm_op_ReadReq.m_axi.p1i8, i8 %gmem_addr, i64 %zext_ln15_1" [gray_kernel.cpp:15]   --->   Operation 25 'readreq' 'empty_30' <Predicate = true> <Delay = 2.92> <CoreInst = "m_axi">   --->   Core 119 'm_axi' <Latency = 0> <II = 1> <Delay = 1.00> <Adapter> <Opcode : 'read' 'write' 'readreq' 'writereq' 'writeresp'>

State 5 <SV = 4> <Delay = 2.92>
ST_5 : Operation 26 [5/8] (2.92ns)   --->   "%empty_30 = readreq i1 @_ssdm_op_ReadReq.m_axi.p1i8, i8 %gmem_addr, i64 %zext_ln15_1" [gray_kernel.cpp:15]   --->   Operation 26 'readreq' 'empty_30' <Predicate = true> <Delay = 2.92> <CoreInst = "m_axi">   --->   Core 119 'm_axi' <Latency = 0> <II = 1> <Delay = 1.00> <Adapter> <Opcode : 'read' 'write' 'readreq' 'writereq' 'writeresp'>

State 6 <SV = 5> <Delay = 2.92>
ST_6 : Operation 27 [4/8] (2.92ns)   --->   "%empty_30 = readreq i1 @_ssdm_op_ReadReq.m_axi.p1i8, i8 %gmem_addr, i64 %zext_ln15_1" [gray_kernel.cpp:15]   --->   Operation 27 'readreq' 'empty_30' <Predicate = true> <Delay = 2.92> <CoreInst = "m_axi">   --->   Core 119 'm_axi' <Latency = 0> <II = 1> <Delay = 1.00> <Adapter> <Opcode : 'read' 'write' 'readreq' 'writereq' 'writeresp'>

State 7 <SV = 6> <Delay = 2.92>
ST_7 : Operation 28 [3/8] (2.92ns)   --->   "%empty_30 = readreq i1 @_ssdm_op_ReadReq.m_axi.p1i8, i8 %gmem_addr, i64 %zext_ln15_1" [gray_kernel.cpp:15]   --->   Operation 28 'readreq' 'empty_30' <Predicate = true> <Delay = 2.92> <CoreInst = "m_axi">   --->   Core 119 'm_axi' <Latency = 0> <II = 1> <Delay = 1.00> <Adapter> <Opcode : 'read' 'write' 'readreq' 'writereq' 'writeresp'>

State 8 <SV = 7> <Delay = 2.92>
ST_8 : Operation 29 [2/8] (2.92ns)   --->   "%empty_30 = readreq i1 @_ssdm_op_ReadReq.m_axi.p1i8, i8 %gmem_addr, i64 %zext_ln15_1" [gray_kernel.cpp:15]   --->   Operation 29 'readreq' 'empty_30' <Predicate = true> <Delay = 2.92> <CoreInst = "m_axi">   --->   Core 119 'm_axi' <Latency = 0> <II = 1> <Delay = 1.00> <Adapter> <Opcode : 'read' 'write' 'readreq' 'writereq' 'writeresp'>

State 9 <SV = 8> <Delay = 2.92>
ST_9 : Operation 30 [1/8] (2.92ns)   --->   "%empty_30 = readreq i1 @_ssdm_op_ReadReq.m_axi.p1i8, i8 %gmem_addr, i64 %zext_ln15_1" [gray_kernel.cpp:15]   --->   Operation 30 'readreq' 'empty_30' <Predicate = true> <Delay = 2.92> <CoreInst = "m_axi">   --->   Core 119 'm_axi' <Latency = 0> <II = 1> <Delay = 1.00> <Adapter> <Opcode : 'read' 'write' 'readreq' 'writereq' 'writeresp'>

State 10 <SV = 9> <Delay = 1.44>
ST_10 : Operation 31 [1/1] (0.00ns)   --->   "%empty_31 = wait i32 @_ssdm_op_Wait"   --->   Operation 31 'wait' 'empty_31' <Predicate = true> <Delay = 0.00>
ST_10 : Operation 32 [2/2] (1.44ns)   --->   "%call_ln0 = call void @read_stage_Pipeline_VITIS_LOOP_15_1, i32 %num_pixels_read, i8 %gmem, i64 %in_read, i24 %stream_in"   --->   Operation 32 'call' 'call_ln0' <Predicate = true> <Delay = 1.44> <CoreType = "Generic">   --->   Core 0 '' <Latency = 0> <II = 1> <Delay = 1.00> <Generic> <Opcode : >

State 11 <SV = 10> <Delay = 0.00>
ST_11 : Operation 33 [1/1] (0.00ns)   --->   "%specinterface_ln0 = specinterface void @_ssdm_op_SpecInterface, i32 %num_pixels_c1, void @ap_fifo_str, i32 0, i32 0, void @p_str, i32 0, i32 0, void @p_str, void @p_str, void @p_str, i32 2, i32 2, i32 16, i32 16, void @p_str, void @ScalarProp_str, i32 4294967295, i32 0, i32 0"   --->   Operation 33 'specinterface' 'specinterface_ln0' <Predicate = true> <Delay = 0.00>
ST_11 : Operation 34 [1/1] (0.00ns)   --->   "%specinterface_ln0 = specinterface void @_ssdm_op_SpecInterface, i24 %stream_in, void @empty_6, i32 0, i32 0, void @empty_9, i32 0, i32 0, void @empty_9, void @empty_9, void @empty_9, i32 0, i32 0, i32 0, i32 0, void @empty_9, void @empty_9, i32 4294967295, i32 0, i32 0"   --->   Operation 34 'specinterface' 'specinterface_ln0' <Predicate = true> <Delay = 0.00>
ST_11 : Operation 35 [1/1] (0.00ns)   --->   "%specinterface_ln0 = specinterface void @_ssdm_op_SpecInterface, i8 %gmem, void @empty_1, i32 0, i32 0, void @empty_9, i32 0, i32 6220800, void @empty_2, void @empty_10, void @empty_9, i32 16, i32 16, i32 16, i32 16, void @empty_9, void @empty_9, i32 4294967295, i32 0, i32 0"   --->   Operation 35 'specinterface' 'specinterface_ln0' <Predicate = true> <Delay = 0.00>
ST_11 : Operation 36 [1/2] (0.00ns)   --->   "%call_ln0 = call void @read_stage_Pipeline_VITIS_LOOP_15_1, i32 %num_pixels_read, i8 %gmem, i64 %in_read, i24 %stream_in"   --->   Operation 36 'call' 'call_ln0' <Predicate = true> <Delay = 0.00> <CoreType = "Generic">   --->   Core 0 '' <Latency = 0> <II = 1> <Delay = 1.00> <Generic> <Opcode : >
ST_11 : Operation 37 [1/1] (0.00ns)   --->   "%ret_ln20 = ret" [gray_kernel.cpp:20]   --->   Operation 37 'ret' 'ret_ln20' <Predicate = true> <Delay = 0.00>


============================================================
+ Verbose Summary: Binding
============================================================
STG Binding: 
---------------- STG Properties BEGIN ----------------
- Is combinational: 0
- Is one-state seq: 0
- Is datapath-only: 0
- Is pipelined: 0
- Is top level: 0
Port [ Return ] is wired: 1; IO mode=ap_ctrl_hs:ce=0
Port [ gmem]:  wired=1; compound=1; hidden=0; nouse=0; global=0; static=0; extern=0; dir=0; type=4; pingpong=0; private_global=0; IO mode=m_axi:ce=0
Port [ in_r]:  wired=1; compound=0; hidden=0; nouse=0; global=0; static=0; extern=0; dir=0; type=0; pingpong=0; private_global=0; IO mode=ap_none:ce=0
Port [ stream_in]:  wired=1; compound=1; hidden=0; nouse=0; global=0; static=0; extern=0; dir=1; type=3; pingpong=0; private_global=0; IO mode=ap_fifo:ce=0
Port [ num_pixels]:  wired=1; compound=0; hidden=0; nouse=0; global=0; static=0; extern=0; dir=0; type=0; pingpong=0; private_global=0; IO mode=ap_none:ce=0
Port [ num_pixels_c1]:  wired=1; compound=1; hidden=0; nouse=0; global=0; static=0; extern=0; dir=1; type=3; pingpong=0; private_global=0; IO mode=ap_fifo:ce=0
---------------- STG Properties END ------------------

---------------- Datapath Model BEGIN ----------------

<LifeTime>
<method=bitvector/>
num_pixels_read   (read          ) [ 001111111111]
write_ln0         (write         ) [ 000000000000]
icmp_ln15         (icmp          ) [ 000000000000]
zext_ln15         (zext          ) [ 000000000000]
trunc_ln15        (trunc         ) [ 000000000000]
p_shl             (bitconcatenate) [ 000000000000]
sub_ln15          (sub           ) [ 000000000000]
empty             (select        ) [ 001000000000]
in_read           (read          ) [ 000111111111]
gmem_addr         (getelementptr ) [ 000111111100]
zext_ln15_1       (zext          ) [ 000111111100]
empty_30          (readreq       ) [ 000000000000]
empty_31          (wait          ) [ 000000000000]
specinterface_ln0 (specinterface ) [ 000000000000]
specinterface_ln0 (specinterface ) [ 000000000000]
specinterface_ln0 (specinterface ) [ 000000000000]
call_ln0          (call          ) [ 000000000000]
ret_ln20          (ret           ) [ 000000000000]
</LifeTime>

<model>

<comp_list>
<comp id="0" class="1000" name="gmem">
<pin_list>
<pin id="1" dir="1" index="0" bw="1" slack="0"/>
</pin_list>
<bind>
<StgValue><ssdm name="gmem"/></StgValue>
</bind>
</comp>

<comp id="2" class="1000" name="in_r">
<pin_list>
<pin id="3" dir="1" index="0" bw="1" slack="0"/>
</pin_list>
<bind>
<StgValue><ssdm name="in_r"/></StgValue>
</bind>
</comp>

<comp id="4" class="1000" name="stream_in">
<pin_list>
<pin id="5" dir="1" index="0" bw="1" slack="0"/>
</pin_list>
<bind>
<StgValue><ssdm name="stream_in"/></StgValue>
</bind>
</comp>

<comp id="6" class="1000" name="num_pixels">
<pin_list>
<pin id="7" dir="1" index="0" bw="1" slack="0"/>
</pin_list>
<bind>
<StgValue><ssdm name="num_pixels"/></StgValue>
</bind>
</comp>

<comp id="8" class="1000" name="num_pixels_c1">
<pin_list>
<pin id="9" dir="1" index="0" bw="1" slack="0"/>
</pin_list>
<bind>
<StgValue><ssdm name="num_pixels_c1"/></StgValue>
</bind>
</comp>

<comp id="10" class="1001" name="const_10">
<pin_list>
<pin id="11" dir="1" index="0" bw="1" slack="0"/>
</pin_list>
<bind>
<StgValue><ssdm name="_ssdm_op_Read.ap_auto.i32"/></StgValue>
</bind>
</comp>

<comp id="12" class="1001" name="const_12">
<pin_list>
<pin id="13" dir="1" index="0" bw="1" slack="0"/>
</pin_list>
<bind>
<StgValue><ssdm name="_ssdm_op_Write.ap_fifo.i32P0A"/></StgValue>
</bind>
</comp>

<comp id="14" class="1001" name="const_14">
<pin_list>
<pin id="15" dir="1" index="0" bw="1" slack="0"/>
</pin_list>
<bind>
<StgValue><ssdm name=""/></StgValue>
</bind>
</comp>

<comp id="16" class="1001" name="const_16">
<pin_list>
<pin id="17" dir="1" index="0" bw="1" slack="0"/>
</pin_list>
<bind>
<StgValue><ssdm name="_ssdm_op_BitConcatenate.i33.i31.i2"/></StgValue>
</bind>
</comp>

<comp id="18" class="1001" name="const_18">
<pin_list>
<pin id="19" dir="1" index="0" bw="1" slack="0"/>
</pin_list>
<bind>
<StgValue><ssdm name=""/></StgValue>
</bind>
</comp>

<comp id="20" class="1001" name="const_20">
<pin_list>
<pin id="21" dir="1" index="0" bw="1" slack="0"/>
</pin_list>
<bind>
<StgValue><ssdm name=""/></StgValue>
</bind>
</comp>

<comp id="22" class="1001" name="const_22">
<pin_list>
<pin id="23" dir="1" index="0" bw="1" slack="0"/>
</pin_list>
<bind>
<StgValue><ssdm name="_ssdm_op_Read.ap_auto.i64"/></StgValue>
</bind>
</comp>

<comp id="24" class="1001" name="const_24">
<pin_list>
<pin id="25" dir="1" index="0" bw="1" slack="0"/>
</pin_list>
<bind>
<StgValue><ssdm name="_ssdm_op_ReadReq.m_axi.p1i8"/></StgValue>
</bind>
</comp>

<comp id="26" class="1001" name="const_26">
<pin_list>
<pin id="27" dir="1" index="0" bw="1" slack="2147483647"/>
</pin_list>
<bind>
<StgValue><ssdm name="_ssdm_op_Wait"/></StgValue>
</bind>
</comp>

<comp id="28" class="1001" name="const_28">
<pin_list>
<pin id="29" dir="1" index="0" bw="1" slack="0"/>
</pin_list>
<bind>
<StgValue><ssdm name="read_stage_Pipeline_VITIS_LOOP_15_1"/></StgValue>
</bind>
</comp>

<comp id="30" class="1001" name="const_30">
<pin_list>
<pin id="31" dir="1" index="0" bw="1" slack="2147483647"/>
</pin_list>
<bind>
<StgValue><ssdm name="_ssdm_op_SpecInterface"/></StgValue>
</bind>
</comp>

<comp id="32" class="1001" name="const_32">
<pin_list>
<pin id="33" dir="1" index="0" bw="1" slack="2147483647"/>
</pin_list>
<bind>
<StgValue><ssdm name="ap_fifo_str"/></StgValue>
</bind>
</comp>

<comp id="34" class="1001" name="const_34">
<pin_list>
<pin id="35" dir="1" index="0" bw="1" slack="2147483647"/>
</pin_list>
<bind>
<StgValue><ssdm name="p_str"/></StgValue>
</bind>
</comp>

<comp id="36" class="1001" name="const_36">
<pin_list>
<pin id="37" dir="1" index="0" bw="1" slack="2147483647"/>
</pin_list>
<bind>
<StgValue><ssdm name=""/></StgValue>
</bind>
</comp>

<comp id="38" class="1001" name="const_38">
<pin_list>
<pin id="39" dir="1" index="0" bw="1" slack="2147483647"/>
</pin_list>
<bind>
<StgValue><ssdm name=""/></StgValue>
</bind>
</comp>

<comp id="40" class="1001" name="const_40">
<pin_list>
<pin id="41" dir="1" index="0" bw="1" slack="2147483647"/>
</pin_list>
<bind>
<StgValue><ssdm name="ScalarProp_str"/></StgValue>
</bind>
</comp>

<comp id="42" class="1001" name="const_42">
<pin_list>
<pin id="43" dir="1" index="0" bw="1" slack="2147483647"/>
</pin_list>
<bind>
<StgValue><ssdm name=""/></StgValue>
</bind>
</comp>

<comp id="44" class="1001" name="const_44">
<pin_list>
<pin id="45" dir="1" index="0" bw="1" slack="2147483647"/>
</pin_list>
<bind>
<StgValue><ssdm name="empty_6"/></StgValue>
</bind>
</comp>

<comp id="46" class="1001" name="const_46">
<pin_list>
<pin id="47" dir="1" index="0" bw="1" slack="2147483647"/>
</pin_list>
<bind>
<StgValue><ssdm name="empty_9"/></StgValue>
</bind>
</comp>

<comp id="48" class="1001" name="const_48">
<pin_list>
<pin id="49" dir="1" index="0" bw="1" slack="2147483647"/>
</pin_list>
<bind>
<StgValue><ssdm name="empty_1"/></StgValue>
</bind>
</comp>

<comp id="50" class="1001" name="const_50">
<pin_list>
<pin id="51" dir="1" index="0" bw="1" slack="2147483647"/>
</pin_list>
<bind>
<StgValue><ssdm name=""/></StgValue>
</bind>
</comp>

<comp id="52" class="1001" name="const_52">
<pin_list>
<pin id="53" dir="1" index="0" bw="1" slack="2147483647"/>
</pin_list>
<bind>
<StgValue><ssdm name="empty_2"/></StgValue>
</bind>
</comp>

<comp id="54" class="1001" name="const_54">
<pin_list>
<pin id="55" dir="1" index="0" bw="1" slack="2147483647"/>
</pin_list>
<bind>
<StgValue><ssdm name="empty_10"/></StgValue>
</bind>
</comp>

<comp id="56" class="1004" name="num_pixels_read_read_fu_56">
<pin_list>
<pin id="57" dir="0" index="0" bw="32" slack="0"/>
<pin id="58" dir="0" index="1" bw="32" slack="0"/>
<pin id="59" dir="1" index="2" bw="32" slack="0"/>
</pin_list>
<bind>
<opcode="read(1150) " fcode="read"/>
<opset="num_pixels_read/1 "/>
</bind>
</comp>

<comp id="62" class="1004" name="write_ln0_write_fu_62">
<pin_list>
<pin id="63" dir="0" index="0" bw="0" slack="0"/>
<pin id="64" dir="0" index="1" bw="32" slack="0"/>
<pin id="65" dir="0" index="2" bw="32" slack="0"/>
<pin id="66" dir="1" index="3" bw="0" slack="2147483647"/>
</pin_list>
<bind>
<opcode="write(1151) " fcode="write"/>
<opset="write_ln0/1 "/>
</bind>
</comp>

<comp id="70" class="1004" name="in_read_read_fu_70">
<pin_list>
<pin id="71" dir="0" index="0" bw="64" slack="0"/>
<pin id="72" dir="0" index="1" bw="64" slack="0"/>
<pin id="73" dir="1" index="2" bw="64" slack="0"/>
</pin_list>
<bind>
<opcode="read(1150) " fcode="read"/>
<opset="in_read/2 "/>
</bind>
</comp>

<comp id="76" class="1004" name="grp_readreq_fu_76">
<pin_list>
<pin id="77" dir="0" index="0" bw="1" slack="0"/>
<pin id="78" dir="0" index="1" bw="8" slack="0"/>
<pin id="79" dir="0" index="2" bw="33" slack="0"/>
<pin id="80" dir="1" index="3" bw="1" slack="2147483647"/>
</pin_list>
<bind>
<opcode="readreq(1154) " fcode="readreq"/>
<opset="empty_30/2 "/>
</bind>
</comp>

<comp id="82" class="1004" name="grp_read_stage_Pipeline_VITIS_LOOP_15_1_fu_82">
<pin_list>
<pin id="83" dir="0" index="0" bw="0" slack="0"/>
<pin id="84" dir="0" index="1" bw="32" slack="9"/>
<pin id="85" dir="0" index="2" bw="8" slack="0"/>
<pin id="86" dir="0" index="3" bw="64" slack="8"/>
<pin id="87" dir="0" index="4" bw="24" slack="0"/>
<pin id="88" dir="1" index="5" bw="0" slack="2147483647"/>
</pin_list>
<bind>
<opcode="call(48) " fcode="call"/>
<opset="call_ln0/10 "/>
</bind>
</comp>

<comp id="92" class="1004" name="icmp_ln15_fu_92">
<pin_list>
<pin id="93" dir="0" index="0" bw="32" slack="0"/>
<pin id="94" dir="0" index="1" bw="1" slack="0"/>
<pin id="95" dir="1" index="2" bw="1" slack="0"/>
</pin_list>
<bind>
<opcode="icmp(45) " fcode="icmp"/>
<opset="icmp_ln15/1 "/>
</bind>
</comp>

<comp id="98" class="1004" name="zext_ln15_fu_98">
<pin_list>
<pin id="99" dir="0" index="0" bw="32" slack="0"/>
<pin id="100" dir="1" index="1" bw="33" slack="0"/>
</pin_list>
<bind>
<opcode="zext(34) " fcode="zext"/>
<opset="zext_ln15/1 "/>
</bind>
</comp>

<comp id="102" class="1004" name="trunc_ln15_fu_102">
<pin_list>
<pin id="103" dir="0" index="0" bw="32" slack="0"/>
<pin id="104" dir="1" index="1" bw="31" slack="0"/>
</pin_list>
<bind>
<opcode="trunc(33) " fcode="trunc"/>
<opset="trunc_ln15/1 "/>
</bind>
</comp>

<comp id="106" class="1004" name="p_shl_fu_106">
<pin_list>
<pin id="107" dir="0" index="0" bw="33" slack="0"/>
<pin id="108" dir="0" index="1" bw="31" slack="0"/>
<pin id="109" dir="0" index="2" bw="1" slack="0"/>
<pin id="110" dir="1" index="3" bw="33" slack="0"/>
</pin_list>
<bind>
<opcode="bitconcatenate(1004) " fcode="bitconcatenate"/>
<opset="p_shl/1 "/>
</bind>
</comp>

<comp id="114" class="1004" name="sub_ln15_fu_114">
<pin_list>
<pin id="115" dir="0" index="0" bw="33" slack="0"/>
<pin id="116" dir="0" index="1" bw="32" slack="0"/>
<pin id="117" dir="1" index="2" bw="33" slack="0"/>
</pin_list>
<bind>
<opcode="sub(10) " fcode="sub"/>
<opset="sub_ln15/1 "/>
</bind>
</comp>

<comp id="120" class="1004" name="empty_fu_120">
<pin_list>
<pin id="121" dir="0" index="0" bw="1" slack="0"/>
<pin id="122" dir="0" index="1" bw="33" slack="0"/>
<pin id="123" dir="0" index="2" bw="1" slack="0"/>
<pin id="124" dir="1" index="3" bw="33" slack="1"/>
</pin_list>
<bind>
<opcode="select(49) " fcode="select"/>
<opset="empty/1 "/>
</bind>
</comp>

<comp id="128" class="1004" name="gmem_addr_fu_128">
<pin_list>
<pin id="129" dir="0" index="0" bw="8" slack="0"/>
<pin id="130" dir="0" index="1" bw="64" slack="0"/>
<pin id="131" dir="1" index="2" bw="8" slack="0"/>
</pin_list>
<bind>
<opcode="getelementptr(29) " fcode="getelementptr"/>
<opset="gmem_addr/2 "/>
</bind>
</comp>

<comp id="135" class="1004" name="zext_ln15_1_fu_135">
<pin_list>
<pin id="136" dir="0" index="0" bw="33" slack="1"/>
<pin id="137" dir="1" index="1" bw="64" slack="0"/>
</pin_list>
<bind>
<opcode="zext(34) " fcode="zext"/>
<opset="zext_ln15_1/2 "/>
</bind>
</comp>

<comp id="139" class="1005" name="num_pixels_read_reg_139">
<pin_list>
<pin id="140" dir="0" index="0" bw="32" slack="9"/>
<pin id="141" dir="1" index="1" bw="32" slack="9"/>
</pin_list>
<bind>
<opset="num_pixels_read "/>
</bind>
</comp>

<comp id="144" class="1005" name="empty_reg_144">
<pin_list>
<pin id="145" dir="0" index="0" bw="33" slack="1"/>
<pin id="146" dir="1" index="1" bw="33" slack="1"/>
</pin_list>
<bind>
<opset="empty "/>
</bind>
</comp>

<comp id="149" class="1005" name="in_read_reg_149">
<pin_list>
<pin id="150" dir="0" index="0" bw="64" slack="8"/>
<pin id="151" dir="1" index="1" bw="64" slack="8"/>
</pin_list>
<bind>
<opset="in_read "/>
</bind>
</comp>

<comp id="154" class="1005" name="gmem_addr_reg_154">
<pin_list>
<pin id="155" dir="0" index="0" bw="8" slack="1"/>
<pin id="156" dir="1" index="1" bw="8" slack="1"/>
</pin_list>
<bind>
<opset="gmem_addr "/>
</bind>
</comp>

<comp id="159" class="1005" name="zext_ln15_1_reg_159">
<pin_list>
<pin id="160" dir="0" index="0" bw="64" slack="1"/>
<pin id="161" dir="1" index="1" bw="64" slack="1"/>
</pin_list>
<bind>
<opset="zext_ln15_1 "/>
</bind>
</comp>

</comp_list>

<net_list>
<net id="60"><net_src comp="10" pin="0"/><net_sink comp="56" pin=0"/></net>

<net id="61"><net_src comp="6" pin="0"/><net_sink comp="56" pin=1"/></net>

<net id="67"><net_src comp="12" pin="0"/><net_sink comp="62" pin=0"/></net>

<net id="68"><net_src comp="8" pin="0"/><net_sink comp="62" pin=1"/></net>

<net id="69"><net_src comp="56" pin="2"/><net_sink comp="62" pin=2"/></net>

<net id="74"><net_src comp="22" pin="0"/><net_sink comp="70" pin=0"/></net>

<net id="75"><net_src comp="2" pin="0"/><net_sink comp="70" pin=1"/></net>

<net id="81"><net_src comp="24" pin="0"/><net_sink comp="76" pin=0"/></net>

<net id="89"><net_src comp="28" pin="0"/><net_sink comp="82" pin=0"/></net>

<net id="90"><net_src comp="0" pin="0"/><net_sink comp="82" pin=2"/></net>

<net id="91"><net_src comp="4" pin="0"/><net_sink comp="82" pin=4"/></net>

<net id="96"><net_src comp="56" pin="2"/><net_sink comp="92" pin=0"/></net>

<net id="97"><net_src comp="14" pin="0"/><net_sink comp="92" pin=1"/></net>

<net id="101"><net_src comp="56" pin="2"/><net_sink comp="98" pin=0"/></net>

<net id="105"><net_src comp="56" pin="2"/><net_sink comp="102" pin=0"/></net>

<net id="111"><net_src comp="16" pin="0"/><net_sink comp="106" pin=0"/></net>

<net id="112"><net_src comp="102" pin="1"/><net_sink comp="106" pin=1"/></net>

<net id="113"><net_src comp="18" pin="0"/><net_sink comp="106" pin=2"/></net>

<net id="118"><net_src comp="106" pin="3"/><net_sink comp="114" pin=0"/></net>

<net id="119"><net_src comp="98" pin="1"/><net_sink comp="114" pin=1"/></net>

<net id="125"><net_src comp="92" pin="2"/><net_sink comp="120" pin=0"/></net>

<net id="126"><net_src comp="114" pin="2"/><net_sink comp="120" pin=1"/></net>

<net id="127"><net_src comp="20" pin="0"/><net_sink comp="120" pin=2"/></net>

<net id="132"><net_src comp="0" pin="0"/><net_sink comp="128" pin=0"/></net>

<net id="133"><net_src comp="70" pin="2"/><net_sink comp="128" pin=1"/></net>

<net id="134"><net_src comp="128" pin="2"/><net_sink comp="76" pin=1"/></net>

<net id="138"><net_src comp="135" pin="1"/><net_sink comp="76" pin=2"/></net>

<net id="142"><net_src comp="56" pin="2"/><net_sink comp="139" pin=0"/></net>

<net id="143"><net_src comp="139" pin="1"/><net_sink comp="82" pin=1"/></net>

<net id="147"><net_src comp="120" pin="3"/><net_sink comp="144" pin=0"/></net>

<net id="148"><net_src comp="144" pin="1"/><net_sink comp="135" pin=0"/></net>

<net id="152"><net_src comp="70" pin="2"/><net_sink comp="149" pin=0"/></net>

<net id="153"><net_src comp="149" pin="1"/><net_sink comp="82" pin=3"/></net>

<net id="157"><net_src comp="128" pin="2"/><net_sink comp="154" pin=0"/></net>

<net id="158"><net_src comp="154" pin="1"/><net_sink comp="76" pin=1"/></net>

<net id="162"><net_src comp="135" pin="1"/><net_sink comp="159" pin=0"/></net>

<net id="163"><net_src comp="159" pin="1"/><net_sink comp="76" pin=2"/></net>

</net_list>

</model> 
---------------- Datapath Model END ------------------

* FSMD analyzer results:
  - Output states:
	Port: stream_in | {10 11 }
	Port: num_pixels_c1 | {1 }
 - Input state : 
	Port: read_stage : gmem | {2 3 4 5 6 7 8 9 10 11 }
	Port: read_stage : in_r | {2 }
	Port: read_stage : num_pixels | {1 }
  - Chain level:
	State 1
		p_shl : 1
		sub_ln15 : 2
		empty : 3
	State 2
		empty_30 : 1
	State 3
	State 4
	State 5
	State 6
	State 7
	State 8
	State 9
	State 10
	State 11


============================================================
+ Verbose Summary: Datapath Resource usage 
============================================================

* Functional unit list:
|----------|-----------------------------------------------|---------|---------|
| Operation|                Functional Unit                |    FF   |   LUT   |
|----------|-----------------------------------------------|---------|---------|
|   call   | grp_read_stage_Pipeline_VITIS_LOOP_15_1_fu_82 |    64   |    77   |
|----------|-----------------------------------------------|---------|---------|
|    sub   |                sub_ln15_fu_114                |    0    |    40   |
|----------|-----------------------------------------------|---------|---------|
|   icmp   |                icmp_ln15_fu_92                |    0    |    39   |
|----------|-----------------------------------------------|---------|---------|
|  select  |                  empty_fu_120                 |    0    |    32   |
|----------|-----------------------------------------------|---------|---------|
|   read   |           num_pixels_read_read_fu_56          |    0    |    0    |
|          |               in_read_read_fu_70              |    0    |    0    |
|----------|-----------------------------------------------|---------|---------|
|   write  |             write_ln0_write_fu_62             |    0    |    0    |
|----------|-----------------------------------------------|---------|---------|
|  readreq |               grp_readreq_fu_76               |    0    |    0    |
|----------|-----------------------------------------------|---------|---------|
|   zext   |                zext_ln15_fu_98                |    0    |    0    |
|          |               zext_ln15_1_fu_135              |    0    |    0    |
|----------|-----------------------------------------------|---------|---------|
|   trunc  |               trunc_ln15_fu_102               |    0    |    0    |
|----------|-----------------------------------------------|---------|---------|
|bitconcatenate|                  p_shl_fu_106                 |    0    |    0    |
|----------|-----------------------------------------------|---------|---------|
|   Total  |                                               |    64   |   188   |
|----------|-----------------------------------------------|---------|---------|

Memories:
N/A

* Register list:
+-----------------------+--------+
|                       |   FF   |
+-----------------------+--------+
|     empty_reg_144     |   33   |
|   gmem_addr_reg_154   |    8   |
|    in_read_reg_149    |   64   |
|num_pixels_read_reg_139|   32   |
|  zext_ln15_1_reg_159  |   64   |
+-----------------------+--------+
|         Total         |   201  |
+-----------------------+--------+

* Multiplexer (MUX) list: 
|-------------------|------|------|------|--------||---------||---------||---------|
|        Comp       |  Pin | Size |  BW  | S x BW ||  Delay  ||    FF   ||   LUT   |
|-------------------|------|------|------|--------||---------||---------||---------|
| grp_readreq_fu_76 |  p1  |   2  |   8  |   16   ||    0    ||    9    |
| grp_readreq_fu_76 |  p2  |   2  |  33  |   66   ||    0    ||    9    |
|-------------------|------|------|------|--------||---------||---------||---------|
|       Total       |      |      |      |   82   ||  0.854  ||    0    ||    18   |
|-------------------|------|------|------|--------||---------||---------||---------|



* Summary:
+-----------+--------+--------+--------+
|           |  Delay |   FF   |   LUT  |
+-----------+--------+--------+--------+
|  Function |    -   |   64   |   188  |
|   Memory  |    -   |    -   |    -   |
|Multiplexer|    0   |    0   |   18   |
|  Register |    -   |   201  |    -   |
+-----------+--------+--------+--------+
|   Total   |    0   |   265  |   206  |
+-----------+--------+--------+--------+
