

================================================================
== Vitis HLS Report for 'read_stage_Pipeline_VITIS_LOOP_15_1'
================================================================
* Date:           Sun Jul 19 18:25:24 2026

* Version:        2024.1 (Build 5069499 on May 21 2024)
* Project:        gray_kernel_prj
* Solution:       solution1 (Vivado IP Flow Target)
* Product family: zynquplus
* Target device:  xck26-sfvc784-2LV-c


================================================================
== Performance Estimates
================================================================
+ Timing: 
    * Summary: 
    +--------+---------+----------+------------+
    |  Clock |  Target | Estimated| Uncertainty|
    +--------+---------+----------+------------+
    |ap_clk  |  4.00 ns|  2.920 ns|     1.08 ns|
    +--------+---------+----------+------------+

+ Latency: 
    * Summary: 
    +---------+---------+----------+----------+-----+-----+-----------------------------------------------+
    |  Latency (cycles) |  Latency (absolute) |  Interval |                    Pipeline                   |
    |   min   |   max   |    min   |    max   | min | max |                      Type                     |
    +---------+---------+----------+----------+-----+-----+-----------------------------------------------+
    |        ?|        ?|         ?|         ?|    0|    0|  loop auto-rewind stp(delay=0 clock cycles(s))|
    +---------+---------+----------+----------+-----+-----+-----------------------------------------------+

    + Detail: 
        * Instance: 
        N/A

        * Loop: 
        +-------------------+---------+---------+----------+-----------+-----------+------+----------+
        |                   |  Latency (cycles) | Iteration|  Initiation Interval  | Trip |          |
        |     Loop Name     |   min   |   max   |  Latency |  achieved |   target  | Count| Pipelined|
        +-------------------+---------+---------+----------+-----------+-----------+------+----------+
        |- VITIS_LOOP_15_1  |        ?|        ?|         5|          3|          1|     ?|       yes|
        +-------------------+---------+---------+----------+-----------+-----------+------+----------+

============================================================
+ Verbose Summary: Synthesis Manager
============================================================
InlineROM: 1
ExposeGlobal: 0
============================================================
+ Verbose Summary: CDFG Model
============================================================
IsTopModel: 0
ResetActiveHigh: 1
IsCombinational: 0
IsDatapathOnly: 0
HasWiredReturn: 1
HasMFsm: 2
HasVarLatency: 1
IsPipeline: 0
IsRtlPipelined: 0
IsInstanceOverlapped: 0
IsDontTouch: 0
HasImplIP: 0
IsGatedGlobalClock: 0

+ Individual pipeline summary: 
  * Pipeline-0: initiation interval (II) = 3, depth = 5


============================================================
+ Verbose Summary: Schedule
============================================================
* Number of FSM states : 5
* Pipeline : 1
  Pipeline-0 : II = 3, D = 5, States = { 1 2 3 4 5 }
* Dataflow Pipeline: 0

* FSM state transitions: 
1 --> 2 
2 --> 3 
3 --> 4 
4 --> 5 
5 --> 

* FSM state operations: 

State 1 <SV = 0> <Delay = 1.87>
ST_1 : Operation 8 [1/1] (0.00ns)   --->   "%i = alloca i32 1"   --->   Operation 8 'alloca' 'i' <Predicate = true> <Delay = 0.00>
ST_1 : Operation 9 [1/1] (0.00ns)   --->   "%specinterface_ln0 = specinterface void @_ssdm_op_SpecInterface, i8 %gmem, void @empty_1, i32 0, i32 0, void @empty_9, i32 0, i32 6220800, void @empty_2, void @empty_10, void @empty_9, i32 16, i32 16, i32 16, i32 16, void @empty_9, void @empty_9, i32 4294967295, i32 0, i32 0"   --->   Operation 9 'specinterface' 'specinterface_ln0' <Predicate = true> <Delay = 0.00>
ST_1 : Operation 10 [1/1] (0.00ns)   --->   "%specinterface_ln0 = specinterface void @_ssdm_op_SpecInterface, i24 %stream_in, void @empty_6, i32 0, i32 0, void @empty_9, i32 0, i32 0, void @empty_9, void @empty_9, void @empty_9, i32 0, i32 0, i32 0, i32 0, void @empty_9, void @empty_9, i32 4294967295, i32 0, i32 0"   --->   Operation 10 'specinterface' 'specinterface_ln0' <Predicate = true> <Delay = 0.00>
ST_1 : Operation 11 [1/1] (0.00ns)   --->   "%in_read = read i64 @_ssdm_op_Read.ap_auto.i64, i64 %in_r" [gray_kernel.cpp:13]   --->   Operation 11 'read' 'in_read' <Predicate = true> <Delay = 0.00>
ST_1 : Operation 12 [1/1] (0.00ns)   --->   "%num_pixels_read = read i32 @_ssdm_op_Read.ap_auto.i32, i32 %num_pixels" [gray_kernel.cpp:13]   --->   Operation 12 'read' 'num_pixels_read' <Predicate = true> <Delay = 0.00>
ST_1 : Operation 13 [1/1] (0.42ns)   --->   "%store_ln0 = store i31 0, i31 %i"   --->   Operation 13 'store' 'store_ln0' <Predicate = true> <Delay = 0.42>
ST_1 : Operation 14 [1/1] (0.00ns)   --->   "%br_ln0 = br void %for.inc"   --->   Operation 14 'br' 'br_ln0' <Predicate = true> <Delay = 0.00>
ST_1 : Operation 15 [1/1] (0.00ns)   --->   "%i_load = load i31 %i" [gray_kernel.cpp:15]   --->   Operation 15 'load' 'i_load' <Predicate = true> <Delay = 0.00>
ST_1 : Operation 16 [1/1] (0.00ns)   --->   "%zext_ln15 = zext i31 %i_load" [gray_kernel.cpp:15]   --->   Operation 16 'zext' 'zext_ln15' <Predicate = true> <Delay = 0.00>
ST_1 : Operation 17 [1/1] (1.01ns)   --->   "%icmp_ln15 = icmp_slt  i32 %zext_ln15, i32 %num_pixels_read" [gray_kernel.cpp:15]   --->   Operation 17 'icmp' 'icmp_ln15' <Predicate = true> <Delay = 1.01> <CoreInst = "Cmp">   --->   Core 9 'Cmp' <Latency = 0> <II = 1> <Delay = 1.01> <FuncUnit> <Opcode : 'seteq' 'setne' 'setle' 'setge' 'setlt' 'setgt'> <InPorts = 2> <OutPorts = 1>
ST_1 : Operation 18 [1/1] (0.00ns)   --->   "%br_ln15 = br i1 %icmp_ln15, void %for.end.loopexit.exitStub, void %for.inc.split" [gray_kernel.cpp:15]   --->   Operation 18 'br' 'br_ln15' <Predicate = true> <Delay = 0.00>
ST_1 : Operation 19 [1/1] (0.00ns)   --->   "%gmem_addr = getelementptr i8 %gmem, i64 %in_read" [gray_kernel.cpp:15]   --->   Operation 19 'getelementptr' 'gmem_addr' <Predicate = (icmp_ln15)> <Delay = 0.00>
ST_1 : Operation 20 [1/1] (1.00ns)   --->   "%add_ln15 = add i31 %i_load, i31 1" [gray_kernel.cpp:15]   --->   Operation 20 'add' 'add_ln15' <Predicate = (icmp_ln15)> <Delay = 1.00> <CoreInst = "Adder">   --->   Core 1 'Adder' <Latency = 0> <II = 1> <Delay = 1.00> <FuncUnit> <Opcode : 'add' 'sub'> <InPorts = 2> <OutPorts = 1>
ST_1 : Operation 21 [1/1] (0.42ns)   --->   "%store_ln15 = store i31 %add_ln15, i31 %i" [gray_kernel.cpp:15]   --->   Operation 21 'store' 'store_ln15' <Predicate = (icmp_ln15)> <Delay = 0.42>

State 2 <SV = 1> <Delay = 2.92>
ST_2 : Operation 22 [1/1] (2.92ns)   --->   "%gmem_addr_read = read i8 @_ssdm_op_Read.m_axi.p1i8, i8 %gmem_addr" [gray_kernel.cpp:17]   --->   Operation 22 'read' 'gmem_addr_read' <Predicate = (icmp_ln15)> <Delay = 2.92> <CoreInst = "m_axi">   --->   Core 119 'm_axi' <Latency = 0> <II = 1> <Delay = 1.00> <Adapter> <Opcode : 'read' 'write' 'readreq' 'writereq' 'writeresp'>
ST_2 : Operation 30 [1/1] (0.42ns)   --->   "%ret_ln0 = ret"   --->   Operation 30 'ret' 'ret_ln0' <Predicate = (!icmp_ln15)> <Delay = 0.42>

State 3 <SV = 2> <Delay = 2.92>
ST_3 : Operation 23 [1/1] (2.92ns)   --->   "%gmem_addr_read_1 = read i8 @_ssdm_op_Read.m_axi.p1i8, i8 %gmem_addr" [gray_kernel.cpp:17]   --->   Operation 23 'read' 'gmem_addr_read_1' <Predicate = (icmp_ln15)> <Delay = 2.92> <CoreInst = "m_axi">   --->   Core 119 'm_axi' <Latency = 0> <II = 1> <Delay = 1.00> <Adapter> <Opcode : 'read' 'write' 'readreq' 'writereq' 'writeresp'>

State 4 <SV = 3> <Delay = 2.92>
ST_4 : Operation 24 [1/1] (2.92ns)   --->   "%gmem_addr_read_2 = read i8 @_ssdm_op_Read.m_axi.p1i8, i8 %gmem_addr" [gray_kernel.cpp:17]   --->   Operation 24 'read' 'gmem_addr_read_2' <Predicate = true> <Delay = 2.92> <CoreInst = "m_axi">   --->   Core 119 'm_axi' <Latency = 0> <II = 1> <Delay = 1.00> <Adapter> <Opcode : 'read' 'write' 'readreq' 'writereq' 'writeresp'>

State 5 <SV = 4> <Delay = 1.46>
ST_5 : Operation 25 [1/1] (0.00ns)   --->   "%specpipeline_ln16 = specpipeline void @_ssdm_op_SpecPipeline, i32 1, i32 0, i32 0, i32 0, void @empty_9" [gray_kernel.cpp:16]   --->   Operation 25 'specpipeline' 'specpipeline_ln16' <Predicate = true> <Delay = 0.00>
ST_5 : Operation 26 [1/1] (0.00ns)   --->   "%specloopname_ln15 = specloopname void @_ssdm_op_SpecLoopName, void @empty_13" [gray_kernel.cpp:15]   --->   Operation 26 'specloopname' 'specloopname_ln15' <Predicate = true> <Delay = 0.00>
ST_5 : Operation 27 [1/1] (0.00ns)   --->   "%v = bitconcatenate i24 @_ssdm_op_BitConcatenate.i24.i8.i8.i8, i8 %gmem_addr_read, i8 %gmem_addr_read_1, i8 %gmem_addr_read_2" [gray_kernel.cpp:17]   --->   Operation 27 'bitconcatenate' 'v' <Predicate = true> <Delay = 0.00>
ST_5 : Operation 28 [1/1] (1.46ns)   --->   "%write_ln18 = write void @_ssdm_op_Write.ap_fifo.volatile.i24P0A, i24 %stream_in, i24 %v" [gray_kernel.cpp:18]   --->   Operation 28 'write' 'write_ln18' <Predicate = true> <Delay = 1.46> <CoreInst = "FIFO">   --->   Core 77 'FIFO' <Latency = 0> <II = 1> <Delay = 1.65> <Storage> <Opcode : 'read' 'write' 'nbread' 'nbwrite'> <Ports = 0> <Width = 24> <Depth = 256> <FIFO>
ST_5 : Operation 29 [1/1] (0.00ns)   --->   "%br_ln15 = br void %for.inc" [gray_kernel.cpp:15]   --->   Operation 29 'br' 'br_ln15' <Predicate = true> <Delay = 0.00>


============================================================
+ Verbose Summary: Timing violations
============================================================
Target clock period: 4.000ns, clock uncertainty: 1.080ns.

 <State 1>: 1.870ns
The critical path consists of the following:
	'store' operation 0 bit ('store_ln0') of constant 0 on local variable 'i' [10]  (0.427 ns)
	'load' operation 31 bit ('i_load', gray_kernel.cpp:15) on local variable 'i' [13]  (0.000 ns)
	'icmp' operation 1 bit ('icmp_ln15', gray_kernel.cpp:15) [15]  (1.016 ns)
	'store' operation 0 bit ('store_ln15', gray_kernel.cpp:15) of variable 'add_ln15', gray_kernel.cpp:15 on local variable 'i' [27]  (0.427 ns)

 <State 2>: 2.920ns
The critical path consists of the following:
	bus read operation ('gmem_addr_read', gray_kernel.cpp:17) on port 'gmem' (gray_kernel.cpp:17) [22]  (2.920 ns)

 <State 3>: 2.920ns
The critical path consists of the following:
	bus read operation ('gmem_addr_read_1', gray_kernel.cpp:17) on port 'gmem' (gray_kernel.cpp:17) [23]  (2.920 ns)

 <State 4>: 2.920ns
The critical path consists of the following:
	bus read operation ('gmem_addr_read_2', gray_kernel.cpp:17) on port 'gmem' (gray_kernel.cpp:17) [24]  (2.920 ns)

 <State 5>: 1.460ns
The critical path consists of the following:
	fifo write operation ('write_ln18', gray_kernel.cpp:18) on port 'stream_in' (gray_kernel.cpp:18) [26]  (1.460 ns)


============================================================
+ Verbose Summary: Binding
============================================================
N/A
* FSMD analyzer results:
  - Output states:
 - Input state : 
  - Chain level:
	State 1
	State 2
	State 3
	State 4
	State 5


============================================================
+ Verbose Summary: Datapath Resource usage 
============================================================
N/A
