

================================================================
== Vitis HLS Report for 'read_stage'
================================================================
* Date:           Sun Jul 19 18:25:25 2026

* Version:        2024.1 (Build 5069499 on May 21 2024)
* Project:        gray_kernel_prj
* Solution:       solution1 (Vivado IP Flow Target)
* Product family: zynquplus
* Target device:  xck26-sfvc784-2LV-c


================================================================
== Performance Estimates
================================================================
+ Timing: 
    * Summary: 
    +--------+---------+----------+------------+
    |  Clock |  Target | Estimated| Uncertainty|
    +--------+---------+----------+------------+
    |ap_clk  |  4.00 ns|  2.920 ns|     1.08 ns|
    +--------+---------+----------+------------+

+ Latency: 
    * Summary: 
    +---------+---------+----------+----------+-----+-----+---------+
    |  Latency (cycles) |  Latency (absolute) |  Interval | Pipeline|
    |   min   |   max   |    min   |    max   | min | max |   Type  |
    +---------+---------+----------+----------+-----+-----+---------+
    |        ?|        ?|         ?|         ?|    ?|    ?|       no|
    +---------+---------+----------+----------+-----+-----+---------+

    + Detail: 
        * Instance: 
        N/A

        * Loop: 
        N/A

============================================================
+ Verbose Summary: Synthesis Manager
============================================================
InlineROM: 1
ExposeGlobal: 0
============================================================
+ Verbose Summary: CDFG Model
============================================================
IsTopModel: 0
ResetActiveHigh: 1
IsCombinational: 2
IsDatapathOnly: 0
HasWiredReturn: 1
HasMFsm: 0
HasVarLatency: 1
IsPipeline: 0
IsRtlPipelined: 0
IsInstanceOverlapped: 0
IsDontTouch: 0
HasImplIP: 0
IsGatedGlobalClock: 0


============================================================
+ Verbose Summary: Schedule
============================================================
* Number of FSM states : 11
* Pipeline : 0
* Dataflow Pipeline: 0

* FSM state transitions: 
1 --> 2 
2 --> 3 
3 --> 4 
4 --> 5 
5 --> 6 
6 --> 7 
7 --> 8 
8 --> 9 
9 --> 10 
10 --> 11 
11 --> 

* FSM state operations: 

State 1 <SV = 0> <Delay = 1.46>
ST_1 : Operation 12 [1/1] (0.00ns)   --->   "%num_pixels_read = read i32 @_ssdm_op_Read.ap_auto.i32, i32 %num_pixels"   --->   Operation 12 'read' 'num_pixels_read' <Predicate = true> <Delay = 0.00>
ST_1 : Operation 13 [1/1] (1.46ns)   --->   "%write_ln0 = write void @_ssdm_op_Write.ap_fifo.i32P0A, i32 %num_pixels_c1, i32 %num_pixels_read"   --->   Operation 13 'write' 'write_ln0' <Predicate = true> <Delay = 1.46> <CoreInst = "FIFO_SRL">   --->   Core 80 'FIFO_SRL' <Latency = 0> <II = 1> <Delay = 1.83> <Storage> <Opcode : 'read' 'write' 'nbread' 'nbwrite'> <Ports = 0> <Width = 32> <Depth = 2> <FIFO>
ST_1 : Operation 14 [1/1] (1.01ns)   --->   "%icmp_ln15 = icmp_sgt  i32 %num_pixels_read, i32 0" [gray_kernel.cpp:15]   --->   Operation 14 'icmp' 'icmp_ln15' <Predicate = true> <Delay = 1.01> <CoreInst = "Cmp">   --->   Core 9 'Cmp' <Latency = 0> <II = 1> <Delay = 1.01> <FuncUnit> <Opcode : 'seteq' 'setne' 'setle' 'setge' 'setlt' 'setgt'> <InPorts = 2> <OutPorts = 1>
ST_1 : Operation 15 [1/1] (0.00ns)   --->   "%zext_ln15 = zext i32 %num_pixels_read" [gray_kernel.cpp:15]   --->   Operation 15 'zext' 'zext_ln15' <Predicate = true> <Delay = 0.00>
ST_1 : Operation 16 [1/1] (0.00ns)   --->   "%trunc_ln15 = trunc i32 %num_pixels_read" [gray_kernel.cpp:15]   --->   Operation 16 'trunc' 'trunc_ln15' <Predicate = true> <Delay = 0.00>
ST_1 : Operation 17 [1/1] (0.00ns)   --->   "%p_shl = bitconcatenate i33 @_ssdm_op_BitConcatenate.i33.i31.i2, i31 %trunc_ln15, i2 0" [gray_kernel.cpp:15]   --->   Operation 17 'bitconcatenate' 'p_shl' <Predicate = true> <Delay = 0.00>
ST_1 : Operation 18 [1/1] (1.01ns)   --->   "%sub_ln15 = sub i33 %p_shl, i33 %zext_ln15" [gray_kernel.cpp:15]   --->   Operation 18 'sub' 'sub_ln15' <Predicate = true> <Delay = 1.01> <CoreInst = "Adder">   --->   Core 1 'Adder' <Latency = 0> <II = 1> <Delay = 1.01> <FuncUnit> <Opcode : 'add' 'sub'> <InPorts = 2> <OutPorts = 1>
ST_1 : Operation 19 [1/1] (0.43ns)   --->   "%empty = select i1 %icmp_ln15, i33 %sub_ln15, i33 0" [gray_kernel.cpp:15]   --->   Operation 19 'select' 'empty' <Predicate = true> <Delay = 0.43> <CoreInst = "Sel">   --->   Core 73 'Sel' <Latency = 0> <II = 1> <Delay = 0.43> <FuncUnit> <Opcode : 'select'> <InPorts = 3> <OutPorts = 1>

State 2 <SV = 1> <Delay = 2.92>
ST_2 : Operation 20 [1/1] (0.00ns)   --->   "%in_read = read i64 @_ssdm_op_Read.ap_auto.i64, i64 %in_r"   --->   Operation 20 'read' 'in_read' <Predicate = true> <Delay = 0.00>
ST_2 : Operation 21 [1/1] (0.00ns)   --->   "%gmem_addr = getelementptr i8 %gmem, i64 %in_read" [gray_kernel.cpp:15]   --->   Operation 21 'getelementptr' 'gmem_addr' <Predicate = true> <Delay = 0.00>
ST_2 : Operation 22 [1/1] (0.00ns)   --->   "%zext_ln15_1 = zext i33 %empty" [gray_kernel.cpp:15]   --->   Operation 22 'zext' 'zext_ln15_1' <Predicate = true> <Delay = 0.00>
ST_2 : Operation 23 [8/8] (2.92ns)   --->   "%empty_30 = readreq i1 @_ssdm_op_ReadReq.m_axi.p1i8, i8 %gmem_addr, i64 %zext_ln15_1" [gray_kernel.cpp:15]   --->   Operation 23 'readreq' 'empty_30' <Predicate = true> <Delay = 2.92> <CoreInst = "m_axi">   --->   Core 119 'm_axi' <Latency = 0> <II = 1> <Delay = 1.00> <Adapter> <Opcode : 'read' 'write' 'readreq' 'writereq' 'writeresp'>

State 3 <SV = 2> <Delay = 2.92>
ST_3 : Operation 24 [7/8] (2.92ns)   --->   "%empty_30 = readreq i1 @_ssdm_op_ReadReq.m_axi.p1i8, i8 %gmem_addr, i64 %zext_ln15_1" [gray_kernel.cpp:15]   --->   Operation 24 'readreq' 'empty_30' <Predicate = true> <Delay = 2.92> <CoreInst = "m_axi">   --->   Core 119 'm_axi' <Latency = 0> <II = 1> <Delay = 1.00> <Adapter> <Opcode : 'read' 'write' 'readreq' 'writereq' 'writeresp'>

State 4 <SV = 3> <Delay = 2.92>
ST_4 : Operation 25 [6/8] (2.92ns)   --->   "%empty_30 = readreq i1 @_ssdm_op_ReadReq.m_axi.p1i8, i8 %gmem_addr, i64 %zext_ln15_1" [gray_kernel.cpp:15]   --->   Operation 25 'readreq' 'empty_30' <Predicate = true> <Delay = 2.92> <CoreInst = "m_axi">   --->   Core 119 'm_axi' <Latency = 0> <II = 1> <Delay = 1.00> <Adapter> <Opcode : 'read' 'write' 'readreq' 'writereq' 'writeresp'>

State 5 <SV = 4> <Delay = 2.92>
ST_5 : Operation 26 [5/8] (2.92ns)   --->   "%empty_30 = readreq i1 @_ssdm_op_ReadReq.m_axi.p1i8, i8 %gmem_addr, i64 %zext_ln15_1" [gray_kernel.cpp:15]   --->   Operation 26 'readreq' 'empty_30' <Predicate = true> <Delay = 2.92> <CoreInst = "m_axi">   --->   Core 119 'm_axi' <Latency = 0> <II = 1> <Delay = 1.00> <Adapter> <Opcode : 'read' 'write' 'readreq' 'writereq' 'writeresp'>

State 6 <SV = 5> <Delay = 2.92>
ST_6 : Operation 27 [4/8] (2.92ns)   --->   "%empty_30 = readreq i1 @_ssdm_op_ReadReq.m_axi.p1i8, i8 %gmem_addr, i64 %zext_ln15_1" [gray_kernel.cpp:15]   --->   Operation 27 'readreq' 'empty_30' <Predicate = true> <Delay = 2.92> <CoreInst = "m_axi">   --->   Core 119 'm_axi' <Latency = 0> <II = 1> <Delay = 1.00> <Adapter> <Opcode : 'read' 'write' 'readreq' 'writereq' 'writeresp'>

State 7 <SV = 6> <Delay = 2.92>
ST_7 : Operation 28 [3/8] (2.92ns)   --->   "%empty_30 = readreq i1 @_ssdm_op_ReadReq.m_axi.p1i8, i8 %gmem_addr, i64 %zext_ln15_1" [gray_kernel.cpp:15]   --->   Operation 28 'readreq' 'empty_30' <Predicate = true> <Delay = 2.92> <CoreInst = "m_axi">   --->   Core 119 'm_axi' <Latency = 0> <II = 1> <Delay = 1.00> <Adapter> <Opcode : 'read' 'write' 'readreq' 'writereq' 'writeresp'>

State 8 <SV = 7> <Delay = 2.92>
ST_8 : Operation 29 [2/8] (2.92ns)   --->   "%empty_30 = readreq i1 @_ssdm_op_ReadReq.m_axi.p1i8, i8 %gmem_addr, i64 %zext_ln15_1" [gray_kernel.cpp:15]   --->   Operation 29 'readreq' 'empty_30' <Predicate = true> <Delay = 2.92> <CoreInst = "m_axi">   --->   Core 119 'm_axi' <Latency = 0> <II = 1> <Delay = 1.00> <Adapter> <Opcode : 'read' 'write' 'readreq' 'writereq' 'writeresp'>

State 9 <SV = 8> <Delay = 2.92>
ST_9 : Operation 30 [1/8] (2.92ns)   --->   "%empty_30 = readreq i1 @_ssdm_op_ReadReq.m_axi.p1i8, i8 %gmem_addr, i64 %zext_ln15_1" [gray_kernel.cpp:15]   --->   Operation 30 'readreq' 'empty_30' <Predicate = true> <Delay = 2.92> <CoreInst = "m_axi">   --->   Core 119 'm_axi' <Latency = 0> <II = 1> <Delay = 1.00> <Adapter> <Opcode : 'read' 'write' 'readreq' 'writereq' 'writeresp'>

State 10 <SV = 9> <Delay = 1.44>
ST_10 : Operation 31 [1/1] (0.00ns)   --->   "%empty_31 = wait i32 @_ssdm_op_Wait"   --->   Operation 31 'wait' 'empty_31' <Predicate = true> <Delay = 0.00>
ST_10 : Operation 32 [2/2] (1.44ns)   --->   "%call_ln0 = call void @read_stage_Pipeline_VITIS_LOOP_15_1, i32 %num_pixels_read, i8 %gmem, i64 %in_read, i24 %stream_in"   --->   Operation 32 'call' 'call_ln0' <Predicate = true> <Delay = 1.44> <CoreType = "Generic">   --->   Core 0 '' <Latency = 0> <II = 1> <Delay = 1.00> <Generic> <Opcode : >

State 11 <SV = 10> <Delay = 0.00>
ST_11 : Operation 33 [1/1] (0.00ns)   --->   "%specinterface_ln0 = specinterface void @_ssdm_op_SpecInterface, i32 %num_pixels_c1, void @ap_fifo_str, i32 0, i32 0, void @p_str, i32 0, i32 0, void @p_str, void @p_str, void @p_str, i32 2, i32 2, i32 16, i32 16, void @p_str, void @ScalarProp_str, i32 4294967295, i32 0, i32 0"   --->   Operation 33 'specinterface' 'specinterface_ln0' <Predicate = true> <Delay = 0.00>
ST_11 : Operation 34 [1/1] (0.00ns)   --->   "%specinterface_ln0 = specinterface void @_ssdm_op_SpecInterface, i24 %stream_in, void @empty_6, i32 0, i32 0, void @empty_9, i32 0, i32 0, void @empty_9, void @empty_9, void @empty_9, i32 0, i32 0, i32 0, i32 0, void @empty_9, void @empty_9, i32 4294967295, i32 0, i32 0"   --->   Operation 34 'specinterface' 'specinterface_ln0' <Predicate = true> <Delay = 0.00>
ST_11 : Operation 35 [1/1] (0.00ns)   --->   "%specinterface_ln0 = specinterface void @_ssdm_op_SpecInterface, i8 %gmem, void @empty_1, i32 0, i32 0, void @empty_9, i32 0, i32 6220800, void @empty_2, void @empty_10, void @empty_9, i32 16, i32 16, i32 16, i32 16, void @empty_9, void @empty_9, i32 4294967295, i32 0, i32 0"   --->   Operation 35 'specinterface' 'specinterface_ln0' <Predicate = true> <Delay = 0.00>
ST_11 : Operation 36 [1/2] (0.00ns)   --->   "%call_ln0 = call void @read_stage_Pipeline_VITIS_LOOP_15_1, i32 %num_pixels_read, i8 %gmem, i64 %in_read, i24 %stream_in"   --->   Operation 36 'call' 'call_ln0' <Predicate = true> <Delay = 0.00> <CoreType = "Generic">   --->   Core 0 '' <Latency = 0> <II = 1> <Delay = 1.00> <Generic> <Opcode : >
ST_11 : Operation 37 [1/1] (0.00ns)   --->   "%ret_ln20 = ret" [gray_kernel.cpp:20]   --->   Operation 37 'ret' 'ret_ln20' <Predicate = true> <Delay = 0.00>


============================================================
+ Verbose Summary: Timing violations
============================================================
Target clock period: 4.000ns, clock uncertainty: 1.080ns.

 <State 1>: 1.460ns
The critical path consists of the following:
	wire read operation ('num_pixels_read') on port 'num_pixels' [7]  (0.000 ns)
	fifo write operation ('write_ln0') on port 'num_pixels_c1' [9]  (1.460 ns)

 <State 2>: 2.920ns
The critical path consists of the following:
	wire read operation ('in_read') on port 'in_r' [8]  (0.000 ns)
	'getelementptr' operation 8 bit ('gmem_addr', gray_kernel.cpp:15) [17]  (0.000 ns)
	bus request operation ('empty_30', gray_kernel.cpp:15) on port 'gmem' (gray_kernel.cpp:15) [20]  (2.920 ns)

 <State 3>: 2.920ns
The critical path consists of the following:
	bus request operation ('empty_30', gray_kernel.cpp:15) on port 'gmem' (gray_kernel.cpp:15) [20]  (2.920 ns)

 <State 4>: 2.920ns
The critical path consists of the following:
	bus request operation ('empty_30', gray_kernel.cpp:15) on port 'gmem' (gray_kernel.cpp:15) [20]  (2.920 ns)

 <State 5>: 2.920ns
The critical path consists of the following:
	bus request operation ('empty_30', gray_kernel.cpp:15) on port 'gmem' (gray_kernel.cpp:15) [20]  (2.920 ns)

 <State 6>: 2.920ns
The critical path consists of the following:
	bus request operation ('empty_30', gray_kernel.cpp:15) on port 'gmem' (gray_kernel.cpp:15) [20]  (2.920 ns)

 <State 7>: 2.920ns
The critical path consists of the following:
	bus request operation ('empty_30', gray_kernel.cpp:15) on port 'gmem' (gray_kernel.cpp:15) [20]  (2.920 ns)

 <State 8>: 2.920ns
The critical path consists of the following:
	bus request operation ('empty_30', gray_kernel.cpp:15) on port 'gmem' (gray_kernel.cpp:15) [20]  (2.920 ns)

 <State 9>: 2.920ns
The critical path consists of the following:
	bus request operation ('empty_30', gray_kernel.cpp:15) on port 'gmem' (gray_kernel.cpp:15) [20]  (2.920 ns)

 <State 10>: 1.443ns
The critical path consists of the following:
	'call' operation 0 bit ('call_ln0') to 'read_stage_Pipeline_VITIS_LOOP_15_1' [22]  (1.443 ns)

 <State 11>: 0.000ns
The critical path consists of the following:


============================================================
+ Verbose Summary: Binding
============================================================
N/A
* FSMD analyzer results:
  - Output states:
 - Input state : 
  - Chain level:
	State 1
	State 2
	State 3
	State 4
	State 5
	State 6
	State 7
	State 8
	State 9
	State 10
	State 11


============================================================
+ Verbose Summary: Datapath Resource usage 
============================================================
N/A
