

================================================================
== Vitis HLS Report for 'write_stage'
================================================================
* Date:           Sun Jul 19 18:25:25 2026

* Version:        2024.1 (Build 5069499 on May 21 2024)
* Project:        gray_kernel_prj
* Solution:       solution1 (Vivado IP Flow Target)
* Product family: zynquplus
* Target device:  xck26-sfvc784-2LV-c


================================================================
== Performance Estimates
================================================================
+ Timing: 
    * Summary: 
    +--------+---------+----------+------------+
    |  Clock |  Target | Estimated| Uncertainty|
    +--------+---------+----------+------------+
    |ap_clk  |  4.00 ns|  2.920 ns|     1.08 ns|
    +--------+---------+----------+------------+

+ Latency: 
    * Summary: 
    +---------+---------+----------+----------+-----+-----+---------+
    |  Latency (cycles) |  Latency (absolute) |  Interval | Pipeline|
    |   min   |   max   |    min   |    max   | min | max |   Type  |
    +---------+---------+----------+----------+-----+-----+---------+
    |        ?|        ?|         ?|         ?|    ?|    ?|       no|
    +---------+---------+----------+----------+-----+-----+---------+

    + Detail: 
        * Instance: 
        +------------------------------------------------+--------------------------------------+---------+---------+----------+----------+-----+-----+-----------------------------------------------+
        |                                                |                                      |  Latency (cycles) |  Latency (absolute) |  Interval |                    Pipeline                   |
        |                    Instance                    |                Module                |   min   |   max   |    min   |    max   | min | max |                      Type                     |
        +------------------------------------------------+--------------------------------------+---------+---------+----------+----------+-----+-----+-----------------------------------------------+
        |grp_write_stage_Pipeline_VITIS_LOOP_38_1_fu_69  |write_stage_Pipeline_VITIS_LOOP_38_1  |        ?|        ?|         ?|         ?|    0|    0|  loop auto-rewind stp(delay=0 clock cycles(s))|
        +------------------------------------------------+--------------------------------------+---------+---------+----------+----------+-----+-----+-----------------------------------------------+

        * Loop: 
        N/A



================================================================
== Utilization Estimates
================================================================
* Summary: 
+-----------------+---------+------+--------+--------+-----+
|       Name      | BRAM_18K|  DSP |   FF   |   LUT  | URAM|
+-----------------+---------+------+--------+--------+-----+
|DSP              |        -|     -|       -|       -|    -|
|Expression       |        -|     -|       0|      72|    -|
|FIFO             |        -|     -|       -|       -|    -|
|Instance         |        -|     -|      44|     137|    -|
|Memory           |        -|     -|       -|       -|    -|
|Multiplexer      |        -|     -|       0|     254|    -|
|Register         |        -|     -|     138|       -|    -|
+-----------------+---------+------+--------+--------+-----+
|Total            |        0|     0|     182|     463|    0|
+-----------------+---------+------+--------+--------+-----+
|Available        |      288|  1248|  234240|  117120|   64|
+-----------------+---------+------+--------+--------+-----+
|Utilization (%)  |        0|     0|      ~0|      ~0|    0|
+-----------------+---------+------+--------+--------+-----+

+ Detail: 
    * Instance: 
    +------------------------------------------------+--------------------------------------+---------+----+----+-----+-----+
    |                    Instance                    |                Module                | BRAM_18K| DSP| FF | LUT | URAM|
    +------------------------------------------------+--------------------------------------+---------+----+----+-----+-----+
    |grp_write_stage_Pipeline_VITIS_LOOP_38_1_fu_69  |write_stage_Pipeline_VITIS_LOOP_38_1  |        0|   0|  44|  137|    0|
    +------------------------------------------------+--------------------------------------+---------+----+----+-----+-----+
    |Total                                           |                                      |        0|   0|  44|  137|    0|
    +------------------------------------------------+--------------------------------------+---------+----+----+-----+-----+

    * DSP: 
    N/A

    * Memory: 
    N/A

    * FIFO: 
    N/A

    * Expression: 
    +--------------------+----------+----+---+----+------------+------------+
    |    Variable Name   | Operation| DSP| FF| LUT| Bitwidth P0| Bitwidth P1|
    +--------------------+----------+----+---+----+------------+------------+
    |icmp_ln38_fu_79_p2  |      icmp|   0|  0|  39|          32|           1|
    |ap_block_state1     |        or|   0|  0|   2|           1|           1|
    |empty_fu_89_p3      |    select|   0|  0|  31|           1|          31|
    +--------------------+----------+----+---+----+------------+------------+
    |Total               |          |   0|  0|  72|          34|          33|
    +--------------------+----------+----+---+----+------------+------------+

    * Multiplexer: 
    +---------------------+----+-----------+-----+-----------+
    |         Name        | LUT| Input Size| Bits| Total Bits|
    +---------------------+----+-----------+-----+-----------+
    |ap_NS_fsm            |  54|         10|    1|         10|
    |ap_done              |   9|          2|    1|          2|
    |gmem_blk_n_AW        |   9|          2|    1|          2|
    |gmem_blk_n_B         |   9|          2|    1|          2|
    |m_axi_gmem_AWADDR    |  14|          3|   64|        192|
    |m_axi_gmem_AWBURST   |   9|          2|    2|          4|
    |m_axi_gmem_AWCACHE   |   9|          2|    4|          8|
    |m_axi_gmem_AWID      |   9|          2|    1|          2|
    |m_axi_gmem_AWLEN     |  14|          3|   32|         96|
    |m_axi_gmem_AWLOCK    |   9|          2|    2|          4|
    |m_axi_gmem_AWPROT    |   9|          2|    3|          6|
    |m_axi_gmem_AWQOS     |   9|          2|    4|          8|
    |m_axi_gmem_AWREGION  |   9|          2|    4|          8|
    |m_axi_gmem_AWSIZE    |   9|          2|    3|          6|
    |m_axi_gmem_AWUSER    |   9|          2|    1|          2|
    |m_axi_gmem_AWVALID   |  14|          3|    1|          3|
    |m_axi_gmem_BREADY    |  14|          3|    1|          3|
    |m_axi_gmem_WVALID    |   9|          2|    1|          2|
    |num_pixels_blk_n     |   9|          2|    1|          2|
    |out_r_blk_n          |   9|          2|    1|          2|
    |stream_out_read      |   9|          2|    1|          2|
    +---------------------+----+-----------+-----+-----------+
    |Total                | 254|         54|  130|        366|
    +---------------------+----+-----------+-----+-----------+

    * Register: 
    +-------------------------------------------------------------+----+----+-----+-----------+
    |                             Name                            | FF | LUT| Bits| Const Bits|
    +-------------------------------------------------------------+----+----+-----+-----------+
    |ap_CS_fsm                                                    |   9|   0|    9|          0|
    |ap_done_reg                                                  |   1|   0|    1|          0|
    |empty_reg_118                                                |  31|   0|   31|          0|
    |grp_write_stage_Pipeline_VITIS_LOOP_38_1_fu_69_ap_start_reg  |   1|   0|    1|          0|
    |num_pixels_1_reg_107                                         |  32|   0|   32|          0|
    |out_1_reg_112                                                |  64|   0|   64|          0|
    +-------------------------------------------------------------+----+----+-----+-----------+
    |Total                                                        | 138|   0|  138|          0|
    +-------------------------------------------------------------+----+----+-----+-----------+



================================================================
== Interface
================================================================
* Summary: 
+---------------------------+-----+-----+------------+--------------+--------------+
|         RTL Ports         | Dir | Bits|  Protocol  | Source Object|    C Type    |
+---------------------------+-----+-----+------------+--------------+--------------+
|ap_clk                     |   in|    1|  ap_ctrl_hs|   write_stage|  return value|
|ap_rst                     |   in|    1|  ap_ctrl_hs|   write_stage|  return value|
|ap_start                   |   in|    1|  ap_ctrl_hs|   write_stage|  return value|
|ap_done                    |  out|    1|  ap_ctrl_hs|   write_stage|  return value|
|ap_continue                |   in|    1|  ap_ctrl_hs|   write_stage|  return value|
|ap_idle                    |  out|    1|  ap_ctrl_hs|   write_stage|  return value|
|ap_ready                   |  out|    1|  ap_ctrl_hs|   write_stage|  return value|
|m_axi_gmem_AWVALID         |  out|    1|       m_axi|          gmem|       pointer|
|m_axi_gmem_AWREADY         |   in|    1|       m_axi|          gmem|       pointer|
|m_axi_gmem_AWADDR          |  out|   64|       m_axi|          gmem|       pointer|
|m_axi_gmem_AWID            |  out|    1|       m_axi|          gmem|       pointer|
|m_axi_gmem_AWLEN           |  out|   32|       m_axi|          gmem|       pointer|
|m_axi_gmem_AWSIZE          |  out|    3|       m_axi|          gmem|       pointer|
|m_axi_gmem_AWBURST         |  out|    2|       m_axi|          gmem|       pointer|
|m_axi_gmem_AWLOCK          |  out|    2|       m_axi|          gmem|       pointer|
|m_axi_gmem_AWCACHE         |  out|    4|       m_axi|          gmem|       pointer|
|m_axi_gmem_AWPROT          |  out|    3|       m_axi|          gmem|       pointer|
|m_axi_gmem_AWQOS           |  out|    4|       m_axi|          gmem|       pointer|
|m_axi_gmem_AWREGION        |  out|    4|       m_axi|          gmem|       pointer|
|m_axi_gmem_AWUSER          |  out|    1|       m_axi|          gmem|       pointer|
|m_axi_gmem_WVALID          |  out|    1|       m_axi|          gmem|       pointer|
|m_axi_gmem_WREADY          |   in|    1|       m_axi|          gmem|       pointer|
|m_axi_gmem_WDATA           |  out|    8|       m_axi|          gmem|       pointer|
|m_axi_gmem_WSTRB           |  out|    1|       m_axi|          gmem|       pointer|
|m_axi_gmem_WLAST           |  out|    1|       m_axi|          gmem|       pointer|
|m_axi_gmem_WID             |  out|    1|       m_axi|          gmem|       pointer|
|m_axi_gmem_WUSER           |  out|    1|       m_axi|          gmem|       pointer|
|m_axi_gmem_ARVALID         |  out|    1|       m_axi|          gmem|       pointer|
|m_axi_gmem_ARREADY         |   in|    1|       m_axi|          gmem|       pointer|
|m_axi_gmem_ARADDR          |  out|   64|       m_axi|          gmem|       pointer|
|m_axi_gmem_ARID            |  out|    1|       m_axi|          gmem|       pointer|
|m_axi_gmem_ARLEN           |  out|   32|       m_axi|          gmem|       pointer|
|m_axi_gmem_ARSIZE          |  out|    3|       m_axi|          gmem|       pointer|
|m_axi_gmem_ARBURST         |  out|    2|       m_axi|          gmem|       pointer|
|m_axi_gmem_ARLOCK          |  out|    2|       m_axi|          gmem|       pointer|
|m_axi_gmem_ARCACHE         |  out|    4|       m_axi|          gmem|       pointer|
|m_axi_gmem_ARPROT          |  out|    3|       m_axi|          gmem|       pointer|
|m_axi_gmem_ARQOS           |  out|    4|       m_axi|          gmem|       pointer|
|m_axi_gmem_ARREGION        |  out|    4|       m_axi|          gmem|       pointer|
|m_axi_gmem_ARUSER          |  out|    1|       m_axi|          gmem|       pointer|
|m_axi_gmem_RVALID          |   in|    1|       m_axi|          gmem|       pointer|
|m_axi_gmem_RREADY          |  out|    1|       m_axi|          gmem|       pointer|
|m_axi_gmem_RDATA           |   in|    8|       m_axi|          gmem|       pointer|
|m_axi_gmem_RLAST           |   in|    1|       m_axi|          gmem|       pointer|
|m_axi_gmem_RID             |   in|    1|       m_axi|          gmem|       pointer|
|m_axi_gmem_RFIFONUM        |   in|   11|       m_axi|          gmem|       pointer|
|m_axi_gmem_RUSER           |   in|    1|       m_axi|          gmem|       pointer|
|m_axi_gmem_RRESP           |   in|    2|       m_axi|          gmem|       pointer|
|m_axi_gmem_BVALID          |   in|    1|       m_axi|          gmem|       pointer|
|m_axi_gmem_BREADY          |  out|    1|       m_axi|          gmem|       pointer|
|m_axi_gmem_BRESP           |   in|    2|       m_axi|          gmem|       pointer|
|m_axi_gmem_BID             |   in|    1|       m_axi|          gmem|       pointer|
|m_axi_gmem_BUSER           |   in|    1|       m_axi|          gmem|       pointer|
|out_r_dout                 |   in|   64|     ap_fifo|         out_r|       pointer|
|out_r_num_data_valid       |   in|    3|     ap_fifo|         out_r|       pointer|
|out_r_fifo_cap             |   in|    3|     ap_fifo|         out_r|       pointer|
|out_r_empty_n              |   in|    1|     ap_fifo|         out_r|       pointer|
|out_r_read                 |  out|    1|     ap_fifo|         out_r|       pointer|
|stream_out_dout            |   in|    8|     ap_fifo|    stream_out|       pointer|
|stream_out_num_data_valid  |   in|    9|     ap_fifo|    stream_out|       pointer|
|stream_out_fifo_cap        |   in|    9|     ap_fifo|    stream_out|       pointer|
|stream_out_empty_n         |   in|    1|     ap_fifo|    stream_out|       pointer|
|stream_out_read            |  out|    1|     ap_fifo|    stream_out|       pointer|
|num_pixels_dout            |   in|   32|     ap_fifo|    num_pixels|       pointer|
|num_pixels_num_data_valid  |   in|    3|     ap_fifo|    num_pixels|       pointer|
|num_pixels_fifo_cap        |   in|    3|     ap_fifo|    num_pixels|       pointer|
|num_pixels_empty_n         |   in|    1|     ap_fifo|    num_pixels|       pointer|
|num_pixels_read            |  out|    1|     ap_fifo|    num_pixels|       pointer|
+---------------------------+-----+-----+------------+--------------+--------------+

============================================================
+ Verbose Summary: Synthesis Manager
============================================================
InlineROM: 1
ExposeGlobal: 0
============================================================
+ Verbose Summary: CDFG Model
============================================================
IsTopModel: 0
ResetActiveHigh: 1
IsCombinational: 2
IsDatapathOnly: 0
HasWiredReturn: 1
HasMFsm: 0
HasVarLatency: 1
IsPipeline: 0
IsRtlPipelined: 0
IsInstanceOverlapped: 0
IsDontTouch: 0
HasImplIP: 0
IsGatedGlobalClock: 0


============================================================
+ Verbose Summary: Schedule
============================================================
* Number of FSM states : 9
* Pipeline : 0
* Dataflow Pipeline: 0

* FSM state transitions: 
1 --> 2 
2 --> 3 
3 --> 4 
4 --> 5 
5 --> 6 
6 --> 7 
7 --> 8 
8 --> 9 
9 --> 

* FSM state operations: 

State 1 <SV = 0> <Delay = 2.89>
ST_1 : Operation 10 [1/1] (1.46ns)   --->   "%num_pixels_1 = read i32 @_ssdm_op_Read.ap_fifo.i32P0A, i32 %num_pixels"   --->   Operation 10 'read' 'num_pixels_1' <Predicate = true> <Delay = 1.46> <CoreInst = "FIFO_SRL">   --->   Core 80 'FIFO_SRL' <Latency = 0> <II = 1> <Delay = 1.83> <Storage> <Opcode : 'read' 'write' 'nbread' 'nbwrite'> <Ports = 0> <Width = 32> <Depth = 2> <FIFO>
ST_1 : Operation 11 [1/1] (1.46ns)   --->   "%out_1 = read i64 @_ssdm_op_Read.ap_fifo.i64P0A, i64 %out_r"   --->   Operation 11 'read' 'out_1' <Predicate = true> <Delay = 1.46> <CoreInst = "FIFO_SRL">   --->   Core 80 'FIFO_SRL' <Latency = 0> <II = 1> <Delay = 1.83> <Storage> <Opcode : 'read' 'write' 'nbread' 'nbwrite'> <Ports = 0> <Width = 64> <Depth = 4> <FIFO>
ST_1 : Operation 12 [1/1] (1.01ns)   --->   "%icmp_ln38 = icmp_sgt  i32 %num_pixels_1, i32 0" [gray_kernel.cpp:38]   --->   Operation 12 'icmp' 'icmp_ln38' <Predicate = true> <Delay = 1.01> <CoreInst = "Cmp">   --->   Core 9 'Cmp' <Latency = 0> <II = 1> <Delay = 1.01> <FuncUnit> <Opcode : 'seteq' 'setne' 'setle' 'setge' 'setlt' 'setgt'> <InPorts = 2> <OutPorts = 1>
ST_1 : Operation 13 [1/1] (0.00ns)   --->   "%trunc_ln38 = trunc i32 %num_pixels_1" [gray_kernel.cpp:38]   --->   Operation 13 'trunc' 'trunc_ln38' <Predicate = true> <Delay = 0.00>
ST_1 : Operation 14 [1/1] (0.41ns)   --->   "%empty = select i1 %icmp_ln38, i31 %trunc_ln38, i31 0" [gray_kernel.cpp:38]   --->   Operation 14 'select' 'empty' <Predicate = true> <Delay = 0.41> <CoreInst = "Sel">   --->   Core 73 'Sel' <Latency = 0> <II = 1> <Delay = 0.41> <FuncUnit> <Opcode : 'select'> <InPorts = 3> <OutPorts = 1>

State 2 <SV = 1> <Delay = 2.92>
ST_2 : Operation 15 [1/1] (0.00ns)   --->   "%gmem_addr = getelementptr i8 %gmem, i64 %out_1" [gray_kernel.cpp:38]   --->   Operation 15 'getelementptr' 'gmem_addr' <Predicate = true> <Delay = 0.00>
ST_2 : Operation 16 [1/1] (0.00ns)   --->   "%zext_ln38 = zext i31 %empty" [gray_kernel.cpp:38]   --->   Operation 16 'zext' 'zext_ln38' <Predicate = true> <Delay = 0.00>
ST_2 : Operation 17 [1/1] (2.92ns)   --->   "%empty_27 = writereq i1 @_ssdm_op_WriteReq.m_axi.p1i8, i64 %gmem_addr, i64 %zext_ln38" [gray_kernel.cpp:38]   --->   Operation 17 'writereq' 'empty_27' <Predicate = true> <Delay = 2.92> <CoreInst = "m_axi">   --->   Core 119 'm_axi' <Latency = 0> <II = 1> <Delay = 1.00> <Adapter> <Opcode : 'read' 'write' 'readreq' 'writereq' 'writeresp'>

State 3 <SV = 2> <Delay = 1.44>
ST_3 : Operation 18 [1/1] (0.00ns)   --->   "%empty_28 = wait i32 @_ssdm_op_Wait"   --->   Operation 18 'wait' 'empty_28' <Predicate = true> <Delay = 0.00>
ST_3 : Operation 19 [2/2] (1.44ns)   --->   "%call_ln0 = call void @write_stage_Pipeline_VITIS_LOOP_38_1, i32 %num_pixels_1, i8 %gmem, i64 %out_1, i8 %stream_out"   --->   Operation 19 'call' 'call_ln0' <Predicate = true> <Delay = 1.44> <CoreType = "Generic">   --->   Core 0 '' <Latency = 0> <II = 1> <Delay = 1.00> <Generic> <Opcode : >

State 4 <SV = 3> <Delay = 0.00>
ST_4 : Operation 20 [1/2] (0.00ns)   --->   "%call_ln0 = call void @write_stage_Pipeline_VITIS_LOOP_38_1, i32 %num_pixels_1, i8 %gmem, i64 %out_1, i8 %stream_out"   --->   Operation 20 'call' 'call_ln0' <Predicate = true> <Delay = 0.00> <CoreType = "Generic">   --->   Core 0 '' <Latency = 0> <II = 1> <Delay = 1.00> <Generic> <Opcode : >

State 5 <SV = 4> <Delay = 2.92>
ST_5 : Operation 21 [5/5] (2.92ns)   --->   "%empty_29 = writeresp i1 @_ssdm_op_WriteResp.m_axi.p1i8, i64 %gmem_addr" [gray_kernel.cpp:42]   --->   Operation 21 'writeresp' 'empty_29' <Predicate = true> <Delay = 2.92> <CoreInst = "m_axi">   --->   Core 119 'm_axi' <Latency = 0> <II = 1> <Delay = 1.00> <Adapter> <Opcode : 'read' 'write' 'readreq' 'writereq' 'writeresp'>

State 6 <SV = 5> <Delay = 2.92>
ST_6 : Operation 22 [4/5] (2.92ns)   --->   "%empty_29 = writeresp i1 @_ssdm_op_WriteResp.m_axi.p1i8, i64 %gmem_addr" [gray_kernel.cpp:42]   --->   Operation 22 'writeresp' 'empty_29' <Predicate = true> <Delay = 2.92> <CoreInst = "m_axi">   --->   Core 119 'm_axi' <Latency = 0> <II = 1> <Delay = 1.00> <Adapter> <Opcode : 'read' 'write' 'readreq' 'writereq' 'writeresp'>

State 7 <SV = 6> <Delay = 2.92>
ST_7 : Operation 23 [3/5] (2.92ns)   --->   "%empty_29 = writeresp i1 @_ssdm_op_WriteResp.m_axi.p1i8, i64 %gmem_addr" [gray_kernel.cpp:42]   --->   Operation 23 'writeresp' 'empty_29' <Predicate = true> <Delay = 2.92> <CoreInst = "m_axi">   --->   Core 119 'm_axi' <Latency = 0> <II = 1> <Delay = 1.00> <Adapter> <Opcode : 'read' 'write' 'readreq' 'writereq' 'writeresp'>

State 8 <SV = 7> <Delay = 2.92>
ST_8 : Operation 24 [2/5] (2.92ns)   --->   "%empty_29 = writeresp i1 @_ssdm_op_WriteResp.m_axi.p1i8, i64 %gmem_addr" [gray_kernel.cpp:42]   --->   Operation 24 'writeresp' 'empty_29' <Predicate = true> <Delay = 2.92> <CoreInst = "m_axi">   --->   Core 119 'm_axi' <Latency = 0> <II = 1> <Delay = 1.00> <Adapter> <Opcode : 'read' 'write' 'readreq' 'writereq' 'writeresp'>

State 9 <SV = 8> <Delay = 2.92>
ST_9 : Operation 25 [1/1] (0.00ns)   --->   "%specinterface_ln0 = specinterface void @_ssdm_op_SpecInterface, i32 %num_pixels, void @ap_fifo_str, i32 0, i32 0, void @p_str, i32 0, i32 0, void @p_str, void @p_str, void @p_str, i32 2, i32 2, i32 16, i32 16, void @p_str, void @ScalarProp_str, i32 4294967295, i32 0, i32 0"   --->   Operation 25 'specinterface' 'specinterface_ln0' <Predicate = true> <Delay = 0.00>
ST_9 : Operation 26 [1/1] (0.00ns)   --->   "%specinterface_ln0 = specinterface void @_ssdm_op_SpecInterface, i64 %out_r, void @ap_fifo_str, i32 0, i32 0, void @p_str, i32 0, i32 0, void @p_str, void @p_str, void @p_str, i32 2, i32 2, i32 16, i32 16, void @p_str, void @ScalarProp_str, i32 4294967295, i32 0, i32 0"   --->   Operation 26 'specinterface' 'specinterface_ln0' <Predicate = true> <Delay = 0.00>
ST_9 : Operation 27 [1/1] (0.00ns)   --->   "%specinterface_ln0 = specinterface void @_ssdm_op_SpecInterface, i8 %stream_out, void @empty_6, i32 0, i32 0, void @empty_9, i32 0, i32 0, void @empty_9, void @empty_9, void @empty_9, i32 0, i32 0, i32 0, i32 0, void @empty_9, void @empty_9, i32 4294967295, i32 0, i32 0"   --->   Operation 27 'specinterface' 'specinterface_ln0' <Predicate = true> <Delay = 0.00>
ST_9 : Operation 28 [1/1] (0.00ns)   --->   "%specinterface_ln0 = specinterface void @_ssdm_op_SpecInterface, i8 %gmem, void @empty_1, i32 0, i32 0, void @empty_9, i32 0, i32 6220800, void @empty_2, void @empty_10, void @empty_9, i32 16, i32 16, i32 16, i32 16, void @empty_9, void @empty_9, i32 4294967295, i32 0, i32 0"   --->   Operation 28 'specinterface' 'specinterface_ln0' <Predicate = true> <Delay = 0.00>
ST_9 : Operation 29 [1/5] (2.92ns)   --->   "%empty_29 = writeresp i1 @_ssdm_op_WriteResp.m_axi.p1i8, i64 %gmem_addr" [gray_kernel.cpp:42]   --->   Operation 29 'writeresp' 'empty_29' <Predicate = true> <Delay = 2.92> <CoreInst = "m_axi">   --->   Core 119 'm_axi' <Latency = 0> <II = 1> <Delay = 1.00> <Adapter> <Opcode : 'read' 'write' 'readreq' 'writereq' 'writeresp'>
ST_9 : Operation 30 [1/1] (0.00ns)   --->   "%ret_ln42 = ret" [gray_kernel.cpp:42]   --->   Operation 30 'ret' 'ret_ln42' <Predicate = true> <Delay = 0.00>


============================================================
+ Verbose Summary: Binding
============================================================
STG Binding: 
---------------- STG Properties BEGIN ----------------
- Is combinational: 0
- Is one-state seq: 0
- Is datapath-only: 0
- Is pipelined: 0
- Is top level: 0
Port [ Return ] is wired: 1; IO mode=ap_ctrl_hs:ce=0
Port [ gmem]:  wired=1; compound=1; hidden=0; nouse=0; global=0; static=0; extern=0; dir=1; type=4; pingpong=0; private_global=0; IO mode=m_axi:ce=0
Port [ out_r]:  wired=1; compound=1; hidden=0; nouse=0; global=0; static=0; extern=0; dir=0; type=3; pingpong=0; private_global=0; IO mode=ap_fifo:ce=0
Port [ stream_out]:  wired=1; compound=1; hidden=0; nouse=0; global=0; static=0; extern=0; dir=0; type=3; pingpong=0; private_global=0; IO mode=ap_fifo:ce=0
Port [ num_pixels]:  wired=1; compound=1; hidden=0; nouse=0; global=0; static=0; extern=0; dir=0; type=3; pingpong=0; private_global=0; IO mode=ap_fifo:ce=0
---------------- STG Properties END ------------------

---------------- Datapath Model BEGIN ----------------

<LifeTime>
<method=bitvector/>
num_pixels_1      (read         ) [ 0011100000]
out_1             (read         ) [ 0011100000]
icmp_ln38         (icmp         ) [ 0000000000]
trunc_ln38        (trunc        ) [ 0000000000]
empty             (select       ) [ 0010000000]
gmem_addr         (getelementptr) [ 0001111111]
zext_ln38         (zext         ) [ 0000000000]
empty_27          (writereq     ) [ 0000000000]
empty_28          (wait         ) [ 0000000000]
call_ln0          (call         ) [ 0000000000]
specinterface_ln0 (specinterface) [ 0000000000]
specinterface_ln0 (specinterface) [ 0000000000]
specinterface_ln0 (specinterface) [ 0000000000]
specinterface_ln0 (specinterface) [ 0000000000]
empty_29          (writeresp    ) [ 0000000000]
ret_ln42          (ret          ) [ 0000000000]
</LifeTime>

<model>

<comp_list>
<comp id="0" class="1000" name="gmem">
<pin_list>
<pin id="1" dir="1" index="0" bw="1" slack="0"/>
</pin_list>
<bind>
<StgValue><ssdm name="gmem"/></StgValue>
</bind>
</comp>

<comp id="2" class="1000" name="out_r">
<pin_list>
<pin id="3" dir="1" index="0" bw="1" slack="0"/>
</pin_list>
<bind>
<StgValue><ssdm name="out_r"/></StgValue>
</bind>
</comp>

<comp id="4" class="1000" name="stream_out">
<pin_list>
<pin id="5" dir="1" index="0" bw="1" slack="0"/>
</pin_list>
<bind>
<StgValue><ssdm name="stream_out"/></StgValue>
</bind>
</comp>

<comp id="6" class="1000" name="num_pixels">
<pin_list>
<pin id="7" dir="1" index="0" bw="1" slack="0"/>
</pin_list>
<bind>
<StgValue><ssdm name="num_pixels"/></StgValue>
</bind>
</comp>

<comp id="8" class="1001" name="const_8">
<pin_list>
<pin id="9" dir="1" index="0" bw="1" slack="0"/>
</pin_list>
<bind>
<StgValue><ssdm name="_ssdm_op_Read.ap_fifo.i32P0A"/></StgValue>
</bind>
</comp>

<comp id="10" class="1001" name="const_10">
<pin_list>
<pin id="11" dir="1" index="0" bw="1" slack="0"/>
</pin_list>
<bind>
<StgValue><ssdm name="_ssdm_op_Read.ap_fifo.i64P0A"/></StgValue>
</bind>
</comp>

<comp id="12" class="1001" name="const_12">
<pin_list>
<pin id="13" dir="1" index="0" bw="1" slack="0"/>
</pin_list>
<bind>
<StgValue><ssdm name=""/></StgValue>
</bind>
</comp>

<comp id="14" class="1001" name="const_14">
<pin_list>
<pin id="15" dir="1" index="0" bw="1" slack="0"/>
</pin_list>
<bind>
<StgValue><ssdm name=""/></StgValue>
</bind>
</comp>

<comp id="16" class="1001" name="const_16">
<pin_list>
<pin id="17" dir="1" index="0" bw="1" slack="0"/>
</pin_list>
<bind>
<StgValue><ssdm name="_ssdm_op_WriteReq.m_axi.p1i8"/></StgValue>
</bind>
</comp>

<comp id="18" class="1001" name="const_18">
<pin_list>
<pin id="19" dir="1" index="0" bw="1" slack="2147483647"/>
</pin_list>
<bind>
<StgValue><ssdm name="_ssdm_op_Wait"/></StgValue>
</bind>
</comp>

<comp id="20" class="1001" name="const_20">
<pin_list>
<pin id="21" dir="1" index="0" bw="1" slack="0"/>
</pin_list>
<bind>
<StgValue><ssdm name="write_stage_Pipeline_VITIS_LOOP_38_1"/></StgValue>
</bind>
</comp>

<comp id="22" class="1001" name="const_22">
<pin_list>
<pin id="23" dir="1" index="0" bw="1" slack="0"/>
</pin_list>
<bind>
<StgValue><ssdm name="_ssdm_op_WriteResp.m_axi.p1i8"/></StgValue>
</bind>
</comp>

<comp id="24" class="1001" name="const_24">
<pin_list>
<pin id="25" dir="1" index="0" bw="1" slack="2147483647"/>
</pin_list>
<bind>
<StgValue><ssdm name="_ssdm_op_SpecInterface"/></StgValue>
</bind>
</comp>

<comp id="26" class="1001" name="const_26">
<pin_list>
<pin id="27" dir="1" index="0" bw="1" slack="2147483647"/>
</pin_list>
<bind>
<StgValue><ssdm name="ap_fifo_str"/></StgValue>
</bind>
</comp>

<comp id="28" class="1001" name="const_28">
<pin_list>
<pin id="29" dir="1" index="0" bw="1" slack="2147483647"/>
</pin_list>
<bind>
<StgValue><ssdm name="p_str"/></StgValue>
</bind>
</comp>

<comp id="30" class="1001" name="const_30">
<pin_list>
<pin id="31" dir="1" index="0" bw="1" slack="2147483647"/>
</pin_list>
<bind>
<StgValue><ssdm name=""/></StgValue>
</bind>
</comp>

<comp id="32" class="1001" name="const_32">
<pin_list>
<pin id="33" dir="1" index="0" bw="1" slack="2147483647"/>
</pin_list>
<bind>
<StgValue><ssdm name=""/></StgValue>
</bind>
</comp>

<comp id="34" class="1001" name="const_34">
<pin_list>
<pin id="35" dir="1" index="0" bw="1" slack="2147483647"/>
</pin_list>
<bind>
<StgValue><ssdm name="ScalarProp_str"/></StgValue>
</bind>
</comp>

<comp id="36" class="1001" name="const_36">
<pin_list>
<pin id="37" dir="1" index="0" bw="1" slack="2147483647"/>
</pin_list>
<bind>
<StgValue><ssdm name=""/></StgValue>
</bind>
</comp>

<comp id="38" class="1001" name="const_38">
<pin_list>
<pin id="39" dir="1" index="0" bw="1" slack="2147483647"/>
</pin_list>
<bind>
<StgValue><ssdm name="empty_6"/></StgValue>
</bind>
</comp>

<comp id="40" class="1001" name="const_40">
<pin_list>
<pin id="41" dir="1" index="0" bw="1" slack="2147483647"/>
</pin_list>
<bind>
<StgValue><ssdm name="empty_9"/></StgValue>
</bind>
</comp>

<comp id="42" class="1001" name="const_42">
<pin_list>
<pin id="43" dir="1" index="0" bw="1" slack="2147483647"/>
</pin_list>
<bind>
<StgValue><ssdm name="empty_1"/></StgValue>
</bind>
</comp>

<comp id="44" class="1001" name="const_44">
<pin_list>
<pin id="45" dir="1" index="0" bw="1" slack="2147483647"/>
</pin_list>
<bind>
<StgValue><ssdm name=""/></StgValue>
</bind>
</comp>

<comp id="46" class="1001" name="const_46">
<pin_list>
<pin id="47" dir="1" index="0" bw="1" slack="2147483647"/>
</pin_list>
<bind>
<StgValue><ssdm name="empty_2"/></StgValue>
</bind>
</comp>

<comp id="48" class="1001" name="const_48">
<pin_list>
<pin id="49" dir="1" index="0" bw="1" slack="2147483647"/>
</pin_list>
<bind>
<StgValue><ssdm name="empty_10"/></StgValue>
</bind>
</comp>

<comp id="50" class="1004" name="num_pixels_1_read_fu_50">
<pin_list>
<pin id="51" dir="0" index="0" bw="32" slack="0"/>
<pin id="52" dir="0" index="1" bw="32" slack="0"/>
<pin id="53" dir="1" index="2" bw="32" slack="0"/>
</pin_list>
<bind>
<opcode="read(1150) " fcode="read"/>
<opset="num_pixels_1/1 "/>
</bind>
</comp>

<comp id="56" class="1004" name="out_1_read_fu_56">
<pin_list>
<pin id="57" dir="0" index="0" bw="64" slack="0"/>
<pin id="58" dir="0" index="1" bw="64" slack="0"/>
<pin id="59" dir="1" index="2" bw="64" slack="1"/>
</pin_list>
<bind>
<opcode="read(1150) " fcode="read"/>
<opset="out_1/1 "/>
</bind>
</comp>

<comp id="62" class="1004" name="grp_writeresp_fu_62">
<pin_list>
<pin id="63" dir="0" index="0" bw="1" slack="0"/>
<pin id="64" dir="0" index="1" bw="8" slack="0"/>
<pin id="65" dir="0" index="2" bw="31" slack="0"/>
<pin id="66" dir="1" index="3" bw="1" slack="2147483647"/>
</pin_list>
<bind>
<opcode="writereq(1155) writeresp(1158) " fcode="writeresp"/>
<opset="empty_27/2 empty_29/5 "/>
</bind>
</comp>

<comp id="69" class="1004" name="grp_write_stage_Pipeline_VITIS_LOOP_38_1_fu_69">
<pin_list>
<pin id="70" dir="0" index="0" bw="0" slack="0"/>
<pin id="71" dir="0" index="1" bw="32" slack="2"/>
<pin id="72" dir="0" index="2" bw="8" slack="0"/>
<pin id="73" dir="0" index="3" bw="64" slack="2"/>
<pin id="74" dir="0" index="4" bw="8" slack="0"/>
<pin id="75" dir="1" index="5" bw="0" slack="2147483647"/>
</pin_list>
<bind>
<opcode="call(48) " fcode="call"/>
<opset="call_ln0/3 "/>
</bind>
</comp>

<comp id="79" class="1004" name="icmp_ln38_fu_79">
<pin_list>
<pin id="80" dir="0" index="0" bw="32" slack="0"/>
<pin id="81" dir="0" index="1" bw="32" slack="0"/>
<pin id="82" dir="1" index="2" bw="1" slack="0"/>
</pin_list>
<bind>
<opcode="icmp(45) " fcode="icmp"/>
<opset="icmp_ln38/1 "/>
</bind>
</comp>

<comp id="85" class="1004" name="trunc_ln38_fu_85">
<pin_list>
<pin id="86" dir="0" index="0" bw="32" slack="0"/>
<pin id="87" dir="1" index="1" bw="31" slack="0"/>
</pin_list>
<bind>
<opcode="trunc(33) " fcode="trunc"/>
<opset="trunc_ln38/1 "/>
</bind>
</comp>

<comp id="89" class="1004" name="empty_fu_89">
<pin_list>
<pin id="90" dir="0" index="0" bw="1" slack="0"/>
<pin id="91" dir="0" index="1" bw="31" slack="0"/>
<pin id="92" dir="0" index="2" bw="31" slack="0"/>
<pin id="93" dir="1" index="3" bw="31" slack="1"/>
</pin_list>
<bind>
<opcode="select(49) " fcode="select"/>
<opset="empty/1 "/>
</bind>
</comp>

<comp id="97" class="1004" name="gmem_addr_fu_97">
<pin_list>
<pin id="98" dir="0" index="0" bw="64" slack="0"/>
<pin id="99" dir="0" index="1" bw="64" slack="1"/>
<pin id="100" dir="1" index="2" bw="64" slack="0"/>
</pin_list>
<bind>
<opcode="getelementptr(29) " fcode="getelementptr"/>
<opset="gmem_addr/2 "/>
</bind>
</comp>

<comp id="103" class="1004" name="zext_ln38_fu_103">
<pin_list>
<pin id="104" dir="0" index="0" bw="31" slack="1"/>
<pin id="105" dir="1" index="1" bw="64" slack="0"/>
</pin_list>
<bind>
<opcode="zext(34) " fcode="zext"/>
<opset="zext_ln38/2 "/>
</bind>
</comp>

<comp id="107" class="1005" name="num_pixels_1_reg_107">
<pin_list>
<pin id="108" dir="0" index="0" bw="32" slack="2"/>
<pin id="109" dir="1" index="1" bw="32" slack="2"/>
</pin_list>
<bind>
<opset="num_pixels_1 "/>
</bind>
</comp>

<comp id="112" class="1005" name="out_1_reg_112">
<pin_list>
<pin id="113" dir="0" index="0" bw="64" slack="1"/>
<pin id="114" dir="1" index="1" bw="64" slack="1"/>
</pin_list>
<bind>
<opset="out_1 "/>
</bind>
</comp>

<comp id="118" class="1005" name="empty_reg_118">
<pin_list>
<pin id="119" dir="0" index="0" bw="31" slack="1"/>
<pin id="120" dir="1" index="1" bw="31" slack="1"/>
</pin_list>
<bind>
<opset="empty "/>
</bind>
</comp>

<comp id="123" class="1005" name="gmem_addr_reg_123">
<pin_list>
<pin id="124" dir="0" index="0" bw="8" slack="3"/>
<pin id="125" dir="1" index="1" bw="8" slack="3"/>
</pin_list>
<bind>
<opset="gmem_addr "/>
</bind>
</comp>

</comp_list>

<net_list>
<net id="54"><net_src comp="8" pin="0"/><net_sink comp="50" pin=0"/></net>

<net id="55"><net_src comp="6" pin="0"/><net_sink comp="50" pin=1"/></net>

<net id="60"><net_src comp="10" pin="0"/><net_sink comp="56" pin=0"/></net>

<net id="61"><net_src comp="2" pin="0"/><net_sink comp="56" pin=1"/></net>

<net id="67"><net_src comp="16" pin="0"/><net_sink comp="62" pin=0"/></net>

<net id="68"><net_src comp="22" pin="0"/><net_sink comp="62" pin=0"/></net>

<net id="76"><net_src comp="20" pin="0"/><net_sink comp="69" pin=0"/></net>

<net id="77"><net_src comp="0" pin="0"/><net_sink comp="69" pin=2"/></net>

<net id="78"><net_src comp="4" pin="0"/><net_sink comp="69" pin=4"/></net>

<net id="83"><net_src comp="50" pin="2"/><net_sink comp="79" pin=0"/></net>

<net id="84"><net_src comp="12" pin="0"/><net_sink comp="79" pin=1"/></net>

<net id="88"><net_src comp="50" pin="2"/><net_sink comp="85" pin=0"/></net>

<net id="94"><net_src comp="79" pin="2"/><net_sink comp="89" pin=0"/></net>

<net id="95"><net_src comp="85" pin="1"/><net_sink comp="89" pin=1"/></net>

<net id="96"><net_src comp="14" pin="0"/><net_sink comp="89" pin=2"/></net>

<net id="101"><net_src comp="0" pin="0"/><net_sink comp="97" pin=0"/></net>

<net id="102"><net_src comp="97" pin="2"/><net_sink comp="62" pin=1"/></net>

<net id="106"><net_src comp="103" pin="1"/><net_sink comp="62" pin=2"/></net>

<net id="110"><net_src comp="50" pin="2"/><net_sink comp="107" pin=0"/></net>

<net id="111"><net_src comp="107" pin="1"/><net_sink comp="69" pin=1"/></net>

<net id="115"><net_src comp="56" pin="2"/><net_sink comp="112" pin=0"/></net>

<net id="116"><net_src comp="112" pin="1"/><net_sink comp="97" pin=1"/></net>

<net id="117"><net_src comp="112" pin="1"/><net_sink comp="69" pin=3"/></net>

<net id="121"><net_src comp="89" pin="3"/><net_sink comp="118" pin=0"/></net>

<net id="122"><net_src comp="118" pin="1"/><net_sink comp="103" pin=0"/></net>

<net id="126"><net_src comp="97" pin="2"/><net_sink comp="123" pin=0"/></net>

<net id="127"><net_src comp="123" pin="1"/><net_sink comp="62" pin=1"/></net>

</net_list>

</model> 
---------------- Datapath Model END ------------------

* FSMD analyzer results:
  - Output states:
	Port: gmem | {2 3 4 5 6 7 8 9 }
 - Input state : 
	Port: write_stage : gmem | {}
	Port: write_stage : out_r | {1 }
	Port: write_stage : stream_out | {3 4 }
	Port: write_stage : num_pixels | {1 }
  - Chain level:
	State 1
		empty : 1
	State 2
		empty_27 : 1
	State 3
	State 4
	State 5
	State 6
	State 7
	State 8
	State 9


============================================================
+ Verbose Summary: Datapath Resource usage 
============================================================

* Functional unit list:
|----------|------------------------------------------------|---------|---------|
| Operation|                 Functional Unit                |    FF   |   LUT   |
|----------|------------------------------------------------|---------|---------|
|   call   | grp_write_stage_Pipeline_VITIS_LOOP_38_1_fu_69 |    48   |    77   |
|----------|------------------------------------------------|---------|---------|
|   icmp   |                 icmp_ln38_fu_79                |    0    |    39   |
|----------|------------------------------------------------|---------|---------|
|  select  |                   empty_fu_89                  |    0    |    31   |
|----------|------------------------------------------------|---------|---------|
|   read   |             num_pixels_1_read_fu_50            |    0    |    0    |
|          |                out_1_read_fu_56                |    0    |    0    |
|----------|------------------------------------------------|---------|---------|
| writeresp|               grp_writeresp_fu_62              |    0    |    0    |
|----------|------------------------------------------------|---------|---------|
|   trunc  |                trunc_ln38_fu_85                |    0    |    0    |
|----------|------------------------------------------------|---------|---------|
|   zext   |                zext_ln38_fu_103                |    0    |    0    |
|----------|------------------------------------------------|---------|---------|
|   Total  |                                                |    48   |   147   |
|----------|------------------------------------------------|---------|---------|

Memories:
N/A

* Register list:
+--------------------+--------+
|                    |   FF   |
+--------------------+--------+
|    empty_reg_118   |   31   |
|  gmem_addr_reg_123 |    8   |
|num_pixels_1_reg_107|   32   |
|    out_1_reg_112   |   64   |
+--------------------+--------+
|        Total       |   135  |
+--------------------+--------+

* Multiplexer (MUX) list: 
|---------------------|------|------|------|--------||---------||---------||---------|
|         Comp        |  Pin | Size |  BW  | S x BW ||  Delay  ||    FF   ||   LUT   |
|---------------------|------|------|------|--------||---------||---------||---------|
| grp_writeresp_fu_62 |  p0  |   2  |   1  |    2   |
| grp_writeresp_fu_62 |  p1  |   2  |   8  |   16   ||    0    ||    9    |
|---------------------|------|------|------|--------||---------||---------||---------|
|        Total        |      |      |      |   18   ||  0.854  ||    0    ||    9    |
|---------------------|------|------|------|--------||---------||---------||---------|



* Summary:
+-----------+--------+--------+--------+
|           |  Delay |   FF   |   LUT  |
+-----------+--------+--------+--------+
|  Function |    -   |   48   |   147  |
|   Memory  |    -   |    -   |    -   |
|Multiplexer|    0   |    0   |    9   |
|  Register |    -   |   135  |    -   |
+-----------+--------+--------+--------+
|   Total   |    0   |   183  |   156  |
+-----------+--------+--------+--------+
