

================================================================
== Vitis HLS Report for 'write_stage_Pipeline_VITIS_LOOP_38_1'
================================================================
* Date:           Sun Jul 19 18:25:25 2026

* Version:        2024.1 (Build 5069499 on May 21 2024)
* Project:        gray_kernel_prj
* Solution:       solution1 (Vivado IP Flow Target)
* Product family: zynquplus
* Target device:  xck26-sfvc784-2LV-c


================================================================
== Performance Estimates
================================================================
+ Timing: 
    * Summary: 
    +--------+---------+----------+------------+
    |  Clock |  Target | Estimated| Uncertainty|
    +--------+---------+----------+------------+
    |ap_clk  |  4.00 ns|  2.920 ns|     1.08 ns|
    +--------+---------+----------+------------+

+ Latency: 
    * Summary: 
    +---------+---------+----------+----------+-----+-----+-----------------------------------------------+
    |  Latency (cycles) |  Latency (absolute) |  Interval |                    Pipeline                   |
    |   min   |   max   |    min   |    max   | min | max |                      Type                     |
    +---------+---------+----------+----------+-----+-----+-----------------------------------------------+
    |        ?|        ?|         ?|         ?|    0|    0|  loop auto-rewind stp(delay=0 clock cycles(s))|
    +---------+---------+----------+----------+-----+-----+-----------------------------------------------+

    + Detail: 
        * Instance: 
        N/A

        * Loop: 
        +-------------------+---------+---------+----------+-----------+-----------+------+----------+
        |                   |  Latency (cycles) | Iteration|  Initiation Interval  | Trip |          |
        |     Loop Name     |   min   |   max   |  Latency |  achieved |   target  | Count| Pipelined|
        +-------------------+---------+---------+----------+-----------+-----------+------+----------+
        |- VITIS_LOOP_38_1  |        ?|        ?|         3|          1|          1|     ?|       yes|
        +-------------------+---------+---------+----------+-----------+-----------+------+----------+

============================================================
+ Verbose Summary: Synthesis Manager
============================================================
InlineROM: 1
ExposeGlobal: 0
============================================================
+ Verbose Summary: CDFG Model
============================================================
IsTopModel: 0
ResetActiveHigh: 1
IsCombinational: 0
IsDatapathOnly: 0
HasWiredReturn: 1
HasMFsm: 2
HasVarLatency: 1
IsPipeline: 0
IsRtlPipelined: 0
IsInstanceOverlapped: 0
IsDontTouch: 0
HasImplIP: 0
IsGatedGlobalClock: 0

+ Individual pipeline summary: 
  * Pipeline-0: initiation interval (II) = 1, depth = 3


============================================================
+ Verbose Summary: Schedule
============================================================
* Number of FSM states : 3
* Pipeline : 1
  Pipeline-0 : II = 1, D = 3, States = { 1 2 3 }
* Dataflow Pipeline: 0

* FSM state transitions: 
1 --> 2 
2 --> 3 
3 --> 

* FSM state operations: 

State 1 <SV = 0> <Delay = 1.87>
ST_1 : Operation 6 [1/1] (0.00ns)   --->   "%i = alloca i32 1"   --->   Operation 6 'alloca' 'i' <Predicate = true> <Delay = 0.00>
ST_1 : Operation 7 [1/1] (0.00ns)   --->   "%specinterface_ln0 = specinterface void @_ssdm_op_SpecInterface, i8 %gmem, void @empty_1, i32 0, i32 0, void @empty_9, i32 0, i32 6220800, void @empty_2, void @empty_10, void @empty_9, i32 16, i32 16, i32 16, i32 16, void @empty_9, void @empty_9, i32 4294967295, i32 0, i32 0"   --->   Operation 7 'specinterface' 'specinterface_ln0' <Predicate = true> <Delay = 0.00>
ST_1 : Operation 8 [1/1] (0.00ns)   --->   "%specinterface_ln0 = specinterface void @_ssdm_op_SpecInterface, i8 %stream_out, void @empty_6, i32 0, i32 0, void @empty_9, i32 0, i32 0, void @empty_9, void @empty_9, void @empty_9, i32 0, i32 0, i32 0, i32 0, void @empty_9, void @empty_9, i32 4294967295, i32 0, i32 0"   --->   Operation 8 'specinterface' 'specinterface_ln0' <Predicate = true> <Delay = 0.00>
ST_1 : Operation 9 [1/1] (0.00ns)   --->   "%out_1_read = read i64 @_ssdm_op_Read.ap_auto.i64, i64 %out_1" [gray_kernel.cpp:36]   --->   Operation 9 'read' 'out_1_read' <Predicate = true> <Delay = 0.00>
ST_1 : Operation 10 [1/1] (0.00ns)   --->   "%num_pixels_1_read = read i32 @_ssdm_op_Read.ap_auto.i32, i32 %num_pixels_1" [gray_kernel.cpp:36]   --->   Operation 10 'read' 'num_pixels_1_read' <Predicate = true> <Delay = 0.00>
ST_1 : Operation 11 [1/1] (0.42ns)   --->   "%store_ln0 = store i31 0, i31 %i"   --->   Operation 11 'store' 'store_ln0' <Predicate = true> <Delay = 0.42>
ST_1 : Operation 12 [1/1] (0.00ns)   --->   "%br_ln38 = br void %for.inc" [gray_kernel.cpp:38]   --->   Operation 12 'br' 'br_ln38' <Predicate = true> <Delay = 0.00>
ST_1 : Operation 13 [1/1] (0.00ns)   --->   "%i_load = load i31 %i" [gray_kernel.cpp:38]   --->   Operation 13 'load' 'i_load' <Predicate = true> <Delay = 0.00>
ST_1 : Operation 14 [1/1] (0.00ns)   --->   "%zext_ln38 = zext i31 %i_load" [gray_kernel.cpp:38]   --->   Operation 14 'zext' 'zext_ln38' <Predicate = true> <Delay = 0.00>
ST_1 : Operation 15 [1/1] (1.01ns)   --->   "%icmp_ln38 = icmp_slt  i32 %zext_ln38, i32 %num_pixels_1_read" [gray_kernel.cpp:38]   --->   Operation 15 'icmp' 'icmp_ln38' <Predicate = true> <Delay = 1.01> <CoreInst = "Cmp">   --->   Core 9 'Cmp' <Latency = 0> <II = 1> <Delay = 1.01> <FuncUnit> <Opcode : 'seteq' 'setne' 'setle' 'setge' 'setlt' 'setgt'> <InPorts = 2> <OutPorts = 1>
ST_1 : Operation 16 [1/1] (0.00ns)   --->   "%br_ln38 = br i1 %icmp_ln38, void %for.end.loopexit.exitStub, void %for.inc.split" [gray_kernel.cpp:38]   --->   Operation 16 'br' 'br_ln38' <Predicate = true> <Delay = 0.00>
ST_1 : Operation 17 [1/1] (0.00ns)   --->   "%gmem_addr = getelementptr i8 %gmem, i64 %out_1_read" [gray_kernel.cpp:38]   --->   Operation 17 'getelementptr' 'gmem_addr' <Predicate = (icmp_ln38)> <Delay = 0.00>
ST_1 : Operation 18 [1/1] (1.00ns)   --->   "%add_ln38 = add i31 %i_load, i31 1" [gray_kernel.cpp:38]   --->   Operation 18 'add' 'add_ln38' <Predicate = (icmp_ln38)> <Delay = 1.00> <CoreInst = "Adder">   --->   Core 1 'Adder' <Latency = 0> <II = 1> <Delay = 1.00> <FuncUnit> <Opcode : 'add' 'sub'> <InPorts = 2> <OutPorts = 1>
ST_1 : Operation 19 [1/1] (0.42ns)   --->   "%store_ln38 = store i31 %add_ln38, i31 %i" [gray_kernel.cpp:38]   --->   Operation 19 'store' 'store_ln38' <Predicate = (icmp_ln38)> <Delay = 0.42>

State 2 <SV = 1> <Delay = 1.46>
ST_2 : Operation 20 [1/1] (1.46ns)   --->   "%stream_out_read = read i8 @_ssdm_op_Read.ap_fifo.volatile.i8P0A, i8 %stream_out" [gray_kernel.cpp:40]   --->   Operation 20 'read' 'stream_out_read' <Predicate = true> <Delay = 1.46> <CoreInst = "FIFO">   --->   Core 77 'FIFO' <Latency = 0> <II = 1> <Delay = 1.65> <Storage> <Opcode : 'read' 'write' 'nbread' 'nbwrite'> <Ports = 0> <Width = 8> <Depth = 256> <FIFO>
ST_2 : Operation 25 [1/1] (0.42ns)   --->   "%ret_ln0 = ret"   --->   Operation 25 'ret' 'ret_ln0' <Predicate = (!icmp_ln38)> <Delay = 0.42>

State 3 <SV = 2> <Delay = 2.92>
ST_3 : Operation 21 [1/1] (0.00ns)   --->   "%specpipeline_ln39 = specpipeline void @_ssdm_op_SpecPipeline, i32 1, i32 0, i32 0, i32 0, void @empty_9" [gray_kernel.cpp:39]   --->   Operation 21 'specpipeline' 'specpipeline_ln39' <Predicate = true> <Delay = 0.00>
ST_3 : Operation 22 [1/1] (0.00ns)   --->   "%specloopname_ln38 = specloopname void @_ssdm_op_SpecLoopName, void @empty_14" [gray_kernel.cpp:38]   --->   Operation 22 'specloopname' 'specloopname_ln38' <Predicate = true> <Delay = 0.00>
ST_3 : Operation 23 [1/1] (2.92ns)   --->   "%write_ln40 = write void @_ssdm_op_Write.m_axi.p1i8, i8 %gmem_addr, i8 %stream_out_read, i1 1" [gray_kernel.cpp:40]   --->   Operation 23 'write' 'write_ln40' <Predicate = true> <Delay = 2.92> <CoreInst = "m_axi">   --->   Core 119 'm_axi' <Latency = 0> <II = 1> <Delay = 1.00> <Adapter> <Opcode : 'read' 'write' 'readreq' 'writereq' 'writeresp'>
ST_3 : Operation 24 [1/1] (0.00ns)   --->   "%br_ln38 = br void %for.inc" [gray_kernel.cpp:38]   --->   Operation 24 'br' 'br_ln38' <Predicate = true> <Delay = 0.00>


============================================================
+ Verbose Summary: Binding
============================================================
STG Binding: 
---------------- STG Properties BEGIN ----------------
- Is combinational: 0
- Is one-state seq: 0
- Is datapath-only: 0
- Is pipelined: 0
- Is top level: 0
Port [ Return ] is wired: 1; IO mode=ap_ctrl_hs:ce=0
Port [ num_pixels_1]:  wired=1; compound=0; hidden=0; nouse=0; global=0; static=0; extern=0; dir=0; type=0; pingpong=0; private_global=0; IO mode=ap_none:ce=0
Port [ gmem]:  wired=1; compound=1; hidden=0; nouse=0; global=0; static=0; extern=0; dir=1; type=4; pingpong=0; private_global=0; IO mode=m_axi:ce=0
Port [ out_1]:  wired=1; compound=0; hidden=0; nouse=0; global=0; static=0; extern=0; dir=0; type=0; pingpong=0; private_global=0; IO mode=ap_none:ce=0
Port [ stream_out]:  wired=1; compound=1; hidden=0; nouse=0; global=0; static=0; extern=0; dir=0; type=3; pingpong=0; private_global=0; IO mode=ap_fifo:ce=0
---------------- STG Properties END ------------------

---------------- Datapath Model BEGIN ----------------

<LifeTime>
<method=bitvector/>
i                 (alloca       ) [ 0100]
specinterface_ln0 (specinterface) [ 0000]
specinterface_ln0 (specinterface) [ 0000]
out_1_read        (read         ) [ 0000]
num_pixels_1_read (read         ) [ 0000]
store_ln0         (store        ) [ 0000]
br_ln38           (br           ) [ 0000]
i_load            (load         ) [ 0000]
zext_ln38         (zext         ) [ 0000]
icmp_ln38         (icmp         ) [ 0110]
br_ln38           (br           ) [ 0000]
gmem_addr         (getelementptr) [ 0111]
add_ln38          (add          ) [ 0000]
store_ln38        (store        ) [ 0000]
stream_out_read   (read         ) [ 0101]
specpipeline_ln39 (specpipeline ) [ 0000]
specloopname_ln38 (specloopname ) [ 0000]
write_ln40        (write        ) [ 0000]
br_ln38           (br           ) [ 0000]
ret_ln0           (ret          ) [ 0000]
</LifeTime>

<model>

<comp_list>
<comp id="0" class="1000" name="num_pixels_1">
<pin_list>
<pin id="1" dir="1" index="0" bw="1" slack="0"/>
</pin_list>
<bind>
<StgValue><ssdm name="num_pixels_1"/></StgValue>
</bind>
</comp>

<comp id="2" class="1000" name="gmem">
<pin_list>
<pin id="3" dir="1" index="0" bw="1" slack="0"/>
</pin_list>
<bind>
<StgValue><ssdm name="gmem"/></StgValue>
</bind>
</comp>

<comp id="4" class="1000" name="out_1">
<pin_list>
<pin id="5" dir="1" index="0" bw="1" slack="0"/>
</pin_list>
<bind>
<StgValue><ssdm name="out_1"/></StgValue>
</bind>
</comp>

<comp id="6" class="1000" name="stream_out">
<pin_list>
<pin id="7" dir="1" index="0" bw="1" slack="0"/>
</pin_list>
<bind>
<StgValue><ssdm name="stream_out"/></StgValue>
</bind>
</comp>

<comp id="8" class="1001" name="const_8">
<pin_list>
<pin id="9" dir="1" index="0" bw="1" slack="0"/>
</pin_list>
<bind>
<StgValue><ssdm name=""/></StgValue>
</bind>
</comp>

<comp id="10" class="1001" name="const_10">
<pin_list>
<pin id="11" dir="1" index="0" bw="1" slack="2147483647"/>
</pin_list>
<bind>
<StgValue><ssdm name="_ssdm_op_SpecInterface"/></StgValue>
</bind>
</comp>

<comp id="12" class="1001" name="const_12">
<pin_list>
<pin id="13" dir="1" index="0" bw="1" slack="2147483647"/>
</pin_list>
<bind>
<StgValue><ssdm name="empty_1"/></StgValue>
</bind>
</comp>

<comp id="14" class="1001" name="const_14">
<pin_list>
<pin id="15" dir="1" index="0" bw="1" slack="2147483647"/>
</pin_list>
<bind>
<StgValue><ssdm name=""/></StgValue>
</bind>
</comp>

<comp id="16" class="1001" name="const_16">
<pin_list>
<pin id="17" dir="1" index="0" bw="1" slack="2147483647"/>
</pin_list>
<bind>
<StgValue><ssdm name="empty_9"/></StgValue>
</bind>
</comp>

<comp id="18" class="1001" name="const_18">
<pin_list>
<pin id="19" dir="1" index="0" bw="1" slack="2147483647"/>
</pin_list>
<bind>
<StgValue><ssdm name=""/></StgValue>
</bind>
</comp>

<comp id="20" class="1001" name="const_20">
<pin_list>
<pin id="21" dir="1" index="0" bw="1" slack="2147483647"/>
</pin_list>
<bind>
<StgValue><ssdm name="empty_2"/></StgValue>
</bind>
</comp>

<comp id="22" class="1001" name="const_22">
<pin_list>
<pin id="23" dir="1" index="0" bw="1" slack="2147483647"/>
</pin_list>
<bind>
<StgValue><ssdm name="empty_10"/></StgValue>
</bind>
</comp>

<comp id="24" class="1001" name="const_24">
<pin_list>
<pin id="25" dir="1" index="0" bw="1" slack="2147483647"/>
</pin_list>
<bind>
<StgValue><ssdm name=""/></StgValue>
</bind>
</comp>

<comp id="26" class="1001" name="const_26">
<pin_list>
<pin id="27" dir="1" index="0" bw="1" slack="2147483647"/>
</pin_list>
<bind>
<StgValue><ssdm name=""/></StgValue>
</bind>
</comp>

<comp id="28" class="1001" name="const_28">
<pin_list>
<pin id="29" dir="1" index="0" bw="1" slack="2147483647"/>
</pin_list>
<bind>
<StgValue><ssdm name="empty_6"/></StgValue>
</bind>
</comp>

<comp id="30" class="1001" name="const_30">
<pin_list>
<pin id="31" dir="1" index="0" bw="1" slack="0"/>
</pin_list>
<bind>
<StgValue><ssdm name="_ssdm_op_Read.ap_auto.i64"/></StgValue>
</bind>
</comp>

<comp id="32" class="1001" name="const_32">
<pin_list>
<pin id="33" dir="1" index="0" bw="1" slack="0"/>
</pin_list>
<bind>
<StgValue><ssdm name="_ssdm_op_Read.ap_auto.i32"/></StgValue>
</bind>
</comp>

<comp id="34" class="1001" name="const_34">
<pin_list>
<pin id="35" dir="1" index="0" bw="1" slack="0"/>
</pin_list>
<bind>
<StgValue><ssdm name=""/></StgValue>
</bind>
</comp>

<comp id="36" class="1001" name="const_36">
<pin_list>
<pin id="37" dir="1" index="0" bw="1" slack="0"/>
</pin_list>
<bind>
<StgValue><ssdm name=""/></StgValue>
</bind>
</comp>

<comp id="38" class="1001" name="const_38">
<pin_list>
<pin id="39" dir="1" index="0" bw="1" slack="0"/>
</pin_list>
<bind>
<StgValue><ssdm name="_ssdm_op_Read.ap_fifo.volatile.i8P0A"/></StgValue>
</bind>
</comp>

<comp id="40" class="1001" name="const_40">
<pin_list>
<pin id="41" dir="1" index="0" bw="1" slack="2147483647"/>
</pin_list>
<bind>
<StgValue><ssdm name="_ssdm_op_SpecPipeline"/></StgValue>
</bind>
</comp>

<comp id="42" class="1001" name="const_42">
<pin_list>
<pin id="43" dir="1" index="0" bw="1" slack="2147483647"/>
</pin_list>
<bind>
<StgValue><ssdm name="_ssdm_op_SpecLoopName"/></StgValue>
</bind>
</comp>

<comp id="44" class="1001" name="const_44">
<pin_list>
<pin id="45" dir="1" index="0" bw="1" slack="2147483647"/>
</pin_list>
<bind>
<StgValue><ssdm name="empty_14"/></StgValue>
</bind>
</comp>

<comp id="46" class="1001" name="const_46">
<pin_list>
<pin id="47" dir="1" index="0" bw="1" slack="0"/>
</pin_list>
<bind>
<StgValue><ssdm name="_ssdm_op_Write.m_axi.p1i8"/></StgValue>
</bind>
</comp>

<comp id="48" class="1001" name="const_48">
<pin_list>
<pin id="49" dir="1" index="0" bw="1" slack="0"/>
</pin_list>
<bind>
<StgValue><ssdm name=""/></StgValue>
</bind>
</comp>

<comp id="50" class="1004" name="i_fu_50">
<pin_list>
<pin id="51" dir="0" index="0" bw="1" slack="0"/>
<pin id="52" dir="1" index="1" bw="31" slack="0"/>
</pin_list>
<bind>
<opcode="alloca(26) " fcode="alloca"/>
<opset="i/1 "/>
</bind>
</comp>

<comp id="54" class="1004" name="out_1_read_read_fu_54">
<pin_list>
<pin id="55" dir="0" index="0" bw="64" slack="0"/>
<pin id="56" dir="0" index="1" bw="64" slack="0"/>
<pin id="57" dir="1" index="2" bw="64" slack="0"/>
</pin_list>
<bind>
<opcode="read(1150) " fcode="read"/>
<opset="out_1_read/1 "/>
</bind>
</comp>

<comp id="60" class="1004" name="num_pixels_1_read_read_fu_60">
<pin_list>
<pin id="61" dir="0" index="0" bw="32" slack="0"/>
<pin id="62" dir="0" index="1" bw="32" slack="0"/>
<pin id="63" dir="1" index="2" bw="32" slack="0"/>
</pin_list>
<bind>
<opcode="read(1150) " fcode="read"/>
<opset="num_pixels_1_read/1 "/>
</bind>
</comp>

<comp id="66" class="1004" name="stream_out_read_read_fu_66">
<pin_list>
<pin id="67" dir="0" index="0" bw="8" slack="0"/>
<pin id="68" dir="0" index="1" bw="8" slack="0"/>
<pin id="69" dir="1" index="2" bw="8" slack="1"/>
</pin_list>
<bind>
<opcode="read(1150) " fcode="read"/>
<opset="stream_out_read/2 "/>
</bind>
</comp>

<comp id="72" class="1004" name="write_ln40_write_fu_72">
<pin_list>
<pin id="73" dir="0" index="0" bw="0" slack="0"/>
<pin id="74" dir="0" index="1" bw="8" slack="2"/>
<pin id="75" dir="0" index="2" bw="8" slack="1"/>
<pin id="76" dir="0" index="3" bw="1" slack="0"/>
<pin id="77" dir="1" index="4" bw="0" slack="2147483647"/>
</pin_list>
<bind>
<opcode="write(1151) " fcode="write"/>
<opset="write_ln40/3 "/>
</bind>
</comp>

<comp id="80" class="1004" name="store_ln0_store_fu_80">
<pin_list>
<pin id="81" dir="0" index="0" bw="1" slack="0"/>
<pin id="82" dir="0" index="1" bw="31" slack="0"/>
<pin id="83" dir="1" index="2" bw="0" slack="2147483647"/>
</pin_list>
<bind>
<opcode="store(28) " fcode="store"/>
<opset="store_ln0/1 "/>
</bind>
</comp>

<comp id="85" class="1004" name="i_load_load_fu_85">
<pin_list>
<pin id="86" dir="0" index="0" bw="31" slack="0"/>
<pin id="87" dir="1" index="1" bw="31" slack="0"/>
</pin_list>
<bind>
<opcode="load(27) " fcode="load"/>
<opset="i_load/1 "/>
</bind>
</comp>

<comp id="88" class="1004" name="zext_ln38_fu_88">
<pin_list>
<pin id="89" dir="0" index="0" bw="31" slack="0"/>
<pin id="90" dir="1" index="1" bw="32" slack="0"/>
</pin_list>
<bind>
<opcode="zext(34) " fcode="zext"/>
<opset="zext_ln38/1 "/>
</bind>
</comp>

<comp id="92" class="1004" name="icmp_ln38_fu_92">
<pin_list>
<pin id="93" dir="0" index="0" bw="31" slack="0"/>
<pin id="94" dir="0" index="1" bw="32" slack="0"/>
<pin id="95" dir="1" index="2" bw="1" slack="1"/>
</pin_list>
<bind>
<opcode="icmp(45) " fcode="icmp"/>
<opset="icmp_ln38/1 "/>
</bind>
</comp>

<comp id="98" class="1004" name="gmem_addr_fu_98">
<pin_list>
<pin id="99" dir="0" index="0" bw="8" slack="0"/>
<pin id="100" dir="0" index="1" bw="64" slack="0"/>
<pin id="101" dir="1" index="2" bw="8" slack="2"/>
</pin_list>
<bind>
<opcode="getelementptr(29) " fcode="getelementptr"/>
<opset="gmem_addr/1 "/>
</bind>
</comp>

<comp id="104" class="1004" name="add_ln38_fu_104">
<pin_list>
<pin id="105" dir="0" index="0" bw="31" slack="0"/>
<pin id="106" dir="0" index="1" bw="1" slack="0"/>
<pin id="107" dir="1" index="2" bw="31" slack="0"/>
</pin_list>
<bind>
<opcode="add(8) " fcode="add"/>
<opset="add_ln38/1 "/>
</bind>
</comp>

<comp id="110" class="1004" name="store_ln38_store_fu_110">
<pin_list>
<pin id="111" dir="0" index="0" bw="31" slack="0"/>
<pin id="112" dir="0" index="1" bw="31" slack="0"/>
<pin id="113" dir="1" index="2" bw="0" slack="2147483647"/>
</pin_list>
<bind>
<opcode="store(28) " fcode="store"/>
<opset="store_ln38/1 "/>
</bind>
</comp>

<comp id="115" class="1005" name="i_reg_115">
<pin_list>
<pin id="116" dir="0" index="0" bw="31" slack="0"/>
<pin id="117" dir="1" index="1" bw="31" slack="0"/>
</pin_list>
<bind>
<opset="i "/>
</bind>
</comp>

<comp id="122" class="1005" name="icmp_ln38_reg_122">
<pin_list>
<pin id="123" dir="0" index="0" bw="1" slack="1"/>
<pin id="124" dir="1" index="1" bw="1" slack="2147483647"/>
</pin_list>
<bind>
<opset="icmp_ln38 "/>
</bind>
</comp>

<comp id="126" class="1005" name="gmem_addr_reg_126">
<pin_list>
<pin id="127" dir="0" index="0" bw="8" slack="2"/>
<pin id="128" dir="1" index="1" bw="8" slack="2"/>
</pin_list>
<bind>
<opset="gmem_addr "/>
</bind>
</comp>

<comp id="131" class="1005" name="stream_out_read_reg_131">
<pin_list>
<pin id="132" dir="0" index="0" bw="8" slack="1"/>
<pin id="133" dir="1" index="1" bw="8" slack="1"/>
</pin_list>
<bind>
<opset="stream_out_read "/>
</bind>
</comp>

</comp_list>

<net_list>
<net id="53"><net_src comp="8" pin="0"/><net_sink comp="50" pin=0"/></net>

<net id="58"><net_src comp="30" pin="0"/><net_sink comp="54" pin=0"/></net>

<net id="59"><net_src comp="4" pin="0"/><net_sink comp="54" pin=1"/></net>

<net id="64"><net_src comp="32" pin="0"/><net_sink comp="60" pin=0"/></net>

<net id="65"><net_src comp="0" pin="0"/><net_sink comp="60" pin=1"/></net>

<net id="70"><net_src comp="38" pin="0"/><net_sink comp="66" pin=0"/></net>

<net id="71"><net_src comp="6" pin="0"/><net_sink comp="66" pin=1"/></net>

<net id="78"><net_src comp="46" pin="0"/><net_sink comp="72" pin=0"/></net>

<net id="79"><net_src comp="48" pin="0"/><net_sink comp="72" pin=3"/></net>

<net id="84"><net_src comp="34" pin="0"/><net_sink comp="80" pin=0"/></net>

<net id="91"><net_src comp="85" pin="1"/><net_sink comp="88" pin=0"/></net>

<net id="96"><net_src comp="88" pin="1"/><net_sink comp="92" pin=0"/></net>

<net id="97"><net_src comp="60" pin="2"/><net_sink comp="92" pin=1"/></net>

<net id="102"><net_src comp="2" pin="0"/><net_sink comp="98" pin=0"/></net>

<net id="103"><net_src comp="54" pin="2"/><net_sink comp="98" pin=1"/></net>

<net id="108"><net_src comp="85" pin="1"/><net_sink comp="104" pin=0"/></net>

<net id="109"><net_src comp="36" pin="0"/><net_sink comp="104" pin=1"/></net>

<net id="114"><net_src comp="104" pin="2"/><net_sink comp="110" pin=0"/></net>

<net id="118"><net_src comp="50" pin="1"/><net_sink comp="115" pin=0"/></net>

<net id="119"><net_src comp="115" pin="1"/><net_sink comp="80" pin=1"/></net>

<net id="120"><net_src comp="115" pin="1"/><net_sink comp="85" pin=0"/></net>

<net id="121"><net_src comp="115" pin="1"/><net_sink comp="110" pin=1"/></net>

<net id="125"><net_src comp="92" pin="2"/><net_sink comp="122" pin=0"/></net>

<net id="129"><net_src comp="98" pin="2"/><net_sink comp="126" pin=0"/></net>

<net id="130"><net_src comp="126" pin="1"/><net_sink comp="72" pin=1"/></net>

<net id="134"><net_src comp="66" pin="2"/><net_sink comp="131" pin=0"/></net>

<net id="135"><net_src comp="131" pin="1"/><net_sink comp="72" pin=2"/></net>

</net_list>

</model> 
---------------- Datapath Model END ------------------

* FSMD analyzer results:
  - Output states:
	Port: gmem | {3 }
 - Input state : 
	Port: write_stage_Pipeline_VITIS_LOOP_38_1 : num_pixels_1 | {1 }
	Port: write_stage_Pipeline_VITIS_LOOP_38_1 : out_1 | {1 }
	Port: write_stage_Pipeline_VITIS_LOOP_38_1 : stream_out | {2 }
  - Chain level:
	State 1
		store_ln0 : 1
		i_load : 1
		zext_ln38 : 2
		icmp_ln38 : 3
		br_ln38 : 4
		add_ln38 : 2
		store_ln38 : 3
	State 2
	State 3


============================================================
+ Verbose Summary: Datapath Resource usage 
============================================================

* Functional unit list:
|----------|------------------------------|---------|---------|
| Operation|        Functional Unit       |    FF   |   LUT   |
|----------|------------------------------|---------|---------|
|   icmp   |        icmp_ln38_fu_92       |    0    |    39   |
|----------|------------------------------|---------|---------|
|    add   |        add_ln38_fu_104       |    0    |    38   |
|----------|------------------------------|---------|---------|
|          |     out_1_read_read_fu_54    |    0    |    0    |
|   read   | num_pixels_1_read_read_fu_60 |    0    |    0    |
|          |  stream_out_read_read_fu_66  |    0    |    0    |
|----------|------------------------------|---------|---------|
|   write  |    write_ln40_write_fu_72    |    0    |    0    |
|----------|------------------------------|---------|---------|
|   zext   |        zext_ln38_fu_88       |    0    |    0    |
|----------|------------------------------|---------|---------|
|   Total  |                              |    0    |    77   |
|----------|------------------------------|---------|---------|

Memories:
N/A

* Register list:
+-----------------------+--------+
|                       |   FF   |
+-----------------------+--------+
|   gmem_addr_reg_126   |    8   |
|       i_reg_115       |   31   |
|   icmp_ln38_reg_122   |    1   |
|stream_out_read_reg_131|    8   |
+-----------------------+--------+
|         Total         |   48   |
+-----------------------+--------+

* Multiplexer (MUX) list: 
|--------|------|------|------|--------|
|  Comp  |  Pin | Size |  BW  | S x BW |
|--------|------|------|------|--------|
|  Total |      |      |      |    0   |
|--------|------|------|------|--------|



* Summary:
+-----------+--------+--------+
|           |   FF   |   LUT  |
+-----------+--------+--------+
|  Function |    0   |   77   |
|   Memory  |    -   |    -   |
|Multiplexer|    -   |    -   |
|  Register |   48   |    -   |
+-----------+--------+--------+
|   Total   |   48   |   77   |
+-----------+--------+--------+
