

================================================================
== Vitis HLS Report for 'write_stage'
================================================================
* Date:           Sun Jul 19 18:25:25 2026

* Version:        2024.1 (Build 5069499 on May 21 2024)
* Project:        gray_kernel_prj
* Solution:       solution1 (Vivado IP Flow Target)
* Product family: zynquplus
* Target device:  xck26-sfvc784-2LV-c


================================================================
== Performance Estimates
================================================================
+ Timing: 
    * Summary: 
    +--------+---------+----------+------------+
    |  Clock |  Target | Estimated| Uncertainty|
    +--------+---------+----------+------------+
    |ap_clk  |  4.00 ns|  2.920 ns|     1.08 ns|
    +--------+---------+----------+------------+

+ Latency: 
    * Summary: 
    +---------+---------+----------+----------+-----+-----+---------+
    |  Latency (cycles) |  Latency (absolute) |  Interval | Pipeline|
    |   min   |   max   |    min   |    max   | min | max |   Type  |
    +---------+---------+----------+----------+-----+-----+---------+
    |        ?|        ?|         ?|         ?|    ?|    ?|       no|
    +---------+---------+----------+----------+-----+-----+---------+

    + Detail: 
        * Instance: 
        N/A

        * Loop: 
        N/A

============================================================
+ Verbose Summary: Synthesis Manager
============================================================
InlineROM: 1
ExposeGlobal: 0
============================================================
+ Verbose Summary: CDFG Model
============================================================
IsTopModel: 0
ResetActiveHigh: 1
IsCombinational: 2
IsDatapathOnly: 0
HasWiredReturn: 1
HasMFsm: 0
HasVarLatency: 1
IsPipeline: 0
IsRtlPipelined: 0
IsInstanceOverlapped: 0
IsDontTouch: 0
HasImplIP: 0
IsGatedGlobalClock: 0


============================================================
+ Verbose Summary: Schedule
============================================================
* Number of FSM states : 9
* Pipeline : 0
* Dataflow Pipeline: 0

* FSM state transitions: 
1 --> 2 
2 --> 3 
3 --> 4 
4 --> 5 
5 --> 6 
6 --> 7 
7 --> 8 
8 --> 9 
9 --> 

* FSM state operations: 

State 1 <SV = 0> <Delay = 2.89>
ST_1 : Operation 10 [1/1] (1.46ns)   --->   "%num_pixels_1 = read i32 @_ssdm_op_Read.ap_fifo.i32P0A, i32 %num_pixels"   --->   Operation 10 'read' 'num_pixels_1' <Predicate = true> <Delay = 1.46> <CoreInst = "FIFO_SRL">   --->   Core 80 'FIFO_SRL' <Latency = 0> <II = 1> <Delay = 1.83> <Storage> <Opcode : 'read' 'write' 'nbread' 'nbwrite'> <Ports = 0> <Width = 32> <Depth = 2> <FIFO>
ST_1 : Operation 11 [1/1] (1.46ns)   --->   "%out_1 = read i64 @_ssdm_op_Read.ap_fifo.i64P0A, i64 %out_r"   --->   Operation 11 'read' 'out_1' <Predicate = true> <Delay = 1.46> <CoreInst = "FIFO_SRL">   --->   Core 80 'FIFO_SRL' <Latency = 0> <II = 1> <Delay = 1.83> <Storage> <Opcode : 'read' 'write' 'nbread' 'nbwrite'> <Ports = 0> <Width = 64> <Depth = 4> <FIFO>
ST_1 : Operation 12 [1/1] (1.01ns)   --->   "%icmp_ln38 = icmp_sgt  i32 %num_pixels_1, i32 0" [gray_kernel.cpp:38]   --->   Operation 12 'icmp' 'icmp_ln38' <Predicate = true> <Delay = 1.01> <CoreInst = "Cmp">   --->   Core 9 'Cmp' <Latency = 0> <II = 1> <Delay = 1.01> <FuncUnit> <Opcode : 'seteq' 'setne' 'setle' 'setge' 'setlt' 'setgt'> <InPorts = 2> <OutPorts = 1>
ST_1 : Operation 13 [1/1] (0.00ns)   --->   "%trunc_ln38 = trunc i32 %num_pixels_1" [gray_kernel.cpp:38]   --->   Operation 13 'trunc' 'trunc_ln38' <Predicate = true> <Delay = 0.00>
ST_1 : Operation 14 [1/1] (0.41ns)   --->   "%empty = select i1 %icmp_ln38, i31 %trunc_ln38, i31 0" [gray_kernel.cpp:38]   --->   Operation 14 'select' 'empty' <Predicate = true> <Delay = 0.41> <CoreInst = "Sel">   --->   Core 73 'Sel' <Latency = 0> <II = 1> <Delay = 0.41> <FuncUnit> <Opcode : 'select'> <InPorts = 3> <OutPorts = 1>

State 2 <SV = 1> <Delay = 2.92>
ST_2 : Operation 15 [1/1] (0.00ns)   --->   "%gmem_addr = getelementptr i8 %gmem, i64 %out_1" [gray_kernel.cpp:38]   --->   Operation 15 'getelementptr' 'gmem_addr' <Predicate = true> <Delay = 0.00>
ST_2 : Operation 16 [1/1] (0.00ns)   --->   "%zext_ln38 = zext i31 %empty" [gray_kernel.cpp:38]   --->   Operation 16 'zext' 'zext_ln38' <Predicate = true> <Delay = 0.00>
ST_2 : Operation 17 [1/1] (2.92ns)   --->   "%empty_27 = writereq i1 @_ssdm_op_WriteReq.m_axi.p1i8, i8 %gmem_addr, i64 %zext_ln38" [gray_kernel.cpp:38]   --->   Operation 17 'writereq' 'empty_27' <Predicate = true> <Delay = 2.92> <CoreInst = "m_axi">   --->   Core 119 'm_axi' <Latency = 0> <II = 1> <Delay = 1.00> <Adapter> <Opcode : 'read' 'write' 'readreq' 'writereq' 'writeresp'>

State 3 <SV = 2> <Delay = 1.44>
ST_3 : Operation 18 [1/1] (0.00ns)   --->   "%empty_28 = wait i32 @_ssdm_op_Wait"   --->   Operation 18 'wait' 'empty_28' <Predicate = true> <Delay = 0.00>
ST_3 : Operation 19 [2/2] (1.44ns)   --->   "%call_ln0 = call void @write_stage_Pipeline_VITIS_LOOP_38_1, i32 %num_pixels_1, i8 %gmem, i64 %out_1, i8 %stream_out"   --->   Operation 19 'call' 'call_ln0' <Predicate = true> <Delay = 1.44> <CoreType = "Generic">   --->   Core 0 '' <Latency = 0> <II = 1> <Delay = 1.00> <Generic> <Opcode : >

State 4 <SV = 3> <Delay = 0.00>
ST_4 : Operation 20 [1/2] (0.00ns)   --->   "%call_ln0 = call void @write_stage_Pipeline_VITIS_LOOP_38_1, i32 %num_pixels_1, i8 %gmem, i64 %out_1, i8 %stream_out"   --->   Operation 20 'call' 'call_ln0' <Predicate = true> <Delay = 0.00> <CoreType = "Generic">   --->   Core 0 '' <Latency = 0> <II = 1> <Delay = 1.00> <Generic> <Opcode : >

State 5 <SV = 4> <Delay = 2.92>
ST_5 : Operation 21 [5/5] (2.92ns)   --->   "%empty_29 = writeresp i1 @_ssdm_op_WriteResp.m_axi.p1i8, i8 %gmem_addr" [gray_kernel.cpp:42]   --->   Operation 21 'writeresp' 'empty_29' <Predicate = true> <Delay = 2.92> <CoreInst = "m_axi">   --->   Core 119 'm_axi' <Latency = 0> <II = 1> <Delay = 1.00> <Adapter> <Opcode : 'read' 'write' 'readreq' 'writereq' 'writeresp'>

State 6 <SV = 5> <Delay = 2.92>
ST_6 : Operation 22 [4/5] (2.92ns)   --->   "%empty_29 = writeresp i1 @_ssdm_op_WriteResp.m_axi.p1i8, i8 %gmem_addr" [gray_kernel.cpp:42]   --->   Operation 22 'writeresp' 'empty_29' <Predicate = true> <Delay = 2.92> <CoreInst = "m_axi">   --->   Core 119 'm_axi' <Latency = 0> <II = 1> <Delay = 1.00> <Adapter> <Opcode : 'read' 'write' 'readreq' 'writereq' 'writeresp'>

State 7 <SV = 6> <Delay = 2.92>
ST_7 : Operation 23 [3/5] (2.92ns)   --->   "%empty_29 = writeresp i1 @_ssdm_op_WriteResp.m_axi.p1i8, i8 %gmem_addr" [gray_kernel.cpp:42]   --->   Operation 23 'writeresp' 'empty_29' <Predicate = true> <Delay = 2.92> <CoreInst = "m_axi">   --->   Core 119 'm_axi' <Latency = 0> <II = 1> <Delay = 1.00> <Adapter> <Opcode : 'read' 'write' 'readreq' 'writereq' 'writeresp'>

State 8 <SV = 7> <Delay = 2.92>
ST_8 : Operation 24 [2/5] (2.92ns)   --->   "%empty_29 = writeresp i1 @_ssdm_op_WriteResp.m_axi.p1i8, i8 %gmem_addr" [gray_kernel.cpp:42]   --->   Operation 24 'writeresp' 'empty_29' <Predicate = true> <Delay = 2.92> <CoreInst = "m_axi">   --->   Core 119 'm_axi' <Latency = 0> <II = 1> <Delay = 1.00> <Adapter> <Opcode : 'read' 'write' 'readreq' 'writereq' 'writeresp'>

State 9 <SV = 8> <Delay = 2.92>
ST_9 : Operation 25 [1/1] (0.00ns)   --->   "%specinterface_ln0 = specinterface void @_ssdm_op_SpecInterface, i32 %num_pixels, void @ap_fifo_str, i32 0, i32 0, void @p_str, i32 0, i32 0, void @p_str, void @p_str, void @p_str, i32 2, i32 2, i32 16, i32 16, void @p_str, void @ScalarProp_str, i32 4294967295, i32 0, i32 0"   --->   Operation 25 'specinterface' 'specinterface_ln0' <Predicate = true> <Delay = 0.00>
ST_9 : Operation 26 [1/1] (0.00ns)   --->   "%specinterface_ln0 = specinterface void @_ssdm_op_SpecInterface, i64 %out_r, void @ap_fifo_str, i32 0, i32 0, void @p_str, i32 0, i32 0, void @p_str, void @p_str, void @p_str, i32 2, i32 2, i32 16, i32 16, void @p_str, void @ScalarProp_str, i32 4294967295, i32 0, i32 0"   --->   Operation 26 'specinterface' 'specinterface_ln0' <Predicate = true> <Delay = 0.00>
ST_9 : Operation 27 [1/1] (0.00ns)   --->   "%specinterface_ln0 = specinterface void @_ssdm_op_SpecInterface, i8 %stream_out, void @empty_6, i32 0, i32 0, void @empty_9, i32 0, i32 0, void @empty_9, void @empty_9, void @empty_9, i32 0, i32 0, i32 0, i32 0, void @empty_9, void @empty_9, i32 4294967295, i32 0, i32 0"   --->   Operation 27 'specinterface' 'specinterface_ln0' <Predicate = true> <Delay = 0.00>
ST_9 : Operation 28 [1/1] (0.00ns)   --->   "%specinterface_ln0 = specinterface void @_ssdm_op_SpecInterface, i8 %gmem, void @empty_1, i32 0, i32 0, void @empty_9, i32 0, i32 6220800, void @empty_2, void @empty_10, void @empty_9, i32 16, i32 16, i32 16, i32 16, void @empty_9, void @empty_9, i32 4294967295, i32 0, i32 0"   --->   Operation 28 'specinterface' 'specinterface_ln0' <Predicate = true> <Delay = 0.00>
ST_9 : Operation 29 [1/5] (2.92ns)   --->   "%empty_29 = writeresp i1 @_ssdm_op_WriteResp.m_axi.p1i8, i8 %gmem_addr" [gray_kernel.cpp:42]   --->   Operation 29 'writeresp' 'empty_29' <Predicate = true> <Delay = 2.92> <CoreInst = "m_axi">   --->   Core 119 'm_axi' <Latency = 0> <II = 1> <Delay = 1.00> <Adapter> <Opcode : 'read' 'write' 'readreq' 'writereq' 'writeresp'>
ST_9 : Operation 30 [1/1] (0.00ns)   --->   "%ret_ln42 = ret" [gray_kernel.cpp:42]   --->   Operation 30 'ret' 'ret_ln42' <Predicate = true> <Delay = 0.00>


============================================================
+ Verbose Summary: Timing violations
============================================================
Target clock period: 4.000ns, clock uncertainty: 1.080ns.

 <State 1>: 2.894ns
The critical path consists of the following:
	fifo read operation ('num_pixels') on port 'num_pixels' [6]  (1.460 ns)
	'icmp' operation 1 bit ('icmp_ln38', gray_kernel.cpp:38) [11]  (1.016 ns)
	'select' operation 31 bit ('empty', gray_kernel.cpp:38) [14]  (0.418 ns)

 <State 2>: 2.920ns
The critical path consists of the following:
	'getelementptr' operation 8 bit ('gmem_addr', gray_kernel.cpp:38) [13]  (0.000 ns)
	bus request operation ('empty_27', gray_kernel.cpp:38) on port 'gmem' (gray_kernel.cpp:38) [16]  (2.920 ns)

 <State 3>: 1.443ns
The critical path consists of the following:
	'call' operation 0 bit ('call_ln0') to 'write_stage_Pipeline_VITIS_LOOP_38_1' [18]  (1.443 ns)

 <State 4>: 0.000ns
The critical path consists of the following:

 <State 5>: 2.920ns
The critical path consists of the following:
	bus response operation ('empty_29', gray_kernel.cpp:42) on port 'gmem' (gray_kernel.cpp:42) [19]  (2.920 ns)

 <State 6>: 2.920ns
The critical path consists of the following:
	bus response operation ('empty_29', gray_kernel.cpp:42) on port 'gmem' (gray_kernel.cpp:42) [19]  (2.920 ns)

 <State 7>: 2.920ns
The critical path consists of the following:
	bus response operation ('empty_29', gray_kernel.cpp:42) on port 'gmem' (gray_kernel.cpp:42) [19]  (2.920 ns)

 <State 8>: 2.920ns
The critical path consists of the following:
	bus response operation ('empty_29', gray_kernel.cpp:42) on port 'gmem' (gray_kernel.cpp:42) [19]  (2.920 ns)

 <State 9>: 2.920ns
The critical path consists of the following:
	bus response operation ('empty_29', gray_kernel.cpp:42) on port 'gmem' (gray_kernel.cpp:42) [19]  (2.920 ns)


============================================================
+ Verbose Summary: Binding
============================================================
N/A
* FSMD analyzer results:
  - Output states:
 - Input state : 
  - Chain level:
	State 1
	State 2
	State 3
	State 4
	State 5
	State 6
	State 7
	State 8
	State 9


============================================================
+ Verbose Summary: Datapath Resource usage 
============================================================
N/A
