

================================================================
== Vitis HLS Report for 'write_stage_Pipeline_VITIS_LOOP_38_1'
================================================================
* Date:           Sun Jul 19 18:25:25 2026

* Version:        2024.1 (Build 5069499 on May 21 2024)
* Project:        gray_kernel_prj
* Solution:       solution1 (Vivado IP Flow Target)
* Product family: zynquplus
* Target device:  xck26-sfvc784-2LV-c


================================================================
== Performance Estimates
================================================================
+ Timing: 
    * Summary: 
    +--------+---------+----------+------------+
    |  Clock |  Target | Estimated| Uncertainty|
    +--------+---------+----------+------------+
    |ap_clk  |  4.00 ns|  2.920 ns|     1.08 ns|
    +--------+---------+----------+------------+

+ Latency: 
    * Summary: 
    +---------+---------+----------+----------+-----+-----+-----------------------------------------------+
    |  Latency (cycles) |  Latency (absolute) |  Interval |                    Pipeline                   |
    |   min   |   max   |    min   |    max   | min | max |                      Type                     |
    +---------+---------+----------+----------+-----+-----+-----------------------------------------------+
    |        ?|        ?|         ?|         ?|    0|    0|  loop auto-rewind stp(delay=0 clock cycles(s))|
    +---------+---------+----------+----------+-----+-----+-----------------------------------------------+

    + Detail: 
        * Instance: 
        N/A

        * Loop: 
        +-------------------+---------+---------+----------+-----------+-----------+------+----------+
        |                   |  Latency (cycles) | Iteration|  Initiation Interval  | Trip |          |
        |     Loop Name     |   min   |   max   |  Latency |  achieved |   target  | Count| Pipelined|
        +-------------------+---------+---------+----------+-----------+-----------+------+----------+
        |- VITIS_LOOP_38_1  |        ?|        ?|         3|          1|          1|     ?|       yes|
        +-------------------+---------+---------+----------+-----------+-----------+------+----------+

============================================================
+ Verbose Summary: Synthesis Manager
============================================================
InlineROM: 1
ExposeGlobal: 0
============================================================
+ Verbose Summary: CDFG Model
============================================================
IsTopModel: 0
ResetActiveHigh: 1
IsCombinational: 0
IsDatapathOnly: 0
HasWiredReturn: 1
HasMFsm: 2
HasVarLatency: 1
IsPipeline: 0
IsRtlPipelined: 0
IsInstanceOverlapped: 0
IsDontTouch: 0
HasImplIP: 0
IsGatedGlobalClock: 0

+ Individual pipeline summary: 
  * Pipeline-0: initiation interval (II) = 1, depth = 3


============================================================
+ Verbose Summary: Schedule
============================================================
* Number of FSM states : 3
* Pipeline : 1
  Pipeline-0 : II = 1, D = 3, States = { 1 2 3 }
* Dataflow Pipeline: 0

* FSM state transitions: 
1 --> 2 
2 --> 3 
3 --> 

* FSM state operations: 

State 1 <SV = 0> <Delay = 1.87>
ST_1 : Operation 6 [1/1] (0.00ns)   --->   "%i = alloca i32 1"   --->   Operation 6 'alloca' 'i' <Predicate = true> <Delay = 0.00>
ST_1 : Operation 7 [1/1] (0.00ns)   --->   "%specinterface_ln0 = specinterface void @_ssdm_op_SpecInterface, i8 %gmem, void @empty_1, i32 0, i32 0, void @empty_9, i32 0, i32 6220800, void @empty_2, void @empty_10, void @empty_9, i32 16, i32 16, i32 16, i32 16, void @empty_9, void @empty_9, i32 4294967295, i32 0, i32 0"   --->   Operation 7 'specinterface' 'specinterface_ln0' <Predicate = true> <Delay = 0.00>
ST_1 : Operation 8 [1/1] (0.00ns)   --->   "%specinterface_ln0 = specinterface void @_ssdm_op_SpecInterface, i8 %stream_out, void @empty_6, i32 0, i32 0, void @empty_9, i32 0, i32 0, void @empty_9, void @empty_9, void @empty_9, i32 0, i32 0, i32 0, i32 0, void @empty_9, void @empty_9, i32 4294967295, i32 0, i32 0"   --->   Operation 8 'specinterface' 'specinterface_ln0' <Predicate = true> <Delay = 0.00>
ST_1 : Operation 9 [1/1] (0.00ns)   --->   "%out_1_read = read i64 @_ssdm_op_Read.ap_auto.i64, i64 %out_1" [gray_kernel.cpp:36]   --->   Operation 9 'read' 'out_1_read' <Predicate = true> <Delay = 0.00>
ST_1 : Operation 10 [1/1] (0.00ns)   --->   "%num_pixels_1_read = read i32 @_ssdm_op_Read.ap_auto.i32, i32 %num_pixels_1" [gray_kernel.cpp:36]   --->   Operation 10 'read' 'num_pixels_1_read' <Predicate = true> <Delay = 0.00>
ST_1 : Operation 11 [1/1] (0.42ns)   --->   "%store_ln0 = store i31 0, i31 %i"   --->   Operation 11 'store' 'store_ln0' <Predicate = true> <Delay = 0.42>
ST_1 : Operation 12 [1/1] (0.00ns)   --->   "%br_ln38 = br void %for.inc" [gray_kernel.cpp:38]   --->   Operation 12 'br' 'br_ln38' <Predicate = true> <Delay = 0.00>
ST_1 : Operation 13 [1/1] (0.00ns)   --->   "%i_load = load i31 %i" [gray_kernel.cpp:38]   --->   Operation 13 'load' 'i_load' <Predicate = true> <Delay = 0.00>
ST_1 : Operation 14 [1/1] (0.00ns)   --->   "%zext_ln38 = zext i31 %i_load" [gray_kernel.cpp:38]   --->   Operation 14 'zext' 'zext_ln38' <Predicate = true> <Delay = 0.00>
ST_1 : Operation 15 [1/1] (1.01ns)   --->   "%icmp_ln38 = icmp_slt  i32 %zext_ln38, i32 %num_pixels_1_read" [gray_kernel.cpp:38]   --->   Operation 15 'icmp' 'icmp_ln38' <Predicate = true> <Delay = 1.01> <CoreInst = "Cmp">   --->   Core 9 'Cmp' <Latency = 0> <II = 1> <Delay = 1.01> <FuncUnit> <Opcode : 'seteq' 'setne' 'setle' 'setge' 'setlt' 'setgt'> <InPorts = 2> <OutPorts = 1>
ST_1 : Operation 16 [1/1] (0.00ns)   --->   "%br_ln38 = br i1 %icmp_ln38, void %for.end.loopexit.exitStub, void %for.inc.split" [gray_kernel.cpp:38]   --->   Operation 16 'br' 'br_ln38' <Predicate = true> <Delay = 0.00>
ST_1 : Operation 17 [1/1] (0.00ns)   --->   "%gmem_addr = getelementptr i8 %gmem, i64 %out_1_read" [gray_kernel.cpp:38]   --->   Operation 17 'getelementptr' 'gmem_addr' <Predicate = (icmp_ln38)> <Delay = 0.00>
ST_1 : Operation 18 [1/1] (1.00ns)   --->   "%add_ln38 = add i31 %i_load, i31 1" [gray_kernel.cpp:38]   --->   Operation 18 'add' 'add_ln38' <Predicate = (icmp_ln38)> <Delay = 1.00> <CoreInst = "Adder">   --->   Core 1 'Adder' <Latency = 0> <II = 1> <Delay = 1.00> <FuncUnit> <Opcode : 'add' 'sub'> <InPorts = 2> <OutPorts = 1>
ST_1 : Operation 19 [1/1] (0.42ns)   --->   "%store_ln38 = store i31 %add_ln38, i31 %i" [gray_kernel.cpp:38]   --->   Operation 19 'store' 'store_ln38' <Predicate = (icmp_ln38)> <Delay = 0.42>

State 2 <SV = 1> <Delay = 1.46>
ST_2 : Operation 20 [1/1] (1.46ns)   --->   "%stream_out_read = read i8 @_ssdm_op_Read.ap_fifo.volatile.i8P0A, i8 %stream_out" [gray_kernel.cpp:40]   --->   Operation 20 'read' 'stream_out_read' <Predicate = true> <Delay = 1.46> <CoreInst = "FIFO">   --->   Core 77 'FIFO' <Latency = 0> <II = 1> <Delay = 1.65> <Storage> <Opcode : 'read' 'write' 'nbread' 'nbwrite'> <Ports = 0> <Width = 8> <Depth = 256> <FIFO>
ST_2 : Operation 25 [1/1] (0.42ns)   --->   "%ret_ln0 = ret"   --->   Operation 25 'ret' 'ret_ln0' <Predicate = (!icmp_ln38)> <Delay = 0.42>

State 3 <SV = 2> <Delay = 2.92>
ST_3 : Operation 21 [1/1] (0.00ns)   --->   "%specpipeline_ln39 = specpipeline void @_ssdm_op_SpecPipeline, i32 1, i32 0, i32 0, i32 0, void @empty_9" [gray_kernel.cpp:39]   --->   Operation 21 'specpipeline' 'specpipeline_ln39' <Predicate = true> <Delay = 0.00>
ST_3 : Operation 22 [1/1] (0.00ns)   --->   "%specloopname_ln38 = specloopname void @_ssdm_op_SpecLoopName, void @empty_14" [gray_kernel.cpp:38]   --->   Operation 22 'specloopname' 'specloopname_ln38' <Predicate = true> <Delay = 0.00>
ST_3 : Operation 23 [1/1] (2.92ns)   --->   "%write_ln40 = write void @_ssdm_op_Write.m_axi.p1i8, i8 %gmem_addr, i8 %stream_out_read, i1 1" [gray_kernel.cpp:40]   --->   Operation 23 'write' 'write_ln40' <Predicate = true> <Delay = 2.92> <CoreInst = "m_axi">   --->   Core 119 'm_axi' <Latency = 0> <II = 1> <Delay = 1.00> <Adapter> <Opcode : 'read' 'write' 'readreq' 'writereq' 'writeresp'>
ST_3 : Operation 24 [1/1] (0.00ns)   --->   "%br_ln38 = br void %for.inc" [gray_kernel.cpp:38]   --->   Operation 24 'br' 'br_ln38' <Predicate = true> <Delay = 0.00>


============================================================
+ Verbose Summary: Timing violations
============================================================
Target clock period: 4.000ns, clock uncertainty: 1.080ns.

 <State 1>: 1.870ns
The critical path consists of the following:
	'store' operation 0 bit ('store_ln0') of constant 0 on local variable 'i' [10]  (0.427 ns)
	'load' operation 31 bit ('i_load', gray_kernel.cpp:38) on local variable 'i' [13]  (0.000 ns)
	'icmp' operation 1 bit ('icmp_ln38', gray_kernel.cpp:38) [15]  (1.016 ns)
	'store' operation 0 bit ('store_ln38', gray_kernel.cpp:38) of variable 'add_ln38', gray_kernel.cpp:38 on local variable 'i' [24]  (0.427 ns)

 <State 2>: 1.460ns
The critical path consists of the following:
	fifo read operation ('stream_out_read', gray_kernel.cpp:40) on port 'stream_out' (gray_kernel.cpp:40) [22]  (1.460 ns)

 <State 3>: 2.920ns
The critical path consists of the following:
	bus write operation ('write_ln40', gray_kernel.cpp:40) on port 'gmem' (gray_kernel.cpp:40) [23]  (2.920 ns)


============================================================
+ Verbose Summary: Binding
============================================================
N/A
* FSMD analyzer results:
  - Output states:
 - Input state : 
  - Chain level:
	State 1
	State 2
	State 3


============================================================
+ Verbose Summary: Datapath Resource usage 
============================================================
N/A
