#-----------------------------------------------------------
# Vivado v2024.1 (64-bit)
# SW Build 5076996 on Wed May 22 18:36:09 MDT 2024
# IP Build 5075265 on Wed May 22 21:45:21 MDT 2024
# SharedData Build 5076995 on Wed May 22 18:29:18 MDT 2024
# Start of session at: Sun Jul 19 18:29:04 2026
# Process ID: 90456
# Current directory: /home/jezuniga/mnt/HDD/Maestria/2026Q2/Diseno_de_alto_nivel_de_sistemas_electronicos/image_processing_system/HSL_Vitis/gray_kernel_prj/solution1/impl/ip
# Command line: vivado -notrace -mode batch -source run_ippack.tcl
# Log file: /home/jezuniga/mnt/HDD/Maestria/2026Q2/Diseno_de_alto_nivel_de_sistemas_electronicos/image_processing_system/HSL_Vitis/gray_kernel_prj/solution1/impl/ip/vivado.log
# Journal file: /home/jezuniga/mnt/HDD/Maestria/2026Q2/Diseno_de_alto_nivel_de_sistemas_electronicos/image_processing_system/HSL_Vitis/gray_kernel_prj/solution1/impl/ip/vivado.jou
# Running On        :ezr45
# Platform          :Ubuntu
# Operating System  :Ubuntu 26.04 LTS
# Processor Detail  :AMD Ryzen 9 5900X 12-Core Processor
# CPU Frequency     :3478.706 MHz
# CPU Physical cores:12
# CPU Logical cores :24
# Host memory       :32474 MB
# Swap memory       :8589 MB
# Total Virtual     :41064 MB
# Available Virtual :28251 MB
#-----------------------------------------------------------
source run_ippack.tcl -notrace
INFO: calling package_hls_ip ip_types=vitis sysgen json_file=/home/jezuniga/mnt/HDD/Maestria/2026Q2/Diseno_de_alto_nivel_de_sistemas_electronicos/image_processing_system/HSL_Vitis/gray_kernel_prj/solution1/solution1_data.json outdir=/home/jezuniga/mnt/HDD/Maestria/2026Q2/Diseno_de_alto_nivel_de_sistemas_electronicos/image_processing_system/HSL_Vitis/gray_kernel_prj/solution1/impl/ip srcdir=/home/jezuniga/mnt/HDD/Maestria/2026Q2/Diseno_de_alto_nivel_de_sistemas_electronicos/image_processing_system/HSL_Vitis/gray_kernel_prj/solution1 sort_interfaces_ports=false
INFO: Copied 1 ipmisc file(s) to /home/jezuniga/mnt/HDD/Maestria/2026Q2/Diseno_de_alto_nivel_de_sistemas_electronicos/image_processing_system/HSL_Vitis/gray_kernel_prj/solution1/impl/ip/misc
INFO: Copied 23 verilog file(s) to /home/jezuniga/mnt/HDD/Maestria/2026Q2/Diseno_de_alto_nivel_de_sistemas_electronicos/image_processing_system/HSL_Vitis/gray_kernel_prj/solution1/impl/ip/hdl/verilog
INFO: Copied 20 vhdl file(s) to /home/jezuniga/mnt/HDD/Maestria/2026Q2/Diseno_de_alto_nivel_de_sistemas_electronicos/image_processing_system/HSL_Vitis/gray_kernel_prj/solution1/impl/ip/hdl/vhdl
INFO: Copied 10 swdriver file(s) to /home/jezuniga/mnt/HDD/Maestria/2026Q2/Diseno_de_alto_nivel_de_sistemas_electronicos/image_processing_system/HSL_Vitis/gray_kernel_prj/solution1/impl/ip/drivers
INFO: Import ports from HDL: /home/jezuniga/mnt/HDD/Maestria/2026Q2/Diseno_de_alto_nivel_de_sistemas_electronicos/image_processing_system/HSL_Vitis/gray_kernel_prj/solution1/impl/ip/hdl/vhdl/gray_kernel.vhd (gray_kernel)
INFO: Add axi4lite interface s_axi_control
INFO: Add clock interface ap_clk
INFO: Add reset interface ap_rst_n
INFO: Add interrupt interface interrupt
INFO: [IP_Flow 19-234] Refreshing IP repositories
INFO: [IP_Flow 19-1704] No user IP repositories specified
INFO: [IP_Flow 19-2313] Loaded Vivado IP repository '/home/jezuniga/tools/Xilinx/Vivado/2024.1/data/ip'.
INFO: Add axi4full interface m_axi_gmem
INFO: Calling post_process_vitis to specialize IP
INFO: Calling post_process_sysgen to specialize IP
Generating sysgen info xml from json file
INFO: Created IP /home/jezuniga/mnt/HDD/Maestria/2026Q2/Diseno_de_alto_nivel_de_sistemas_electronicos/image_processing_system/HSL_Vitis/gray_kernel_prj/solution1/impl/ip/component.xml
INFO: Created IP archive /home/jezuniga/mnt/HDD/Maestria/2026Q2/Diseno_de_alto_nivel_de_sistemas_electronicos/image_processing_system/HSL_Vitis/gray_kernel_prj/solution1/impl/ip/xilinx_com_hls_gray_kernel_1_0.zip
INFO: [Common 17-206] Exiting Vivado at Sun Jul 19 18:29:12 2026...
