Vivado Simulator v2024.1
Copyright 1986-2022 Xilinx, Inc. All Rights Reserved.
Copyright 2022-2024 Advanced Micro Devices, Inc. All Rights Reserved.
Running: /home/jezuniga/tools/Xilinx/Vivado/2024.1/bin/unwrapped/lnx64.o/xelab xil_defaultlib.apatb_gray_kernel_top glbl -Oenable_linking_all_libraries -prj gray_kernel.prj -L smartconnect_v1_0 -L axi_protocol_checker_v1_1_12 -L axi_protocol_checker_v1_1_13 -L axis_protocol_checker_v1_1_11 -L axis_protocol_checker_v1_1_12 -L xil_defaultlib -L unisims_ver -L xpm -L floating_point_v7_0_23 -L floating_point_v7_1_18 --lib ieee_proposed=./ieee_proposed -s gray_kernel 
Multi-threading is on. Using 22 slave threads.
WARNING: [XSIM 43-3431] One or more environment variables have been detected which affect the operation of the C compiler. These are typically not set in standard installations and are not tested by AMD, however they may be appropriate for your system, so the flow will attempt to continue.  If errors occur, try running xelab with the "-mt off -v 1" switches to see more information from the C compiler. The following environment variables have been detected:
INFO: [VRFC 10-2263] Analyzing SystemVerilog file "/home/jezuniga/mnt/HDD/Maestria/2026Q2/Diseno_de_alto_nivel_de_sistemas_electronicos/image_processing_system/HSL_Vitis/gray_kernel_prj/solution1/sim/verilog/glbl.v" into library work
INFO: [VRFC 10-311] analyzing module glbl
INFO: [VRFC 10-2263] Analyzing SystemVerilog file "/home/jezuniga/mnt/HDD/Maestria/2026Q2/Diseno_de_alto_nivel_de_sistemas_electronicos/image_processing_system/HSL_Vitis/gray_kernel_prj/solution1/sim/verilog/gray_kernel.v" into library xil_defaultlib
INFO: [VRFC 10-311] analyzing module gray_kernel
INFO: [VRFC 10-2263] Analyzing SystemVerilog file "/home/jezuniga/mnt/HDD/Maestria/2026Q2/Diseno_de_alto_nivel_de_sistemas_electronicos/image_processing_system/HSL_Vitis/gray_kernel_prj/solution1/sim/verilog/AESL_axi_master_gmem.v" into library xil_defaultlib
INFO: [VRFC 10-311] analyzing module AESL_axi_master_gmem
INFO: [VRFC 10-2263] Analyzing SystemVerilog file "/home/jezuniga/mnt/HDD/Maestria/2026Q2/Diseno_de_alto_nivel_de_sistemas_electronicos/image_processing_system/HSL_Vitis/gray_kernel_prj/solution1/sim/verilog/AESL_axi_slave_control.v" into library xil_defaultlib
INFO: [VRFC 10-311] analyzing module AESL_axi_slave_control
INFO: [VRFC 10-2263] Analyzing SystemVerilog file "/home/jezuniga/mnt/HDD/Maestria/2026Q2/Diseno_de_alto_nivel_de_sistemas_electronicos/image_processing_system/HSL_Vitis/gray_kernel_prj/solution1/sim/verilog/AESL_deadlock_detection_unit.v" into library xil_defaultlib
INFO: [VRFC 10-311] analyzing module AESL_deadlock_detect_unit
INFO: [VRFC 10-2263] Analyzing SystemVerilog file "/home/jezuniga/mnt/HDD/Maestria/2026Q2/Diseno_de_alto_nivel_de_sistemas_electronicos/image_processing_system/HSL_Vitis/gray_kernel_prj/solution1/sim/verilog/AESL_deadlock_detector.v" into library xil_defaultlib
INFO: [VRFC 10-311] analyzing module AESL_deadlock_detector
INFO: [VRFC 10-2263] Analyzing SystemVerilog file "/home/jezuniga/mnt/HDD/Maestria/2026Q2/Diseno_de_alto_nivel_de_sistemas_electronicos/image_processing_system/HSL_Vitis/gray_kernel_prj/solution1/sim/verilog/AESL_deadlock_report_unit.v" into library xil_defaultlib
INFO: [VRFC 10-311] analyzing module AESL_deadlock_report_unit
INFO: [VRFC 10-2263] Analyzing SystemVerilog file "/home/jezuniga/mnt/HDD/Maestria/2026Q2/Diseno_de_alto_nivel_de_sistemas_electronicos/image_processing_system/HSL_Vitis/gray_kernel_prj/solution1/sim/verilog/gray_kernel.autotb.v" into library xil_defaultlib
INFO: [VRFC 10-311] analyzing module apatb_gray_kernel_top
INFO: [VRFC 10-2263] Analyzing SystemVerilog file "/home/jezuniga/mnt/HDD/Maestria/2026Q2/Diseno_de_alto_nivel_de_sistemas_electronicos/image_processing_system/HSL_Vitis/gray_kernel_prj/solution1/sim/verilog/gray_kernel_control_s_axi.v" into library xil_defaultlib
INFO: [VRFC 10-311] analyzing module gray_kernel_control_s_axi
INFO: [VRFC 10-2263] Analyzing SystemVerilog file "/home/jezuniga/mnt/HDD/Maestria/2026Q2/Diseno_de_alto_nivel_de_sistemas_electronicos/image_processing_system/HSL_Vitis/gray_kernel_prj/solution1/sim/verilog/gray_kernel_entry_proc.v" into library xil_defaultlib
INFO: [VRFC 10-311] analyzing module gray_kernel_entry_proc
INFO: [VRFC 10-2263] Analyzing SystemVerilog file "/home/jezuniga/mnt/HDD/Maestria/2026Q2/Diseno_de_alto_nivel_de_sistemas_electronicos/image_processing_system/HSL_Vitis/gray_kernel_prj/solution1/sim/verilog/gray_kernel_fifo_w24_d256_A.v" into library xil_defaultlib
INFO: [VRFC 10-311] analyzing module gray_kernel_fifo_w24_d256_A
INFO: [VRFC 10-311] analyzing module gray_kernel_fifo_w24_d256_A_ram
INFO: [VRFC 10-2263] Analyzing SystemVerilog file "/home/jezuniga/mnt/HDD/Maestria/2026Q2/Diseno_de_alto_nivel_de_sistemas_electronicos/image_processing_system/HSL_Vitis/gray_kernel_prj/solution1/sim/verilog/gray_kernel_fifo_w32_d2_S.v" into library xil_defaultlib
INFO: [VRFC 10-311] analyzing module gray_kernel_fifo_w32_d2_S
INFO: [VRFC 10-311] analyzing module gray_kernel_fifo_w32_d2_S_ShiftReg
INFO: [VRFC 10-2263] Analyzing SystemVerilog file "/home/jezuniga/mnt/HDD/Maestria/2026Q2/Diseno_de_alto_nivel_de_sistemas_electronicos/image_processing_system/HSL_Vitis/gray_kernel_prj/solution1/sim/verilog/gray_kernel_fifo_w64_d4_S.v" into library xil_defaultlib
INFO: [VRFC 10-311] analyzing module gray_kernel_fifo_w64_d4_S
INFO: [VRFC 10-311] analyzing module gray_kernel_fifo_w64_d4_S_ShiftReg
INFO: [VRFC 10-2263] Analyzing SystemVerilog file "/home/jezuniga/mnt/HDD/Maestria/2026Q2/Diseno_de_alto_nivel_de_sistemas_electronicos/image_processing_system/HSL_Vitis/gray_kernel_prj/solution1/sim/verilog/gray_kernel_fifo_w8_d256_A.v" into library xil_defaultlib
INFO: [VRFC 10-311] analyzing module gray_kernel_fifo_w8_d256_A
INFO: [VRFC 10-311] analyzing module gray_kernel_fifo_w8_d256_A_ram
INFO: [VRFC 10-2263] Analyzing SystemVerilog file "/home/jezuniga/mnt/HDD/Maestria/2026Q2/Diseno_de_alto_nivel_de_sistemas_electronicos/image_processing_system/HSL_Vitis/gray_kernel_prj/solution1/sim/verilog/gray_kernel_flow_control_loop_pipe_sequential_init.v" into library xil_defaultlib
INFO: [VRFC 10-311] analyzing module gray_kernel_flow_control_loop_pipe_sequential_init
INFO: [VRFC 10-2263] Analyzing SystemVerilog file "/home/jezuniga/mnt/HDD/Maestria/2026Q2/Diseno_de_alto_nivel_de_sistemas_electronicos/image_processing_system/HSL_Vitis/gray_kernel_prj/solution1/sim/verilog/gray_kernel_gmem_m_axi.v" into library xil_defaultlib
INFO: [VRFC 10-311] analyzing module gray_kernel_gmem_m_axi
INFO: [VRFC 10-311] analyzing module gray_kernel_gmem_m_axi_load
INFO: [VRFC 10-311] analyzing module gray_kernel_gmem_m_axi_store
INFO: [VRFC 10-311] analyzing module gray_kernel_gmem_m_axi_read
INFO: [VRFC 10-311] analyzing module gray_kernel_gmem_m_axi_write
INFO: [VRFC 10-311] analyzing module gray_kernel_gmem_m_axi_burst_converter
INFO: [VRFC 10-311] analyzing module gray_kernel_gmem_m_axi_throttle
INFO: [VRFC 10-311] analyzing module gray_kernel_gmem_m_axi_reg_slice
INFO: [VRFC 10-311] analyzing module gray_kernel_gmem_m_axi_fifo
INFO: [VRFC 10-311] analyzing module gray_kernel_gmem_m_axi_srl
INFO: [VRFC 10-311] analyzing module gray_kernel_gmem_m_axi_mem
INFO: [VRFC 10-2263] Analyzing SystemVerilog file "/home/jezuniga/mnt/HDD/Maestria/2026Q2/Diseno_de_alto_nivel_de_sistemas_electronicos/image_processing_system/HSL_Vitis/gray_kernel_prj/solution1/sim/verilog/gray_kernel_mac_muladd_10ns_8ns_17ns_18_4_1.v" into library xil_defaultlib
INFO: [VRFC 10-311] analyzing module gray_kernel_mac_muladd_10ns_8ns_17ns_18_4_1_DSP48_0
INFO: [VRFC 10-311] analyzing module gray_kernel_mac_muladd_10ns_8ns_17ns_18_4_1
INFO: [VRFC 10-2263] Analyzing SystemVerilog file "/home/jezuniga/mnt/HDD/Maestria/2026Q2/Diseno_de_alto_nivel_de_sistemas_electronicos/image_processing_system/HSL_Vitis/gray_kernel_prj/solution1/sim/verilog/gray_kernel_mac_muladd_8ns_7ns_17ns_17_4_1.v" into library xil_defaultlib
INFO: [VRFC 10-311] analyzing module gray_kernel_mac_muladd_8ns_7ns_17ns_17_4_1_DSP48_0
INFO: [VRFC 10-311] analyzing module gray_kernel_mac_muladd_8ns_7ns_17ns_17_4_1
INFO: [VRFC 10-2263] Analyzing SystemVerilog file "/home/jezuniga/mnt/HDD/Maestria/2026Q2/Diseno_de_alto_nivel_de_sistemas_electronicos/image_processing_system/HSL_Vitis/gray_kernel_prj/solution1/sim/verilog/gray_kernel_mul_8ns_10ns_17_1_1.v" into library xil_defaultlib
INFO: [VRFC 10-311] analyzing module gray_kernel_mul_8ns_10ns_17_1_1
INFO: [VRFC 10-2263] Analyzing SystemVerilog file "/home/jezuniga/mnt/HDD/Maestria/2026Q2/Diseno_de_alto_nivel_de_sistemas_electronicos/image_processing_system/HSL_Vitis/gray_kernel_prj/solution1/sim/verilog/gray_kernel_proc_stage.v" into library xil_defaultlib
INFO: [VRFC 10-311] analyzing module gray_kernel_proc_stage
INFO: [VRFC 10-2263] Analyzing SystemVerilog file "/home/jezuniga/mnt/HDD/Maestria/2026Q2/Diseno_de_alto_nivel_de_sistemas_electronicos/image_processing_system/HSL_Vitis/gray_kernel_prj/solution1/sim/verilog/gray_kernel_proc_stage_Pipeline_VITIS_LOOP_24_1.v" into library xil_defaultlib
INFO: [VRFC 10-311] analyzing module gray_kernel_proc_stage_Pipeline_VITIS_LOOP_24_1
INFO: [VRFC 10-2263] Analyzing SystemVerilog file "/home/jezuniga/mnt/HDD/Maestria/2026Q2/Diseno_de_alto_nivel_de_sistemas_electronicos/image_processing_system/HSL_Vitis/gray_kernel_prj/solution1/sim/verilog/gray_kernel_read_stage.v" into library xil_defaultlib
INFO: [VRFC 10-311] analyzing module gray_kernel_read_stage
INFO: [VRFC 10-2263] Analyzing SystemVerilog file "/home/jezuniga/mnt/HDD/Maestria/2026Q2/Diseno_de_alto_nivel_de_sistemas_electronicos/image_processing_system/HSL_Vitis/gray_kernel_prj/solution1/sim/verilog/gray_kernel_read_stage_Pipeline_VITIS_LOOP_15_1.v" into library xil_defaultlib
INFO: [VRFC 10-311] analyzing module gray_kernel_read_stage_Pipeline_VITIS_LOOP_15_1
INFO: [VRFC 10-2263] Analyzing SystemVerilog file "/home/jezuniga/mnt/HDD/Maestria/2026Q2/Diseno_de_alto_nivel_de_sistemas_electronicos/image_processing_system/HSL_Vitis/gray_kernel_prj/solution1/sim/verilog/gray_kernel_start_for_proc_stage_U0.v" into library xil_defaultlib
INFO: [VRFC 10-311] analyzing module gray_kernel_start_for_proc_stage_U0
INFO: [VRFC 10-311] analyzing module gray_kernel_start_for_proc_stage_U0_ShiftReg
INFO: [VRFC 10-2263] Analyzing SystemVerilog file "/home/jezuniga/mnt/HDD/Maestria/2026Q2/Diseno_de_alto_nivel_de_sistemas_electronicos/image_processing_system/HSL_Vitis/gray_kernel_prj/solution1/sim/verilog/gray_kernel_start_for_write_stage_U0.v" into library xil_defaultlib
INFO: [VRFC 10-311] analyzing module gray_kernel_start_for_write_stage_U0
INFO: [VRFC 10-311] analyzing module gray_kernel_start_for_write_stage_U0_ShiftReg
INFO: [VRFC 10-2263] Analyzing SystemVerilog file "/home/jezuniga/mnt/HDD/Maestria/2026Q2/Diseno_de_alto_nivel_de_sistemas_electronicos/image_processing_system/HSL_Vitis/gray_kernel_prj/solution1/sim/verilog/gray_kernel_write_stage.v" into library xil_defaultlib
INFO: [VRFC 10-311] analyzing module gray_kernel_write_stage
INFO: [VRFC 10-2263] Analyzing SystemVerilog file "/home/jezuniga/mnt/HDD/Maestria/2026Q2/Diseno_de_alto_nivel_de_sistemas_electronicos/image_processing_system/HSL_Vitis/gray_kernel_prj/solution1/sim/verilog/gray_kernel_write_stage_Pipeline_VITIS_LOOP_38_1.v" into library xil_defaultlib
INFO: [VRFC 10-311] analyzing module gray_kernel_write_stage_Pipeline_VITIS_LOOP_38_1
INFO: [VRFC 10-2263] Analyzing SystemVerilog file "/home/jezuniga/mnt/HDD/Maestria/2026Q2/Diseno_de_alto_nivel_de_sistemas_electronicos/image_processing_system/HSL_Vitis/gray_kernel_prj/solution1/sim/verilog/dataflow_monitor.sv" into library xil_defaultlib
INFO: [VRFC 10-311] analyzing module dataflow_monitor
Starting static elaboration
Pass Through NonSizing Optimizer
Completed static elaboration
Starting simulation data flow analysis
Completed simulation data flow analysis
Time Resolution for simulation is 1ps
Compiling package xil_defaultlib.$unit_dataflow_monitor_sv
Compiling module xil_defaultlib.gray_kernel_control_s_axi
Compiling module xil_defaultlib.gray_kernel_gmem_m_axi_srl(DATA_...
Compiling module xil_defaultlib.gray_kernel_gmem_m_axi_fifo(DATA...
Compiling module xil_defaultlib.gray_kernel_gmem_m_axi_mem(MEM_S...
Compiling module xil_defaultlib.gray_kernel_gmem_m_axi_fifo(MEM_...
Compiling module xil_defaultlib.gray_kernel_gmem_m_axi_srl(DATA_...
Compiling module xil_defaultlib.gray_kernel_gmem_m_axi_fifo(DATA...
Compiling module xil_defaultlib.gray_kernel_gmem_m_axi_srl(DATA_...
Compiling module xil_defaultlib.gray_kernel_gmem_m_axi_fifo(DATA...
Compiling module xil_defaultlib.gray_kernel_gmem_m_axi_srl(DATA_...
Compiling module xil_defaultlib.gray_kernel_gmem_m_axi_fifo(DATA...
Compiling module xil_defaultlib.gray_kernel_gmem_m_axi_store(NUM...
Compiling module xil_defaultlib.gray_kernel_gmem_m_axi_mem(MEM_S...
Compiling module xil_defaultlib.gray_kernel_gmem_m_axi_fifo(MEM_...
Compiling module xil_defaultlib.gray_kernel_gmem_m_axi_srl(DATA_...
Compiling module xil_defaultlib.gray_kernel_gmem_m_axi_fifo(DATA...
Compiling module xil_defaultlib.gray_kernel_gmem_m_axi_reg_slice...
Compiling module xil_defaultlib.gray_kernel_gmem_m_axi_load(NUM_...
Compiling module xil_defaultlib.gray_kernel_gmem_m_axi_reg_slice...
Compiling module xil_defaultlib.gray_kernel_gmem_m_axi_burst_con...
Compiling module xil_defaultlib.gray_kernel_gmem_m_axi_srl(DATA_...
Compiling module xil_defaultlib.gray_kernel_gmem_m_axi_fifo(DATA...
Compiling module xil_defaultlib.gray_kernel_gmem_m_axi_reg_slice...
Compiling module xil_defaultlib.gray_kernel_gmem_m_axi_srl(DATA_...
Compiling module xil_defaultlib.gray_kernel_gmem_m_axi_fifo(DATA...
Compiling module xil_defaultlib.gray_kernel_gmem_m_axi_srl(DATA_...
Compiling module xil_defaultlib.gray_kernel_gmem_m_axi_fifo(DATA...
Compiling module xil_defaultlib.gray_kernel_gmem_m_axi_throttle(...
Compiling module xil_defaultlib.gray_kernel_gmem_m_axi_reg_slice...
Compiling module xil_defaultlib.gray_kernel_gmem_m_axi_write(CON...
Compiling module xil_defaultlib.gray_kernel_gmem_m_axi_read(C_US...
Compiling module xil_defaultlib.gray_kernel_gmem_m_axi(CONSERVAT...
Compiling module xil_defaultlib.gray_kernel_entry_proc
Compiling module xil_defaultlib.gray_kernel_flow_control_loop_pi...
Compiling module xil_defaultlib.gray_kernel_read_stage_Pipeline_...
Compiling module xil_defaultlib.gray_kernel_read_stage
Compiling module xil_defaultlib.gray_kernel_mul_8ns_10ns_17_1_1(...
Compiling module xil_defaultlib.gray_kernel_mac_muladd_8ns_7ns_1...
Compiling module xil_defaultlib.gray_kernel_mac_muladd_8ns_7ns_1...
Compiling module xil_defaultlib.gray_kernel_mac_muladd_10ns_8ns_...
Compiling module xil_defaultlib.gray_kernel_mac_muladd_10ns_8ns_...
Compiling module xil_defaultlib.gray_kernel_proc_stage_Pipeline_...
Compiling module xil_defaultlib.gray_kernel_proc_stage
Compiling module xil_defaultlib.gray_kernel_write_stage_Pipeline...
Compiling module xil_defaultlib.gray_kernel_write_stage
Compiling module xil_defaultlib.gray_kernel_fifo_w64_d4_S_ShiftR...
Compiling module xil_defaultlib.gray_kernel_fifo_w64_d4_S_defaul...
Compiling module xil_defaultlib.gray_kernel_fifo_w24_d256_A_ram(...
Compiling module xil_defaultlib.gray_kernel_fifo_w24_d256_A_defa...
Compiling module xil_defaultlib.gray_kernel_fifo_w32_d2_S_ShiftR...
Compiling module xil_defaultlib.gray_kernel_fifo_w32_d2_S_defaul...
Compiling module xil_defaultlib.gray_kernel_fifo_w8_d256_A_ram(D...
Compiling module xil_defaultlib.gray_kernel_fifo_w8_d256_A_defau...
Compiling module xil_defaultlib.gray_kernel_start_for_write_stag...
Compiling module xil_defaultlib.gray_kernel_start_for_write_stag...
Compiling module xil_defaultlib.gray_kernel_start_for_proc_stage...
Compiling module xil_defaultlib.gray_kernel_start_for_proc_stage...
Compiling module xil_defaultlib.gray_kernel
Compiling module xil_defaultlib.AESL_axi_master_gmem
Compiling module xil_defaultlib.AESL_axi_slave_control
Compiling module xil_defaultlib.AESL_deadlock_detect_unit(OUT_CH...
Compiling module xil_defaultlib.AESL_deadlock_detect_unit(PROC_I...
Compiling module xil_defaultlib.AESL_deadlock_detect_unit(PROC_I...
Compiling module xil_defaultlib.AESL_deadlock_detect_unit(PROC_I...
Compiling module xil_defaultlib.AESL_deadlock_report_unit_defaul...
Compiling module xil_defaultlib.AESL_deadlock_detector_2
Compiling module xil_defaultlib.df_fifo_intf_default
Compiling module xil_defaultlib.df_process_intf_default
Compiling module xil_defaultlib.nodf_module_intf_default
Compiling module xil_defaultlib.upc_loop_intf(FSM_WIDTH=3)
Compiling module xil_defaultlib.upc_loop_intf(FSM_WIDTH=1)
Compiling module xil_defaultlib.dataflow_monitor_1
Compiling module xil_defaultlib.apatb_gray_kernel_top
Compiling module work.glbl
Built simulation snapshot gray_kernel
