#-----------------------------------------------------------
# xsim v2024.1 (64-bit)
# SW Build 5076996 on Wed May 22 18:36:09 MDT 2024
# IP Build 5075265 on Wed May 22 21:45:21 MDT 2024
# SharedData Build 5076995 on Wed May 22 18:29:18 MDT 2024
# Start of session at: Sun Jul 19 18:25:47 2026
# Process ID: 90251
# Current directory: /home/jezuniga/mnt/HDD/Maestria/2026Q2/Diseno_de_alto_nivel_de_sistemas_electronicos/image_processing_system/HSL_Vitis/gray_kernel_prj/solution1/sim/verilog
# Command line: xsim -mode tcl -source {xsim.dir/gray_kernel/xsim_script.tcl}
# Log file: /home/jezuniga/mnt/HDD/Maestria/2026Q2/Diseno_de_alto_nivel_de_sistemas_electronicos/image_processing_system/HSL_Vitis/gray_kernel_prj/solution1/sim/verilog/xsim.log
# Journal file: /home/jezuniga/mnt/HDD/Maestria/2026Q2/Diseno_de_alto_nivel_de_sistemas_electronicos/image_processing_system/HSL_Vitis/gray_kernel_prj/solution1/sim/verilog/xsim.jou
# Running On        :ezr45
# Platform          :Ubuntu
# Operating System  :Ubuntu 26.04 LTS
# Processor Detail  :AMD Ryzen 9 5900X 12-Core Processor
# CPU Frequency     :3794.089 MHz
# CPU Physical cores:12
# CPU Logical cores :24
# Host memory       :32474 MB
# Swap memory       :8589 MB
# Total Virtual     :41064 MB
# Available Virtual :28489 MB
#-----------------------------------------------------------
source xsim.dir/gray_kernel/xsim_script.tcl
# xsim {gray_kernel} -autoloadwcfg -tclbatch {gray_kernel.tcl}
Time resolution is 1 ps
source gray_kernel.tcl
## run all
////////////////////////////////////////////////////////////////////////////////////
// Inter-Transaction Progress: Completed Transaction / Total Transaction
// Intra-Transaction Progress: Measured Latency / Latency Estimation * 100%
//
// RTL Simulation : "Inter-Transaction Progress" ["Intra-Transaction Progress"] @ "Simulation Time"
////////////////////////////////////////////////////////////////////////////////////
// RTL Simulation : 0 / 1 [n/a] @ "110000"
// RTL Simulation : 1 / 1 [n/a] @ "24883698000"
////////////////////////////////////////////////////////////////////////////////////
$finish called at time : 24883722 ns : File "/home/jezuniga/mnt/HDD/Maestria/2026Q2/Diseno_de_alto_nivel_de_sistemas_electronicos/image_processing_system/HSL_Vitis/gray_kernel_prj/solution1/sim/verilog/gray_kernel.autotb.v" Line 435
run: Time (s): cpu = 00:00:00.01 ; elapsed = 00:03:06 . Memory (MB): peak = 1332.039 ; gain = 0.000 ; free physical = 269 ; free virtual = 26279
## quit
INFO: xsimkernel Simulation Memory Usage: 794976 KB (Peak: 860512 KB), Simulation CPU Usage: 184160 ms
INFO: [Common 17-206] Exiting xsim at Sun Jul 19 18:28:57 2026...
