Copyright 1986-2022 Xilinx, Inc. All Rights Reserved. Copyright 2022-2024 Advanced Micro Devices, Inc. All Rights Reserved.
---------------------------------------------------------------------------------------------------------------------------------------------
| Tool Version : Vivado v.2024.1 (lin64) Build 5076996 Wed May 22 18:36:09 MDT 2024
| Date         : Sun Jul 19 18:31:07 2026
| Host         : ezr45 running 64-bit Ubuntu 26.04 LTS
| Command      : report_design_analysis -file ./report/gray_kernel_design_analysis_synth.rpt
| Design       : bd_0_wrapper
| Device       : xck26
| Design State : Synthesized
---------------------------------------------------------------------------------------------------------------------------------------------

Report Design Analysis

Table of Contents
-----------------
1. Setup Path Characteristics 1-1
2. Logic Level Distribution
3. Placer Final Level Congestion Reporting
4. SLR Net Crossing Reporting

1. Setup Path Characteristics 1-1
---------------------------------

+---------------------------+------------------------------------------+
|      Characteristics      |                  Path #1                 |
+---------------------------+------------------------------------------+
| Requirement               | 4.000                                    |
| Path Delay                | 1.582                                    |
| Logic Delay               | 1.210(77%)                               |
| Net Delay                 | 0.372(23%)                               |
| Clock Skew                | -0.052                                   |
| Slack                     | 1.818                                    |
| Clock Uncertainty         | 0.035                                    |
| Clock Relationship        | Safely Timed                             |
| Clock Delay Group         | Same Clock                               |
| Logic Levels              | 0                                        |
| Routes                    | NA                                       |
| Logical Path              | RAMB18E2/CLKARDCLK-(1)-DSP_A_B_DATA/B[4] |
| Start Point Clock         | ap_clk                                   |
| End Point Clock           | ap_clk                                   |
| DSP Block                 | Seq                                      |
| RAM Registers             | DO_REG(0)-None                           |
| IO Crossings              | 0                                        |
| SLR Crossings             | 0                                        |
| PBlocks                   | 0                                        |
| High Fanout               | 1                                        |
| Dont Touch                | 0                                        |
| Mark Debug                | 0                                        |
| Start Point Pin Primitive | RAMB18E2/CLKARDCLK                       |
| End Point Pin Primitive   | DSP_A_B_DATA/B[4]                        |
| Start Point Pin           | mem_reg/CLKARDCLK                        |
| End Point Pin             | DSP_A_B_DATA_INST/B[4]                   |
+---------------------------+------------------------------------------+
* Bounding box calculated as % of dimensions for the target device (2818, 498)


2. Logic Level Distribution
---------------------------

+-----------------+-------------+----+----+---+-----+-----+---+
| End Point Clock | Requirement |  0 |  1 | 3 |  4  |  5  | 9 |
+-----------------+-------------+----+----+---+-----+-----+---+
| ap_clk          | 4.000ns     | 65 | 34 | 5 | 706 | 188 | 2 |
+-----------------+-------------+----+----+---+-----+-----+---+
* Columns represent the logic levels per end point clock
** Distribution is for top worst 1000 paths


3. Placer Final Level Congestion Reporting
------------------------------------------

+-----------+------+-------+--------+---------------+---------------+-----+--------+------+------+------+------+-----+-------+-----+------------+
| Direction | Type | Level | Window | Combined LUTs | Avg LUT Input | LUT | LUTRAM | Flop | MUXF | RAMB | URAM | DSP | CARRY | SRL | Cell Names |
+-----------+------+-------+--------+---------------+---------------+-----+--------+------+------+------+------+-----+-------+-----+------------+
* The design has not been placed, hence congestion data is not available. The command report_design_analysis -congestion should be run only after place_design has completed.


4. SLR Net Crossing Reporting
-----------------------------

+------------+-----------------------------+
| Cell Names | Number of Nets crossing SLR |
+------------+-----------------------------+
* The current part is not an SSI device


