Copyright 1986-2022 Xilinx, Inc. All Rights Reserved. Copyright 2022-2024 Advanced Micro Devices, Inc. All Rights Reserved.
--------------------------------------------------------------------------------------------------------------------------------------------------
| Tool Version      : Vivado v.2024.1 (lin64) Build 5076996 Wed May 22 18:36:09 MDT 2024
| Date              : Sun Jul 19 18:31:07 2026
| Host              : ezr45 running 64-bit Ubuntu 26.04 LTS
| Command           : report_timing_summary -file ./report/gray_kernel_timing_synth.rpt
| Design            : bd_0_wrapper
| Device            : xck26-sfvc784
| Speed File        : -2LV  PRODUCTION 1.30 05-15-2022
| Design State      : Synthesized
| Temperature Grade : C
--------------------------------------------------------------------------------------------------------------------------------------------------

Timing Summary Report

------------------------------------------------------------------------------------------------
| Timer Settings
| --------------
------------------------------------------------------------------------------------------------

  Enable Multi Corner Analysis               :  Yes
  Enable Pessimism Removal                   :  Yes
  Pessimism Removal Resolution               :  Nearest Common Node
  Enable Input Delay Default Clock           :  No
  Enable Preset / Clear Arcs                 :  No
  Disable Flight Delays                      :  No
  Ignore I/O Paths                           :  No
  Timing Early Launch at Borrowing Latches   :  No
  Borrow Time for Max Delay Exceptions       :  Yes
  Merge Timing Exceptions                    :  Yes
  Inter-SLR Compensation                     :  Conservative

  Corner  Analyze    Analyze    
  Name    Max Paths  Min Paths  
  ------  ---------  ---------  
  Slow    Yes        Yes        
  Fast    Yes        Yes        


------------------------------------------------------------------------------------------------
| Report Methodology
| ------------------
------------------------------------------------------------------------------------------------

No report available as report_methodology has not been run prior. Run report_methodology on the current design for the summary of methodology violations.



check_timing report

Table of Contents
-----------------
1. checking no_clock (0)
2. checking constant_clock (0)
3. checking pulse_width_clock (0)
4. checking unconstrained_internal_endpoints (0)
5. checking no_input_delay (90)
6. checking no_output_delay (212)
7. checking multiple_clock (0)
8. checking generated_clocks (0)
9. checking loops (0)
10. checking partial_input_delay (0)
11. checking partial_output_delay (0)
12. checking latch_loops (0)

1. checking no_clock (0)
------------------------
 There are 0 register/latch pins with no clock.


2. checking constant_clock (0)
------------------------------
 There are 0 register/latch pins with constant_clock.


3. checking pulse_width_clock (0)
---------------------------------
 There are 0 register/latch pins which need pulse_width check


4. checking unconstrained_internal_endpoints (0)
------------------------------------------------
 There are 0 pins that are not constrained for maximum delay.

 There are 0 pins that are not constrained for maximum delay due to constant clock.


5. checking no_input_delay (90)
-------------------------------
 There are 90 input ports with no input delay specified. (HIGH)

 There are 0 input ports with no input delay but user has a false path constraint.


6. checking no_output_delay (212)
---------------------------------
 There are 212 ports with no output delay specified. (HIGH)

 There are 0 ports with no output delay but user has a false path constraint

 There are 0 ports with no output delay but with a timing clock defined on it or propagating through it


7. checking multiple_clock (0)
------------------------------
 There are 0 register/latch pins with multiple clocks.


8. checking generated_clocks (0)
--------------------------------
 There are 0 generated clocks that are not connected to a clock source.


9. checking loops (0)
---------------------
 There are 0 combinational loops in the design.


10. checking partial_input_delay (0)
------------------------------------
 There are 0 input ports with partial input delay specified.


11. checking partial_output_delay (0)
-------------------------------------
 There are 0 ports with partial output delay specified.


12. checking latch_loops (0)
----------------------------
 There are 0 combinational latch loops in the design through latch input



------------------------------------------------------------------------------------------------
| Design Timing Summary
| ---------------------
------------------------------------------------------------------------------------------------

    WNS(ns)      TNS(ns)  TNS Failing Endpoints  TNS Total Endpoints      WHS(ns)      THS(ns)  THS Failing Endpoints  THS Total Endpoints     WPWS(ns)     TPWS(ns)  TPWS Failing Endpoints  TPWS Total Endpoints  
    -------      -------  ---------------------  -------------------      -------      -------  ---------------------  -------------------     --------     --------  ----------------------  --------------------  
      1.818        0.000                      0                 7759        0.084        0.000                      0                 7759        1.238        0.000                       0                  3547  


All user specified timing constraints are met.


------------------------------------------------------------------------------------------------
| Clock Summary
| -------------
------------------------------------------------------------------------------------------------

Clock   Waveform(ns)         Period(ns)      Frequency(MHz)
-----   ------------         ----------      --------------
ap_clk  {0.000 2.000}        4.000           250.000         


------------------------------------------------------------------------------------------------
| Intra Clock Table
| -----------------
------------------------------------------------------------------------------------------------

Clock             WNS(ns)      TNS(ns)  TNS Failing Endpoints  TNS Total Endpoints      WHS(ns)      THS(ns)  THS Failing Endpoints  THS Total Endpoints     WPWS(ns)     TPWS(ns)  TPWS Failing Endpoints  TPWS Total Endpoints  
-----             -------      -------  ---------------------  -------------------      -------      -------  ---------------------  -------------------     --------     --------  ----------------------  --------------------  
ap_clk              1.818        0.000                      0                 7759        0.084        0.000                      0                 7759        1.238        0.000                       0                  3547  


------------------------------------------------------------------------------------------------
| Inter Clock Table
| -----------------
------------------------------------------------------------------------------------------------

From Clock    To Clock          WNS(ns)      TNS(ns)  TNS Failing Endpoints  TNS Total Endpoints      WHS(ns)      THS(ns)  THS Failing Endpoints  THS Total Endpoints  
----------    --------          -------      -------  ---------------------  -------------------      -------      -------  ---------------------  -------------------  


------------------------------------------------------------------------------------------------
| Other Path Groups Table
| -----------------------
------------------------------------------------------------------------------------------------

Path Group    From Clock    To Clock          WNS(ns)      TNS(ns)  TNS Failing Endpoints  TNS Total Endpoints      WHS(ns)      THS(ns)  THS Failing Endpoints  THS Total Endpoints  
----------    ----------    --------          -------      -------  ---------------------  -------------------      -------      -------  ---------------------  -------------------  


------------------------------------------------------------------------------------------------
| Timing Details
| --------------
------------------------------------------------------------------------------------------------


---------------------------------------------------------------------------------------------------
From Clock:  ap_clk
  To Clock:  ap_clk

Setup :            0  Failing Endpoints,  Worst Slack        1.818ns,  Total Violation        0.000ns
Hold  :            0  Failing Endpoints,  Worst Slack        0.084ns,  Total Violation        0.000ns
PW    :            0  Failing Endpoints,  Worst Slack        1.238ns,  Total Violation        0.000ns
---------------------------------------------------------------------------------------------------


Max Delay Paths
--------------------------------------------------------------------------------------
Slack (MET) :             1.818ns  (required time - arrival time)
  Source:                 bd_0_i/hls_inst/inst/stream_in_U/U_gray_kernel_fifo_w24_d256_A_ram/mem_reg/CLKARDCLK
                            (rising edge-triggered cell RAMB18E2 clocked by ap_clk  {rise@0.000ns fall@2.000ns period=4.000ns})
  Destination:            bd_0_i/hls_inst/inst/proc_stage_U0/grp_proc_stage_Pipeline_VITIS_LOOP_24_1_fu_50/mac_muladd_8ns_7ns_17ns_17_4_1_U13/gray_kernel_mac_muladd_8ns_7ns_17ns_17_4_1_DSP48_0_U/p_reg_reg/DSP_A_B_DATA_INST/B[4]
                            (rising edge-triggered cell DSP_A_B_DATA clocked by ap_clk  {rise@0.000ns fall@2.000ns period=4.000ns})
  Path Group:             ap_clk
  Path Type:              Setup (Max at Slow Process Corner)
  Requirement:            4.000ns  (ap_clk rise@4.000ns - ap_clk rise@0.000ns)
  Data Path Delay:        1.582ns  (logic 1.210ns (76.485%)  route 0.372ns (23.515%))
  Logic Levels:           0  
  Clock Path Skew:        -0.052ns (DCD - SCD + CPR)
    Destination Clock Delay (DCD):    0.055ns = ( 4.055 - 4.000 ) 
    Source Clock Delay      (SCD):    0.107ns
    Clock Pessimism Removal (CPR):    0.000ns
  Clock Uncertainty:      0.035ns  ((TSJ^2 + TIJ^2)^1/2 + DJ) / 2 + PE
    Total System Jitter     (TSJ):    0.071ns
    Total Input Jitter      (TIJ):    0.000ns
    Discrete Jitter          (DJ):    0.000ns
    Phase Error              (PE):    0.000ns

    Location             Delay type                Incr(ns)  Path(ns)    Netlist Resource(s)
  -------------------------------------------------------------------    -------------------
                         (clock ap_clk rise edge)     0.000     0.000 r  
                                                      0.000     0.000 r  ap_clk (IN)
                         net (fo=3559, unset)         0.107     0.107    bd_0_i/hls_inst/inst/stream_in_U/U_gray_kernel_fifo_w24_d256_A_ram/ap_clk
                         RAMB18E2                                     r  bd_0_i/hls_inst/inst/stream_in_U/U_gray_kernel_fifo_w24_d256_A_ram/mem_reg/CLKARDCLK
  -------------------------------------------------------------------    -------------------
                         RAMB18E2 (Prop_RAMB18E2_CLKARDCLK_DOUTBDOUT[4])
                                                      1.210     1.317 r  bd_0_i/hls_inst/inst/stream_in_U/U_gray_kernel_fifo_w24_d256_A_ram/mem_reg/DOUTBDOUT[4]
                         net (fo=1, unplaced)         0.372     1.689    bd_0_i/hls_inst/inst/proc_stage_U0/grp_proc_stage_Pipeline_VITIS_LOOP_24_1_fu_50/mac_muladd_8ns_7ns_17ns_17_4_1_U13/gray_kernel_mac_muladd_8ns_7ns_17ns_17_4_1_DSP48_0_U/p_reg_reg/B[4]
                         DSP_A_B_DATA                                 r  bd_0_i/hls_inst/inst/proc_stage_U0/grp_proc_stage_Pipeline_VITIS_LOOP_24_1_fu_50/mac_muladd_8ns_7ns_17ns_17_4_1_U13/gray_kernel_mac_muladd_8ns_7ns_17ns_17_4_1_DSP48_0_U/p_reg_reg/DSP_A_B_DATA_INST/B[4]
  -------------------------------------------------------------------    -------------------

                         (clock ap_clk rise edge)     4.000     4.000 r  
                                                      0.000     4.000 r  ap_clk (IN)
                         net (fo=3559, unset)         0.055     4.055    bd_0_i/hls_inst/inst/proc_stage_U0/grp_proc_stage_Pipeline_VITIS_LOOP_24_1_fu_50/mac_muladd_8ns_7ns_17ns_17_4_1_U13/gray_kernel_mac_muladd_8ns_7ns_17ns_17_4_1_DSP48_0_U/p_reg_reg/CLK
                         DSP_A_B_DATA                                 r  bd_0_i/hls_inst/inst/proc_stage_U0/grp_proc_stage_Pipeline_VITIS_LOOP_24_1_fu_50/mac_muladd_8ns_7ns_17ns_17_4_1_U13/gray_kernel_mac_muladd_8ns_7ns_17ns_17_4_1_DSP48_0_U/p_reg_reg/DSP_A_B_DATA_INST/CLK
                         clock pessimism              0.000     4.055    
                         clock uncertainty           -0.035     4.020    
                         DSP_A_B_DATA (Setup_DSP_A_B_DATA_CLK_B[4])
                                                     -0.513     3.507    bd_0_i/hls_inst/inst/proc_stage_U0/grp_proc_stage_Pipeline_VITIS_LOOP_24_1_fu_50/mac_muladd_8ns_7ns_17ns_17_4_1_U13/gray_kernel_mac_muladd_8ns_7ns_17ns_17_4_1_DSP48_0_U/p_reg_reg/DSP_A_B_DATA_INST
  -------------------------------------------------------------------
                         required time                          3.507    
                         arrival time                          -1.689    
  -------------------------------------------------------------------
                         slack                                  1.818    





Min Delay Paths
--------------------------------------------------------------------------------------
Slack (MET) :             0.084ns  (arrival time - required time)
  Source:                 bd_0_i/hls_inst/inst/gmem_m_axi_U/load_unit_0/buff_rdata/U_fifo_mem/raddr_reg_reg[4]/C
                            (rising edge-triggered cell FDRE clocked by ap_clk  {rise@0.000ns fall@2.000ns period=4.000ns})
  Destination:            bd_0_i/hls_inst/inst/gmem_m_axi_U/load_unit_0/buff_rdata/U_fifo_mem/mem_reg/ADDRARDADDR[9]
                            (rising edge-triggered cell RAMB18E2 clocked by ap_clk  {rise@0.000ns fall@2.000ns period=4.000ns})
  Path Group:             ap_clk
  Path Type:              Hold (Min at Fast Process Corner)
  Requirement:            0.000ns  (ap_clk rise@0.000ns - ap_clk rise@0.000ns)
  Data Path Delay:        0.136ns  (logic 0.084ns (61.765%)  route 0.052ns (38.235%))
  Logic Levels:           0  
  Clock Path Skew:        0.045ns (DCD - SCD - CPR)
    Destination Clock Delay (DCD):    0.059ns
    Source Clock Delay      (SCD):    0.014ns
    Clock Pessimism Removal (CPR):    -0.000ns

    Location             Delay type                Incr(ns)  Path(ns)    Netlist Resource(s)
  -------------------------------------------------------------------    -------------------
                         (clock ap_clk rise edge)     0.000     0.000 r  
                                                      0.000     0.000 r  ap_clk (IN)
                         net (fo=3559, unset)         0.014     0.014    bd_0_i/hls_inst/inst/gmem_m_axi_U/load_unit_0/buff_rdata/U_fifo_mem/ap_clk
                         FDRE                                         r  bd_0_i/hls_inst/inst/gmem_m_axi_U/load_unit_0/buff_rdata/U_fifo_mem/raddr_reg_reg[4]/C
  -------------------------------------------------------------------    -------------------
                         FDRE (Prop_FDRE_C_Q)         0.084     0.098 r  bd_0_i/hls_inst/inst/gmem_m_axi_U/load_unit_0/buff_rdata/U_fifo_mem/raddr_reg_reg[4]/Q
                         net (fo=1, unplaced)         0.052     0.150    bd_0_i/hls_inst/inst/gmem_m_axi_U/load_unit_0/buff_rdata/U_fifo_mem/raddr_reg[4]
                         RAMB18E2                                     r  bd_0_i/hls_inst/inst/gmem_m_axi_U/load_unit_0/buff_rdata/U_fifo_mem/mem_reg/ADDRARDADDR[9]
  -------------------------------------------------------------------    -------------------

                         (clock ap_clk rise edge)     0.000     0.000 r  
                                                      0.000     0.000 r  ap_clk (IN)
                         net (fo=3559, unset)         0.059     0.059    bd_0_i/hls_inst/inst/gmem_m_axi_U/load_unit_0/buff_rdata/U_fifo_mem/ap_clk
                         RAMB18E2                                     r  bd_0_i/hls_inst/inst/gmem_m_axi_U/load_unit_0/buff_rdata/U_fifo_mem/mem_reg/CLKARDCLK
                         clock pessimism              0.000     0.059    
                         RAMB18E2 (Hold_RAMB18E2_CLKARDCLK_ADDRARDADDR[9])
                                                      0.007     0.066    bd_0_i/hls_inst/inst/gmem_m_axi_U/load_unit_0/buff_rdata/U_fifo_mem/mem_reg
  -------------------------------------------------------------------
                         required time                         -0.066    
                         arrival time                           0.150    
  -------------------------------------------------------------------
                         slack                                  0.084    





Pulse Width Checks
--------------------------------------------------------------------------------------
Clock Name:         ap_clk
Waveform(ns):       { 0.000 2.000 }
Period(ns):         4.000
Sources:            { ap_clk }

Check Type        Corner  Lib Pin             Reference Pin  Required(ns)  Actual(ns)  Slack(ns)  Location  Pin
Min Period        n/a     RAMB18E2/CLKARDCLK  n/a            1.960         4.000       2.040                bd_0_i/hls_inst/inst/gmem_m_axi_U/load_unit_0/buff_rdata/U_fifo_mem/mem_reg/CLKARDCLK
Low Pulse Width   Slow    SRL16E/CLK          n/a            0.762         2.000       1.238                bd_0_i/hls_inst/inst/gmem_m_axi_U/bus_read/fifo_burst/U_fifo_srl/mem_reg[14][0]_srl15/CLK
High Pulse Width  Slow    SRL16E/CLK          n/a            0.762         2.000       1.238                bd_0_i/hls_inst/inst/gmem_m_axi_U/bus_read/fifo_burst/U_fifo_srl/mem_reg[14][0]_srl15/CLK



