Copyright 1986-2022 Xilinx, Inc. All Rights Reserved. Copyright 2022-2024 Advanced Micro Devices, Inc. All Rights Reserved.
--------------------------------------------------------------------------------------------------------------------------------------------------
| Tool Version      : Vivado v.2024.1 (lin64) Build 5076996 Wed May 22 18:36:09 MDT 2024
| Date              : Sun Jul 19 18:31:07 2026
| Host              : ezr45 running 64-bit Ubuntu 26.04 LTS
| Command           : report_timing -max_paths 10 -file ./report/gray_kernel_timing_paths_synth.rpt
| Design            : bd_0_wrapper
| Device            : xck26-sfvc784
| Speed File        : -2LV  PRODUCTION 1.30 05-15-2022
| Design State      : Synthesized
| Temperature Grade : C
--------------------------------------------------------------------------------------------------------------------------------------------------

Timing Report

Slack (MET) :             1.818ns  (required time - arrival time)
  Source:                 bd_0_i/hls_inst/inst/stream_in_U/U_gray_kernel_fifo_w24_d256_A_ram/mem_reg/CLKARDCLK
                            (rising edge-triggered cell RAMB18E2 clocked by ap_clk  {rise@0.000ns fall@2.000ns period=4.000ns})
  Destination:            bd_0_i/hls_inst/inst/proc_stage_U0/grp_proc_stage_Pipeline_VITIS_LOOP_24_1_fu_50/mac_muladd_8ns_7ns_17ns_17_4_1_U13/gray_kernel_mac_muladd_8ns_7ns_17ns_17_4_1_DSP48_0_U/p_reg_reg/DSP_A_B_DATA_INST/B[4]
                            (rising edge-triggered cell DSP_A_B_DATA clocked by ap_clk  {rise@0.000ns fall@2.000ns period=4.000ns})
  Path Group:             ap_clk
  Path Type:              Setup (Max at Slow Process Corner)
  Requirement:            4.000ns  (ap_clk rise@4.000ns - ap_clk rise@0.000ns)
  Data Path Delay:        1.582ns  (logic 1.210ns (76.485%)  route 0.372ns (23.515%))
  Logic Levels:           0  
  Clock Path Skew:        -0.052ns (DCD - SCD + CPR)
    Destination Clock Delay (DCD):    0.055ns = ( 4.055 - 4.000 ) 
    Source Clock Delay      (SCD):    0.107ns
    Clock Pessimism Removal (CPR):    0.000ns
  Clock Uncertainty:      0.035ns  ((TSJ^2 + TIJ^2)^1/2 + DJ) / 2 + PE
    Total System Jitter     (TSJ):    0.071ns
    Total Input Jitter      (TIJ):    0.000ns
    Discrete Jitter          (DJ):    0.000ns
    Phase Error              (PE):    0.000ns

    Location             Delay type                Incr(ns)  Path(ns)    Netlist Resource(s)
  -------------------------------------------------------------------    -------------------
                         (clock ap_clk rise edge)     0.000     0.000 r  
                                                      0.000     0.000 r  ap_clk (IN)
                         net (fo=3559, unset)         0.107     0.107    bd_0_i/hls_inst/inst/stream_in_U/U_gray_kernel_fifo_w24_d256_A_ram/ap_clk
                         RAMB18E2                                     r  bd_0_i/hls_inst/inst/stream_in_U/U_gray_kernel_fifo_w24_d256_A_ram/mem_reg/CLKARDCLK
  -------------------------------------------------------------------    -------------------
                         RAMB18E2 (Prop_RAMB18E2_CLKARDCLK_DOUTBDOUT[4])
                                                      1.210     1.317 r  bd_0_i/hls_inst/inst/stream_in_U/U_gray_kernel_fifo_w24_d256_A_ram/mem_reg/DOUTBDOUT[4]
                         net (fo=1, unplaced)         0.372     1.689    bd_0_i/hls_inst/inst/proc_stage_U0/grp_proc_stage_Pipeline_VITIS_LOOP_24_1_fu_50/mac_muladd_8ns_7ns_17ns_17_4_1_U13/gray_kernel_mac_muladd_8ns_7ns_17ns_17_4_1_DSP48_0_U/p_reg_reg/B[4]
                         DSP_A_B_DATA                                 r  bd_0_i/hls_inst/inst/proc_stage_U0/grp_proc_stage_Pipeline_VITIS_LOOP_24_1_fu_50/mac_muladd_8ns_7ns_17ns_17_4_1_U13/gray_kernel_mac_muladd_8ns_7ns_17ns_17_4_1_DSP48_0_U/p_reg_reg/DSP_A_B_DATA_INST/B[4]
  -------------------------------------------------------------------    -------------------

                         (clock ap_clk rise edge)     4.000     4.000 r  
                                                      0.000     4.000 r  ap_clk (IN)
                         net (fo=3559, unset)         0.055     4.055    bd_0_i/hls_inst/inst/proc_stage_U0/grp_proc_stage_Pipeline_VITIS_LOOP_24_1_fu_50/mac_muladd_8ns_7ns_17ns_17_4_1_U13/gray_kernel_mac_muladd_8ns_7ns_17ns_17_4_1_DSP48_0_U/p_reg_reg/CLK
                         DSP_A_B_DATA                                 r  bd_0_i/hls_inst/inst/proc_stage_U0/grp_proc_stage_Pipeline_VITIS_LOOP_24_1_fu_50/mac_muladd_8ns_7ns_17ns_17_4_1_U13/gray_kernel_mac_muladd_8ns_7ns_17ns_17_4_1_DSP48_0_U/p_reg_reg/DSP_A_B_DATA_INST/CLK
                         clock pessimism              0.000     4.055    
                         clock uncertainty           -0.035     4.020    
                         DSP_A_B_DATA (Setup_DSP_A_B_DATA_CLK_B[4])
                                                     -0.513     3.507    bd_0_i/hls_inst/inst/proc_stage_U0/grp_proc_stage_Pipeline_VITIS_LOOP_24_1_fu_50/mac_muladd_8ns_7ns_17ns_17_4_1_U13/gray_kernel_mac_muladd_8ns_7ns_17ns_17_4_1_DSP48_0_U/p_reg_reg/DSP_A_B_DATA_INST
  -------------------------------------------------------------------
                         required time                          3.507    
                         arrival time                          -1.689    
  -------------------------------------------------------------------
                         slack                                  1.818    

Slack (MET) :             1.830ns  (required time - arrival time)
  Source:                 bd_0_i/hls_inst/inst/stream_in_U/U_gray_kernel_fifo_w24_d256_A_ram/mem_reg/CLKARDCLK
                            (rising edge-triggered cell RAMB18E2 clocked by ap_clk  {rise@0.000ns fall@2.000ns period=4.000ns})
  Destination:            bd_0_i/hls_inst/inst/proc_stage_U0/grp_proc_stage_Pipeline_VITIS_LOOP_24_1_fu_50/mac_muladd_8ns_7ns_17ns_17_4_1_U13/gray_kernel_mac_muladd_8ns_7ns_17ns_17_4_1_DSP48_0_U/p_reg_reg/DSP_A_B_DATA_INST/B[5]
                            (rising edge-triggered cell DSP_A_B_DATA clocked by ap_clk  {rise@0.000ns fall@2.000ns period=4.000ns})
  Path Group:             ap_clk
  Path Type:              Setup (Max at Slow Process Corner)
  Requirement:            4.000ns  (ap_clk rise@4.000ns - ap_clk rise@0.000ns)
  Data Path Delay:        1.575ns  (logic 1.213ns (77.016%)  route 0.362ns (22.984%))
  Logic Levels:           0  
  Clock Path Skew:        -0.052ns (DCD - SCD + CPR)
    Destination Clock Delay (DCD):    0.055ns = ( 4.055 - 4.000 ) 
    Source Clock Delay      (SCD):    0.107ns
    Clock Pessimism Removal (CPR):    0.000ns
  Clock Uncertainty:      0.035ns  ((TSJ^2 + TIJ^2)^1/2 + DJ) / 2 + PE
    Total System Jitter     (TSJ):    0.071ns
    Total Input Jitter      (TIJ):    0.000ns
    Discrete Jitter          (DJ):    0.000ns
    Phase Error              (PE):    0.000ns

    Location             Delay type                Incr(ns)  Path(ns)    Netlist Resource(s)
  -------------------------------------------------------------------    -------------------
                         (clock ap_clk rise edge)     0.000     0.000 r  
                                                      0.000     0.000 r  ap_clk (IN)
                         net (fo=3559, unset)         0.107     0.107    bd_0_i/hls_inst/inst/stream_in_U/U_gray_kernel_fifo_w24_d256_A_ram/ap_clk
                         RAMB18E2                                     r  bd_0_i/hls_inst/inst/stream_in_U/U_gray_kernel_fifo_w24_d256_A_ram/mem_reg/CLKARDCLK
  -------------------------------------------------------------------    -------------------
                         RAMB18E2 (Prop_RAMB18E2_CLKARDCLK_DOUTBDOUT[5])
                                                      1.213     1.320 r  bd_0_i/hls_inst/inst/stream_in_U/U_gray_kernel_fifo_w24_d256_A_ram/mem_reg/DOUTBDOUT[5]
                         net (fo=1, unplaced)         0.362     1.682    bd_0_i/hls_inst/inst/proc_stage_U0/grp_proc_stage_Pipeline_VITIS_LOOP_24_1_fu_50/mac_muladd_8ns_7ns_17ns_17_4_1_U13/gray_kernel_mac_muladd_8ns_7ns_17ns_17_4_1_DSP48_0_U/p_reg_reg/B[5]
                         DSP_A_B_DATA                                 r  bd_0_i/hls_inst/inst/proc_stage_U0/grp_proc_stage_Pipeline_VITIS_LOOP_24_1_fu_50/mac_muladd_8ns_7ns_17ns_17_4_1_U13/gray_kernel_mac_muladd_8ns_7ns_17ns_17_4_1_DSP48_0_U/p_reg_reg/DSP_A_B_DATA_INST/B[5]
  -------------------------------------------------------------------    -------------------

                         (clock ap_clk rise edge)     4.000     4.000 r  
                                                      0.000     4.000 r  ap_clk (IN)
                         net (fo=3559, unset)         0.055     4.055    bd_0_i/hls_inst/inst/proc_stage_U0/grp_proc_stage_Pipeline_VITIS_LOOP_24_1_fu_50/mac_muladd_8ns_7ns_17ns_17_4_1_U13/gray_kernel_mac_muladd_8ns_7ns_17ns_17_4_1_DSP48_0_U/p_reg_reg/CLK
                         DSP_A_B_DATA                                 r  bd_0_i/hls_inst/inst/proc_stage_U0/grp_proc_stage_Pipeline_VITIS_LOOP_24_1_fu_50/mac_muladd_8ns_7ns_17ns_17_4_1_U13/gray_kernel_mac_muladd_8ns_7ns_17ns_17_4_1_DSP48_0_U/p_reg_reg/DSP_A_B_DATA_INST/CLK
                         clock pessimism              0.000     4.055    
                         clock uncertainty           -0.035     4.020    
                         DSP_A_B_DATA (Setup_DSP_A_B_DATA_CLK_B[5])
                                                     -0.508     3.512    bd_0_i/hls_inst/inst/proc_stage_U0/grp_proc_stage_Pipeline_VITIS_LOOP_24_1_fu_50/mac_muladd_8ns_7ns_17ns_17_4_1_U13/gray_kernel_mac_muladd_8ns_7ns_17ns_17_4_1_DSP48_0_U/p_reg_reg/DSP_A_B_DATA_INST
  -------------------------------------------------------------------
                         required time                          3.512    
                         arrival time                          -1.682    
  -------------------------------------------------------------------
                         slack                                  1.830    

Slack (MET) :             1.836ns  (required time - arrival time)
  Source:                 bd_0_i/hls_inst/inst/stream_in_U/U_gray_kernel_fifo_w24_d256_A_ram/mem_reg/CLKARDCLK
                            (rising edge-triggered cell RAMB18E2 clocked by ap_clk  {rise@0.000ns fall@2.000ns period=4.000ns})
  Destination:            bd_0_i/hls_inst/inst/proc_stage_U0/grp_proc_stage_Pipeline_VITIS_LOOP_24_1_fu_50/mac_muladd_8ns_7ns_17ns_17_4_1_U13/gray_kernel_mac_muladd_8ns_7ns_17ns_17_4_1_DSP48_0_U/p_reg_reg/DSP_A_B_DATA_INST/B[6]
                            (rising edge-triggered cell DSP_A_B_DATA clocked by ap_clk  {rise@0.000ns fall@2.000ns period=4.000ns})
  Path Group:             ap_clk
  Path Type:              Setup (Max at Slow Process Corner)
  Requirement:            4.000ns  (ap_clk rise@4.000ns - ap_clk rise@0.000ns)
  Data Path Delay:        1.570ns  (logic 1.221ns (77.771%)  route 0.349ns (22.229%))
  Logic Levels:           0  
  Clock Path Skew:        -0.052ns (DCD - SCD + CPR)
    Destination Clock Delay (DCD):    0.055ns = ( 4.055 - 4.000 ) 
    Source Clock Delay      (SCD):    0.107ns
    Clock Pessimism Removal (CPR):    0.000ns
  Clock Uncertainty:      0.035ns  ((TSJ^2 + TIJ^2)^1/2 + DJ) / 2 + PE
    Total System Jitter     (TSJ):    0.071ns
    Total Input Jitter      (TIJ):    0.000ns
    Discrete Jitter          (DJ):    0.000ns
    Phase Error              (PE):    0.000ns

    Location             Delay type                Incr(ns)  Path(ns)    Netlist Resource(s)
  -------------------------------------------------------------------    -------------------
                         (clock ap_clk rise edge)     0.000     0.000 r  
                                                      0.000     0.000 r  ap_clk (IN)
                         net (fo=3559, unset)         0.107     0.107    bd_0_i/hls_inst/inst/stream_in_U/U_gray_kernel_fifo_w24_d256_A_ram/ap_clk
                         RAMB18E2                                     r  bd_0_i/hls_inst/inst/stream_in_U/U_gray_kernel_fifo_w24_d256_A_ram/mem_reg/CLKARDCLK
  -------------------------------------------------------------------    -------------------
                         RAMB18E2 (Prop_RAMB18E2_CLKARDCLK_DOUTBDOUT[6])
                                                      1.221     1.328 r  bd_0_i/hls_inst/inst/stream_in_U/U_gray_kernel_fifo_w24_d256_A_ram/mem_reg/DOUTBDOUT[6]
                         net (fo=1, unplaced)         0.349     1.677    bd_0_i/hls_inst/inst/proc_stage_U0/grp_proc_stage_Pipeline_VITIS_LOOP_24_1_fu_50/mac_muladd_8ns_7ns_17ns_17_4_1_U13/gray_kernel_mac_muladd_8ns_7ns_17ns_17_4_1_DSP48_0_U/p_reg_reg/B[6]
                         DSP_A_B_DATA                                 r  bd_0_i/hls_inst/inst/proc_stage_U0/grp_proc_stage_Pipeline_VITIS_LOOP_24_1_fu_50/mac_muladd_8ns_7ns_17ns_17_4_1_U13/gray_kernel_mac_muladd_8ns_7ns_17ns_17_4_1_DSP48_0_U/p_reg_reg/DSP_A_B_DATA_INST/B[6]
  -------------------------------------------------------------------    -------------------

                         (clock ap_clk rise edge)     4.000     4.000 r  
                                                      0.000     4.000 r  ap_clk (IN)
                         net (fo=3559, unset)         0.055     4.055    bd_0_i/hls_inst/inst/proc_stage_U0/grp_proc_stage_Pipeline_VITIS_LOOP_24_1_fu_50/mac_muladd_8ns_7ns_17ns_17_4_1_U13/gray_kernel_mac_muladd_8ns_7ns_17ns_17_4_1_DSP48_0_U/p_reg_reg/CLK
                         DSP_A_B_DATA                                 r  bd_0_i/hls_inst/inst/proc_stage_U0/grp_proc_stage_Pipeline_VITIS_LOOP_24_1_fu_50/mac_muladd_8ns_7ns_17ns_17_4_1_U13/gray_kernel_mac_muladd_8ns_7ns_17ns_17_4_1_DSP48_0_U/p_reg_reg/DSP_A_B_DATA_INST/CLK
                         clock pessimism              0.000     4.055    
                         clock uncertainty           -0.035     4.020    
                         DSP_A_B_DATA (Setup_DSP_A_B_DATA_CLK_B[6])
                                                     -0.507     3.513    bd_0_i/hls_inst/inst/proc_stage_U0/grp_proc_stage_Pipeline_VITIS_LOOP_24_1_fu_50/mac_muladd_8ns_7ns_17ns_17_4_1_U13/gray_kernel_mac_muladd_8ns_7ns_17ns_17_4_1_DSP48_0_U/p_reg_reg/DSP_A_B_DATA_INST
  -------------------------------------------------------------------
                         required time                          3.513    
                         arrival time                          -1.677    
  -------------------------------------------------------------------
                         slack                                  1.836    

Slack (MET) :             1.853ns  (required time - arrival time)
  Source:                 bd_0_i/hls_inst/inst/stream_in_U/U_gray_kernel_fifo_w24_d256_A_ram/mem_reg/CLKARDCLK
                            (rising edge-triggered cell RAMB18E2 clocked by ap_clk  {rise@0.000ns fall@2.000ns period=4.000ns})
  Destination:            bd_0_i/hls_inst/inst/proc_stage_U0/grp_proc_stage_Pipeline_VITIS_LOOP_24_1_fu_50/mac_muladd_8ns_7ns_17ns_17_4_1_U13/gray_kernel_mac_muladd_8ns_7ns_17ns_17_4_1_DSP48_0_U/m_reg_reg/DSP_A_B_DATA_INST/A[5]
                            (rising edge-triggered cell DSP_A_B_DATA clocked by ap_clk  {rise@0.000ns fall@2.000ns period=4.000ns})
  Path Group:             ap_clk
  Path Type:              Setup (Max at Slow Process Corner)
  Requirement:            4.000ns  (ap_clk rise@4.000ns - ap_clk rise@0.000ns)
  Data Path Delay:        1.543ns  (logic 1.224ns (79.326%)  route 0.319ns (20.674%))
  Logic Levels:           0  
  Clock Path Skew:        -0.052ns (DCD - SCD + CPR)
    Destination Clock Delay (DCD):    0.055ns = ( 4.055 - 4.000 ) 
    Source Clock Delay      (SCD):    0.107ns
    Clock Pessimism Removal (CPR):    0.000ns
  Clock Uncertainty:      0.035ns  ((TSJ^2 + TIJ^2)^1/2 + DJ) / 2 + PE
    Total System Jitter     (TSJ):    0.071ns
    Total Input Jitter      (TIJ):    0.000ns
    Discrete Jitter          (DJ):    0.000ns
    Phase Error              (PE):    0.000ns

    Location             Delay type                Incr(ns)  Path(ns)    Netlist Resource(s)
  -------------------------------------------------------------------    -------------------
                         (clock ap_clk rise edge)     0.000     0.000 r  
                                                      0.000     0.000 r  ap_clk (IN)
                         net (fo=3559, unset)         0.107     0.107    bd_0_i/hls_inst/inst/stream_in_U/U_gray_kernel_fifo_w24_d256_A_ram/ap_clk
                         RAMB18E2                                     r  bd_0_i/hls_inst/inst/stream_in_U/U_gray_kernel_fifo_w24_d256_A_ram/mem_reg/CLKARDCLK
  -------------------------------------------------------------------    -------------------
                         RAMB18E2 (Prop_RAMB18E2_CLKARDCLK_DOUTADOUT[5])
                                                      1.224     1.331 r  bd_0_i/hls_inst/inst/stream_in_U/U_gray_kernel_fifo_w24_d256_A_ram/mem_reg/DOUTADOUT[5]
                         net (fo=1, unplaced)         0.319     1.650    bd_0_i/hls_inst/inst/proc_stage_U0/grp_proc_stage_Pipeline_VITIS_LOOP_24_1_fu_50/mac_muladd_8ns_7ns_17ns_17_4_1_U13/gray_kernel_mac_muladd_8ns_7ns_17ns_17_4_1_DSP48_0_U/m_reg_reg/A[5]
                         DSP_A_B_DATA                                 r  bd_0_i/hls_inst/inst/proc_stage_U0/grp_proc_stage_Pipeline_VITIS_LOOP_24_1_fu_50/mac_muladd_8ns_7ns_17ns_17_4_1_U13/gray_kernel_mac_muladd_8ns_7ns_17ns_17_4_1_DSP48_0_U/m_reg_reg/DSP_A_B_DATA_INST/A[5]
  -------------------------------------------------------------------    -------------------

                         (clock ap_clk rise edge)     4.000     4.000 r  
                                                      0.000     4.000 r  ap_clk (IN)
                         net (fo=3559, unset)         0.055     4.055    bd_0_i/hls_inst/inst/proc_stage_U0/grp_proc_stage_Pipeline_VITIS_LOOP_24_1_fu_50/mac_muladd_8ns_7ns_17ns_17_4_1_U13/gray_kernel_mac_muladd_8ns_7ns_17ns_17_4_1_DSP48_0_U/m_reg_reg/CLK
                         DSP_A_B_DATA                                 r  bd_0_i/hls_inst/inst/proc_stage_U0/grp_proc_stage_Pipeline_VITIS_LOOP_24_1_fu_50/mac_muladd_8ns_7ns_17ns_17_4_1_U13/gray_kernel_mac_muladd_8ns_7ns_17ns_17_4_1_DSP48_0_U/m_reg_reg/DSP_A_B_DATA_INST/CLK
                         clock pessimism              0.000     4.055    
                         clock uncertainty           -0.035     4.020    
                         DSP_A_B_DATA (Setup_DSP_A_B_DATA_CLK_A[5])
                                                     -0.517     3.503    bd_0_i/hls_inst/inst/proc_stage_U0/grp_proc_stage_Pipeline_VITIS_LOOP_24_1_fu_50/mac_muladd_8ns_7ns_17ns_17_4_1_U13/gray_kernel_mac_muladd_8ns_7ns_17ns_17_4_1_DSP48_0_U/m_reg_reg/DSP_A_B_DATA_INST
  -------------------------------------------------------------------
                         required time                          3.503    
                         arrival time                          -1.650    
  -------------------------------------------------------------------
                         slack                                  1.853    

Slack (MET) :             1.858ns  (required time - arrival time)
  Source:                 bd_0_i/hls_inst/inst/stream_in_U/U_gray_kernel_fifo_w24_d256_A_ram/mem_reg/CLKARDCLK
                            (rising edge-triggered cell RAMB18E2 clocked by ap_clk  {rise@0.000ns fall@2.000ns period=4.000ns})
  Destination:            bd_0_i/hls_inst/inst/proc_stage_U0/grp_proc_stage_Pipeline_VITIS_LOOP_24_1_fu_50/mac_muladd_8ns_7ns_17ns_17_4_1_U13/gray_kernel_mac_muladd_8ns_7ns_17ns_17_4_1_DSP48_0_U/m_reg_reg/DSP_A_B_DATA_INST/A[6]
                            (rising edge-triggered cell DSP_A_B_DATA clocked by ap_clk  {rise@0.000ns fall@2.000ns period=4.000ns})
  Path Group:             ap_clk
  Path Type:              Setup (Max at Slow Process Corner)
  Requirement:            4.000ns  (ap_clk rise@4.000ns - ap_clk rise@0.000ns)
  Data Path Delay:        1.530ns  (logic 1.214ns (79.346%)  route 0.316ns (20.654%))
  Logic Levels:           0  
  Clock Path Skew:        -0.052ns (DCD - SCD + CPR)
    Destination Clock Delay (DCD):    0.055ns = ( 4.055 - 4.000 ) 
    Source Clock Delay      (SCD):    0.107ns
    Clock Pessimism Removal (CPR):    0.000ns
  Clock Uncertainty:      0.035ns  ((TSJ^2 + TIJ^2)^1/2 + DJ) / 2 + PE
    Total System Jitter     (TSJ):    0.071ns
    Total Input Jitter      (TIJ):    0.000ns
    Discrete Jitter          (DJ):    0.000ns
    Phase Error              (PE):    0.000ns

    Location             Delay type                Incr(ns)  Path(ns)    Netlist Resource(s)
  -------------------------------------------------------------------    -------------------
                         (clock ap_clk rise edge)     0.000     0.000 r  
                                                      0.000     0.000 r  ap_clk (IN)
                         net (fo=3559, unset)         0.107     0.107    bd_0_i/hls_inst/inst/stream_in_U/U_gray_kernel_fifo_w24_d256_A_ram/ap_clk
                         RAMB18E2                                     r  bd_0_i/hls_inst/inst/stream_in_U/U_gray_kernel_fifo_w24_d256_A_ram/mem_reg/CLKARDCLK
  -------------------------------------------------------------------    -------------------
                         RAMB18E2 (Prop_RAMB18E2_CLKARDCLK_DOUTADOUT[6])
                                                      1.214     1.321 r  bd_0_i/hls_inst/inst/stream_in_U/U_gray_kernel_fifo_w24_d256_A_ram/mem_reg/DOUTADOUT[6]
                         net (fo=1, unplaced)         0.316     1.637    bd_0_i/hls_inst/inst/proc_stage_U0/grp_proc_stage_Pipeline_VITIS_LOOP_24_1_fu_50/mac_muladd_8ns_7ns_17ns_17_4_1_U13/gray_kernel_mac_muladd_8ns_7ns_17ns_17_4_1_DSP48_0_U/m_reg_reg/A[6]
                         DSP_A_B_DATA                                 r  bd_0_i/hls_inst/inst/proc_stage_U0/grp_proc_stage_Pipeline_VITIS_LOOP_24_1_fu_50/mac_muladd_8ns_7ns_17ns_17_4_1_U13/gray_kernel_mac_muladd_8ns_7ns_17ns_17_4_1_DSP48_0_U/m_reg_reg/DSP_A_B_DATA_INST/A[6]
  -------------------------------------------------------------------    -------------------

                         (clock ap_clk rise edge)     4.000     4.000 r  
                                                      0.000     4.000 r  ap_clk (IN)
                         net (fo=3559, unset)         0.055     4.055    bd_0_i/hls_inst/inst/proc_stage_U0/grp_proc_stage_Pipeline_VITIS_LOOP_24_1_fu_50/mac_muladd_8ns_7ns_17ns_17_4_1_U13/gray_kernel_mac_muladd_8ns_7ns_17ns_17_4_1_DSP48_0_U/m_reg_reg/CLK
                         DSP_A_B_DATA                                 r  bd_0_i/hls_inst/inst/proc_stage_U0/grp_proc_stage_Pipeline_VITIS_LOOP_24_1_fu_50/mac_muladd_8ns_7ns_17ns_17_4_1_U13/gray_kernel_mac_muladd_8ns_7ns_17ns_17_4_1_DSP48_0_U/m_reg_reg/DSP_A_B_DATA_INST/CLK
                         clock pessimism              0.000     4.055    
                         clock uncertainty           -0.035     4.020    
                         DSP_A_B_DATA (Setup_DSP_A_B_DATA_CLK_A[6])
                                                     -0.525     3.495    bd_0_i/hls_inst/inst/proc_stage_U0/grp_proc_stage_Pipeline_VITIS_LOOP_24_1_fu_50/mac_muladd_8ns_7ns_17ns_17_4_1_U13/gray_kernel_mac_muladd_8ns_7ns_17ns_17_4_1_DSP48_0_U/m_reg_reg/DSP_A_B_DATA_INST
  -------------------------------------------------------------------
                         required time                          3.495    
                         arrival time                          -1.637    
  -------------------------------------------------------------------
                         slack                                  1.858    

Slack (MET) :             1.861ns  (required time - arrival time)
  Source:                 bd_0_i/hls_inst/inst/stream_in_U/U_gray_kernel_fifo_w24_d256_A_ram/mem_reg/CLKARDCLK
                            (rising edge-triggered cell RAMB18E2 clocked by ap_clk  {rise@0.000ns fall@2.000ns period=4.000ns})
  Destination:            bd_0_i/hls_inst/inst/proc_stage_U0/grp_proc_stage_Pipeline_VITIS_LOOP_24_1_fu_50/mac_muladd_8ns_7ns_17ns_17_4_1_U13/gray_kernel_mac_muladd_8ns_7ns_17ns_17_4_1_DSP48_0_U/m_reg_reg/DSP_A_B_DATA_INST/A[4]
                            (rising edge-triggered cell DSP_A_B_DATA clocked by ap_clk  {rise@0.000ns fall@2.000ns period=4.000ns})
  Path Group:             ap_clk
  Path Type:              Setup (Max at Slow Process Corner)
  Requirement:            4.000ns  (ap_clk rise@4.000ns - ap_clk rise@0.000ns)
  Data Path Delay:        1.537ns  (logic 1.225ns (79.701%)  route 0.312ns (20.299%))
  Logic Levels:           0  
  Clock Path Skew:        -0.052ns (DCD - SCD + CPR)
    Destination Clock Delay (DCD):    0.055ns = ( 4.055 - 4.000 ) 
    Source Clock Delay      (SCD):    0.107ns
    Clock Pessimism Removal (CPR):    0.000ns
  Clock Uncertainty:      0.035ns  ((TSJ^2 + TIJ^2)^1/2 + DJ) / 2 + PE
    Total System Jitter     (TSJ):    0.071ns
    Total Input Jitter      (TIJ):    0.000ns
    Discrete Jitter          (DJ):    0.000ns
    Phase Error              (PE):    0.000ns

    Location             Delay type                Incr(ns)  Path(ns)    Netlist Resource(s)
  -------------------------------------------------------------------    -------------------
                         (clock ap_clk rise edge)     0.000     0.000 r  
                                                      0.000     0.000 r  ap_clk (IN)
                         net (fo=3559, unset)         0.107     0.107    bd_0_i/hls_inst/inst/stream_in_U/U_gray_kernel_fifo_w24_d256_A_ram/ap_clk
                         RAMB18E2                                     r  bd_0_i/hls_inst/inst/stream_in_U/U_gray_kernel_fifo_w24_d256_A_ram/mem_reg/CLKARDCLK
  -------------------------------------------------------------------    -------------------
                         RAMB18E2 (Prop_RAMB18E2_CLKARDCLK_DOUTADOUT[4])
                                                      1.225     1.332 r  bd_0_i/hls_inst/inst/stream_in_U/U_gray_kernel_fifo_w24_d256_A_ram/mem_reg/DOUTADOUT[4]
                         net (fo=1, unplaced)         0.312     1.644    bd_0_i/hls_inst/inst/proc_stage_U0/grp_proc_stage_Pipeline_VITIS_LOOP_24_1_fu_50/mac_muladd_8ns_7ns_17ns_17_4_1_U13/gray_kernel_mac_muladd_8ns_7ns_17ns_17_4_1_DSP48_0_U/m_reg_reg/A[4]
                         DSP_A_B_DATA                                 r  bd_0_i/hls_inst/inst/proc_stage_U0/grp_proc_stage_Pipeline_VITIS_LOOP_24_1_fu_50/mac_muladd_8ns_7ns_17ns_17_4_1_U13/gray_kernel_mac_muladd_8ns_7ns_17ns_17_4_1_DSP48_0_U/m_reg_reg/DSP_A_B_DATA_INST/A[4]
  -------------------------------------------------------------------    -------------------

                         (clock ap_clk rise edge)     4.000     4.000 r  
                                                      0.000     4.000 r  ap_clk (IN)
                         net (fo=3559, unset)         0.055     4.055    bd_0_i/hls_inst/inst/proc_stage_U0/grp_proc_stage_Pipeline_VITIS_LOOP_24_1_fu_50/mac_muladd_8ns_7ns_17ns_17_4_1_U13/gray_kernel_mac_muladd_8ns_7ns_17ns_17_4_1_DSP48_0_U/m_reg_reg/CLK
                         DSP_A_B_DATA                                 r  bd_0_i/hls_inst/inst/proc_stage_U0/grp_proc_stage_Pipeline_VITIS_LOOP_24_1_fu_50/mac_muladd_8ns_7ns_17ns_17_4_1_U13/gray_kernel_mac_muladd_8ns_7ns_17ns_17_4_1_DSP48_0_U/m_reg_reg/DSP_A_B_DATA_INST/CLK
                         clock pessimism              0.000     4.055    
                         clock uncertainty           -0.035     4.020    
                         DSP_A_B_DATA (Setup_DSP_A_B_DATA_CLK_A[4])
                                                     -0.515     3.505    bd_0_i/hls_inst/inst/proc_stage_U0/grp_proc_stage_Pipeline_VITIS_LOOP_24_1_fu_50/mac_muladd_8ns_7ns_17ns_17_4_1_U13/gray_kernel_mac_muladd_8ns_7ns_17ns_17_4_1_DSP48_0_U/m_reg_reg/DSP_A_B_DATA_INST
  -------------------------------------------------------------------
                         required time                          3.505    
                         arrival time                          -1.644    
  -------------------------------------------------------------------
                         slack                                  1.861    

Slack (MET) :             1.863ns  (required time - arrival time)
  Source:                 bd_0_i/hls_inst/inst/stream_in_U/U_gray_kernel_fifo_w24_d256_A_ram/mem_reg/CLKARDCLK
                            (rising edge-triggered cell RAMB18E2 clocked by ap_clk  {rise@0.000ns fall@2.000ns period=4.000ns})
  Destination:            bd_0_i/hls_inst/inst/proc_stage_U0/grp_proc_stage_Pipeline_VITIS_LOOP_24_1_fu_50/mac_muladd_10ns_8ns_17ns_18_4_1_U14/gray_kernel_mac_muladd_10ns_8ns_17ns_18_4_1_DSP48_0_U/p_reg_reg/DSP_A_B_DATA_INST/A[2]
                            (rising edge-triggered cell DSP_A_B_DATA clocked by ap_clk  {rise@0.000ns fall@2.000ns period=4.000ns})
  Path Group:             ap_clk
  Path Type:              Setup (Max at Slow Process Corner)
  Requirement:            4.000ns  (ap_clk rise@4.000ns - ap_clk rise@0.000ns)
  Data Path Delay:        1.528ns  (logic 1.215ns (79.516%)  route 0.313ns (20.484%))
  Logic Levels:           0  
  Clock Path Skew:        -0.052ns (DCD - SCD + CPR)
    Destination Clock Delay (DCD):    0.055ns = ( 4.055 - 4.000 ) 
    Source Clock Delay      (SCD):    0.107ns
    Clock Pessimism Removal (CPR):    0.000ns
  Clock Uncertainty:      0.035ns  ((TSJ^2 + TIJ^2)^1/2 + DJ) / 2 + PE
    Total System Jitter     (TSJ):    0.071ns
    Total Input Jitter      (TIJ):    0.000ns
    Discrete Jitter          (DJ):    0.000ns
    Phase Error              (PE):    0.000ns

    Location             Delay type                Incr(ns)  Path(ns)    Netlist Resource(s)
  -------------------------------------------------------------------    -------------------
                         (clock ap_clk rise edge)     0.000     0.000 r  
                                                      0.000     0.000 r  ap_clk (IN)
                         net (fo=3559, unset)         0.107     0.107    bd_0_i/hls_inst/inst/stream_in_U/U_gray_kernel_fifo_w24_d256_A_ram/ap_clk
                         RAMB18E2                                     r  bd_0_i/hls_inst/inst/stream_in_U/U_gray_kernel_fifo_w24_d256_A_ram/mem_reg/CLKARDCLK
  -------------------------------------------------------------------    -------------------
                         RAMB18E2 (Prop_RAMB18E2_CLKARDCLK_DOUTADOUT[10])
                                                      1.215     1.322 r  bd_0_i/hls_inst/inst/stream_in_U/U_gray_kernel_fifo_w24_d256_A_ram/mem_reg/DOUTADOUT[10]
                         net (fo=1, unplaced)         0.313     1.635    bd_0_i/hls_inst/inst/proc_stage_U0/grp_proc_stage_Pipeline_VITIS_LOOP_24_1_fu_50/mac_muladd_10ns_8ns_17ns_18_4_1_U14/gray_kernel_mac_muladd_10ns_8ns_17ns_18_4_1_DSP48_0_U/p_reg_reg/A[2]
                         DSP_A_B_DATA                                 r  bd_0_i/hls_inst/inst/proc_stage_U0/grp_proc_stage_Pipeline_VITIS_LOOP_24_1_fu_50/mac_muladd_10ns_8ns_17ns_18_4_1_U14/gray_kernel_mac_muladd_10ns_8ns_17ns_18_4_1_DSP48_0_U/p_reg_reg/DSP_A_B_DATA_INST/A[2]
  -------------------------------------------------------------------    -------------------

                         (clock ap_clk rise edge)     4.000     4.000 r  
                                                      0.000     4.000 r  ap_clk (IN)
                         net (fo=3559, unset)         0.055     4.055    bd_0_i/hls_inst/inst/proc_stage_U0/grp_proc_stage_Pipeline_VITIS_LOOP_24_1_fu_50/mac_muladd_10ns_8ns_17ns_18_4_1_U14/gray_kernel_mac_muladd_10ns_8ns_17ns_18_4_1_DSP48_0_U/p_reg_reg/CLK
                         DSP_A_B_DATA                                 r  bd_0_i/hls_inst/inst/proc_stage_U0/grp_proc_stage_Pipeline_VITIS_LOOP_24_1_fu_50/mac_muladd_10ns_8ns_17ns_18_4_1_U14/gray_kernel_mac_muladd_10ns_8ns_17ns_18_4_1_DSP48_0_U/p_reg_reg/DSP_A_B_DATA_INST/CLK
                         clock pessimism              0.000     4.055    
                         clock uncertainty           -0.035     4.020    
                         DSP_A_B_DATA (Setup_DSP_A_B_DATA_CLK_A[2])
                                                     -0.522     3.498    bd_0_i/hls_inst/inst/proc_stage_U0/grp_proc_stage_Pipeline_VITIS_LOOP_24_1_fu_50/mac_muladd_10ns_8ns_17ns_18_4_1_U14/gray_kernel_mac_muladd_10ns_8ns_17ns_18_4_1_DSP48_0_U/p_reg_reg/DSP_A_B_DATA_INST
  -------------------------------------------------------------------
                         required time                          3.498    
                         arrival time                          -1.635    
  -------------------------------------------------------------------
                         slack                                  1.863    

Slack (MET) :             1.864ns  (required time - arrival time)
  Source:                 bd_0_i/hls_inst/inst/stream_in_U/U_gray_kernel_fifo_w24_d256_A_ram/mem_reg/CLKARDCLK
                            (rising edge-triggered cell RAMB18E2 clocked by ap_clk  {rise@0.000ns fall@2.000ns period=4.000ns})
  Destination:            bd_0_i/hls_inst/inst/proc_stage_U0/grp_proc_stage_Pipeline_VITIS_LOOP_24_1_fu_50/mac_muladd_10ns_8ns_17ns_18_4_1_U14/gray_kernel_mac_muladd_10ns_8ns_17ns_18_4_1_DSP48_0_U/p_reg_reg/DSP_A_B_DATA_INST/A[6]
                            (rising edge-triggered cell DSP_A_B_DATA clocked by ap_clk  {rise@0.000ns fall@2.000ns period=4.000ns})
  Path Group:             ap_clk
  Path Type:              Setup (Max at Slow Process Corner)
  Requirement:            4.000ns  (ap_clk rise@4.000ns - ap_clk rise@0.000ns)
  Data Path Delay:        1.524ns  (logic 1.210ns (79.396%)  route 0.314ns (20.604%))
  Logic Levels:           0  
  Clock Path Skew:        -0.052ns (DCD - SCD + CPR)
    Destination Clock Delay (DCD):    0.055ns = ( 4.055 - 4.000 ) 
    Source Clock Delay      (SCD):    0.107ns
    Clock Pessimism Removal (CPR):    0.000ns
  Clock Uncertainty:      0.035ns  ((TSJ^2 + TIJ^2)^1/2 + DJ) / 2 + PE
    Total System Jitter     (TSJ):    0.071ns
    Total Input Jitter      (TIJ):    0.000ns
    Discrete Jitter          (DJ):    0.000ns
    Phase Error              (PE):    0.000ns

    Location             Delay type                Incr(ns)  Path(ns)    Netlist Resource(s)
  -------------------------------------------------------------------    -------------------
                         (clock ap_clk rise edge)     0.000     0.000 r  
                                                      0.000     0.000 r  ap_clk (IN)
                         net (fo=3559, unset)         0.107     0.107    bd_0_i/hls_inst/inst/stream_in_U/U_gray_kernel_fifo_w24_d256_A_ram/ap_clk
                         RAMB18E2                                     r  bd_0_i/hls_inst/inst/stream_in_U/U_gray_kernel_fifo_w24_d256_A_ram/mem_reg/CLKARDCLK
  -------------------------------------------------------------------    -------------------
                         RAMB18E2 (Prop_RAMB18E2_CLKARDCLK_DOUTADOUT[14])
                                                      1.210     1.317 r  bd_0_i/hls_inst/inst/stream_in_U/U_gray_kernel_fifo_w24_d256_A_ram/mem_reg/DOUTADOUT[14]
                         net (fo=1, unplaced)         0.314     1.631    bd_0_i/hls_inst/inst/proc_stage_U0/grp_proc_stage_Pipeline_VITIS_LOOP_24_1_fu_50/mac_muladd_10ns_8ns_17ns_18_4_1_U14/gray_kernel_mac_muladd_10ns_8ns_17ns_18_4_1_DSP48_0_U/p_reg_reg/A[6]
                         DSP_A_B_DATA                                 r  bd_0_i/hls_inst/inst/proc_stage_U0/grp_proc_stage_Pipeline_VITIS_LOOP_24_1_fu_50/mac_muladd_10ns_8ns_17ns_18_4_1_U14/gray_kernel_mac_muladd_10ns_8ns_17ns_18_4_1_DSP48_0_U/p_reg_reg/DSP_A_B_DATA_INST/A[6]
  -------------------------------------------------------------------    -------------------

                         (clock ap_clk rise edge)     4.000     4.000 r  
                                                      0.000     4.000 r  ap_clk (IN)
                         net (fo=3559, unset)         0.055     4.055    bd_0_i/hls_inst/inst/proc_stage_U0/grp_proc_stage_Pipeline_VITIS_LOOP_24_1_fu_50/mac_muladd_10ns_8ns_17ns_18_4_1_U14/gray_kernel_mac_muladd_10ns_8ns_17ns_18_4_1_DSP48_0_U/p_reg_reg/CLK
                         DSP_A_B_DATA                                 r  bd_0_i/hls_inst/inst/proc_stage_U0/grp_proc_stage_Pipeline_VITIS_LOOP_24_1_fu_50/mac_muladd_10ns_8ns_17ns_18_4_1_U14/gray_kernel_mac_muladd_10ns_8ns_17ns_18_4_1_DSP48_0_U/p_reg_reg/DSP_A_B_DATA_INST/CLK
                         clock pessimism              0.000     4.055    
                         clock uncertainty           -0.035     4.020    
                         DSP_A_B_DATA (Setup_DSP_A_B_DATA_CLK_A[6])
                                                     -0.525     3.495    bd_0_i/hls_inst/inst/proc_stage_U0/grp_proc_stage_Pipeline_VITIS_LOOP_24_1_fu_50/mac_muladd_10ns_8ns_17ns_18_4_1_U14/gray_kernel_mac_muladd_10ns_8ns_17ns_18_4_1_DSP48_0_U/p_reg_reg/DSP_A_B_DATA_INST
  -------------------------------------------------------------------
                         required time                          3.495    
                         arrival time                          -1.631    
  -------------------------------------------------------------------
                         slack                                  1.864    

Slack (MET) :             1.868ns  (required time - arrival time)
  Source:                 bd_0_i/hls_inst/inst/stream_in_U/U_gray_kernel_fifo_w24_d256_A_ram/mem_reg/CLKARDCLK
                            (rising edge-triggered cell RAMB18E2 clocked by ap_clk  {rise@0.000ns fall@2.000ns period=4.000ns})
  Destination:            bd_0_i/hls_inst/inst/proc_stage_U0/grp_proc_stage_Pipeline_VITIS_LOOP_24_1_fu_50/mac_muladd_10ns_8ns_17ns_18_4_1_U14/gray_kernel_mac_muladd_10ns_8ns_17ns_18_4_1_DSP48_0_U/p_reg_reg/DSP_A_B_DATA_INST/A[4]
                            (rising edge-triggered cell DSP_A_B_DATA clocked by ap_clk  {rise@0.000ns fall@2.000ns period=4.000ns})
  Path Group:             ap_clk
  Path Type:              Setup (Max at Slow Process Corner)
  Requirement:            4.000ns  (ap_clk rise@4.000ns - ap_clk rise@0.000ns)
  Data Path Delay:        1.530ns  (logic 1.219ns (79.673%)  route 0.311ns (20.327%))
  Logic Levels:           0  
  Clock Path Skew:        -0.052ns (DCD - SCD + CPR)
    Destination Clock Delay (DCD):    0.055ns = ( 4.055 - 4.000 ) 
    Source Clock Delay      (SCD):    0.107ns
    Clock Pessimism Removal (CPR):    0.000ns
  Clock Uncertainty:      0.035ns  ((TSJ^2 + TIJ^2)^1/2 + DJ) / 2 + PE
    Total System Jitter     (TSJ):    0.071ns
    Total Input Jitter      (TIJ):    0.000ns
    Discrete Jitter          (DJ):    0.000ns
    Phase Error              (PE):    0.000ns

    Location             Delay type                Incr(ns)  Path(ns)    Netlist Resource(s)
  -------------------------------------------------------------------    -------------------
                         (clock ap_clk rise edge)     0.000     0.000 r  
                                                      0.000     0.000 r  ap_clk (IN)
                         net (fo=3559, unset)         0.107     0.107    bd_0_i/hls_inst/inst/stream_in_U/U_gray_kernel_fifo_w24_d256_A_ram/ap_clk
                         RAMB18E2                                     r  bd_0_i/hls_inst/inst/stream_in_U/U_gray_kernel_fifo_w24_d256_A_ram/mem_reg/CLKARDCLK
  -------------------------------------------------------------------    -------------------
                         RAMB18E2 (Prop_RAMB18E2_CLKARDCLK_DOUTADOUT[12])
                                                      1.219     1.326 r  bd_0_i/hls_inst/inst/stream_in_U/U_gray_kernel_fifo_w24_d256_A_ram/mem_reg/DOUTADOUT[12]
                         net (fo=1, unplaced)         0.311     1.637    bd_0_i/hls_inst/inst/proc_stage_U0/grp_proc_stage_Pipeline_VITIS_LOOP_24_1_fu_50/mac_muladd_10ns_8ns_17ns_18_4_1_U14/gray_kernel_mac_muladd_10ns_8ns_17ns_18_4_1_DSP48_0_U/p_reg_reg/A[4]
                         DSP_A_B_DATA                                 r  bd_0_i/hls_inst/inst/proc_stage_U0/grp_proc_stage_Pipeline_VITIS_LOOP_24_1_fu_50/mac_muladd_10ns_8ns_17ns_18_4_1_U14/gray_kernel_mac_muladd_10ns_8ns_17ns_18_4_1_DSP48_0_U/p_reg_reg/DSP_A_B_DATA_INST/A[4]
  -------------------------------------------------------------------    -------------------

                         (clock ap_clk rise edge)     4.000     4.000 r  
                                                      0.000     4.000 r  ap_clk (IN)
                         net (fo=3559, unset)         0.055     4.055    bd_0_i/hls_inst/inst/proc_stage_U0/grp_proc_stage_Pipeline_VITIS_LOOP_24_1_fu_50/mac_muladd_10ns_8ns_17ns_18_4_1_U14/gray_kernel_mac_muladd_10ns_8ns_17ns_18_4_1_DSP48_0_U/p_reg_reg/CLK
                         DSP_A_B_DATA                                 r  bd_0_i/hls_inst/inst/proc_stage_U0/grp_proc_stage_Pipeline_VITIS_LOOP_24_1_fu_50/mac_muladd_10ns_8ns_17ns_18_4_1_U14/gray_kernel_mac_muladd_10ns_8ns_17ns_18_4_1_DSP48_0_U/p_reg_reg/DSP_A_B_DATA_INST/CLK
                         clock pessimism              0.000     4.055    
                         clock uncertainty           -0.035     4.020    
                         DSP_A_B_DATA (Setup_DSP_A_B_DATA_CLK_A[4])
                                                     -0.515     3.505    bd_0_i/hls_inst/inst/proc_stage_U0/grp_proc_stage_Pipeline_VITIS_LOOP_24_1_fu_50/mac_muladd_10ns_8ns_17ns_18_4_1_U14/gray_kernel_mac_muladd_10ns_8ns_17ns_18_4_1_DSP48_0_U/p_reg_reg/DSP_A_B_DATA_INST
  -------------------------------------------------------------------
                         required time                          3.505    
                         arrival time                          -1.637    
  -------------------------------------------------------------------
                         slack                                  1.868    

Slack (MET) :             1.869ns  (required time - arrival time)
  Source:                 bd_0_i/hls_inst/inst/stream_in_U/U_gray_kernel_fifo_w24_d256_A_ram/mem_reg/CLKARDCLK
                            (rising edge-triggered cell RAMB18E2 clocked by ap_clk  {rise@0.000ns fall@2.000ns period=4.000ns})
  Destination:            bd_0_i/hls_inst/inst/proc_stage_U0/grp_proc_stage_Pipeline_VITIS_LOOP_24_1_fu_50/mac_muladd_10ns_8ns_17ns_18_4_1_U14/gray_kernel_mac_muladd_10ns_8ns_17ns_18_4_1_DSP48_0_U/p_reg_reg/DSP_A_B_DATA_INST/A[5]
                            (rising edge-triggered cell DSP_A_B_DATA clocked by ap_clk  {rise@0.000ns fall@2.000ns period=4.000ns})
  Path Group:             ap_clk
  Path Type:              Setup (Max at Slow Process Corner)
  Requirement:            4.000ns  (ap_clk rise@4.000ns - ap_clk rise@0.000ns)
  Data Path Delay:        1.527ns  (logic 1.209ns (79.175%)  route 0.318ns (20.825%))
  Logic Levels:           0  
  Clock Path Skew:        -0.052ns (DCD - SCD + CPR)
    Destination Clock Delay (DCD):    0.055ns = ( 4.055 - 4.000 ) 
    Source Clock Delay      (SCD):    0.107ns
    Clock Pessimism Removal (CPR):    0.000ns
  Clock Uncertainty:      0.035ns  ((TSJ^2 + TIJ^2)^1/2 + DJ) / 2 + PE
    Total System Jitter     (TSJ):    0.071ns
    Total Input Jitter      (TIJ):    0.000ns
    Discrete Jitter          (DJ):    0.000ns
    Phase Error              (PE):    0.000ns

    Location             Delay type                Incr(ns)  Path(ns)    Netlist Resource(s)
  -------------------------------------------------------------------    -------------------
                         (clock ap_clk rise edge)     0.000     0.000 r  
                                                      0.000     0.000 r  ap_clk (IN)
                         net (fo=3559, unset)         0.107     0.107    bd_0_i/hls_inst/inst/stream_in_U/U_gray_kernel_fifo_w24_d256_A_ram/ap_clk
                         RAMB18E2                                     r  bd_0_i/hls_inst/inst/stream_in_U/U_gray_kernel_fifo_w24_d256_A_ram/mem_reg/CLKARDCLK
  -------------------------------------------------------------------    -------------------
                         RAMB18E2 (Prop_RAMB18E2_CLKARDCLK_DOUTADOUT[13])
                                                      1.209     1.316 r  bd_0_i/hls_inst/inst/stream_in_U/U_gray_kernel_fifo_w24_d256_A_ram/mem_reg/DOUTADOUT[13]
                         net (fo=1, unplaced)         0.318     1.634    bd_0_i/hls_inst/inst/proc_stage_U0/grp_proc_stage_Pipeline_VITIS_LOOP_24_1_fu_50/mac_muladd_10ns_8ns_17ns_18_4_1_U14/gray_kernel_mac_muladd_10ns_8ns_17ns_18_4_1_DSP48_0_U/p_reg_reg/A[5]
                         DSP_A_B_DATA                                 r  bd_0_i/hls_inst/inst/proc_stage_U0/grp_proc_stage_Pipeline_VITIS_LOOP_24_1_fu_50/mac_muladd_10ns_8ns_17ns_18_4_1_U14/gray_kernel_mac_muladd_10ns_8ns_17ns_18_4_1_DSP48_0_U/p_reg_reg/DSP_A_B_DATA_INST/A[5]
  -------------------------------------------------------------------    -------------------

                         (clock ap_clk rise edge)     4.000     4.000 r  
                                                      0.000     4.000 r  ap_clk (IN)
                         net (fo=3559, unset)         0.055     4.055    bd_0_i/hls_inst/inst/proc_stage_U0/grp_proc_stage_Pipeline_VITIS_LOOP_24_1_fu_50/mac_muladd_10ns_8ns_17ns_18_4_1_U14/gray_kernel_mac_muladd_10ns_8ns_17ns_18_4_1_DSP48_0_U/p_reg_reg/CLK
                         DSP_A_B_DATA                                 r  bd_0_i/hls_inst/inst/proc_stage_U0/grp_proc_stage_Pipeline_VITIS_LOOP_24_1_fu_50/mac_muladd_10ns_8ns_17ns_18_4_1_U14/gray_kernel_mac_muladd_10ns_8ns_17ns_18_4_1_DSP48_0_U/p_reg_reg/DSP_A_B_DATA_INST/CLK
                         clock pessimism              0.000     4.055    
                         clock uncertainty           -0.035     4.020    
                         DSP_A_B_DATA (Setup_DSP_A_B_DATA_CLK_A[5])
                                                     -0.517     3.503    bd_0_i/hls_inst/inst/proc_stage_U0/grp_proc_stage_Pipeline_VITIS_LOOP_24_1_fu_50/mac_muladd_10ns_8ns_17ns_18_4_1_U14/gray_kernel_mac_muladd_10ns_8ns_17ns_18_4_1_DSP48_0_U/p_reg_reg/DSP_A_B_DATA_INST
  -------------------------------------------------------------------
                         required time                          3.503    
                         arrival time                          -1.634    
  -------------------------------------------------------------------
                         slack                                  1.869    




