================================================================
== Vivado RTL Synthesis Results
================================================================
+ General Information:
    * Date:            Sun Jul 19 18:31:10 CST 2026
    * Version:         2024.1 (Build 5069499 on May 21 2024)
    * Project:         gray_kernel_prj
    * Solution:        solution1 (Vivado IP Flow Target)
    * Product family:  zynquplus
    * Target device:   xck26-sfvc784-2LV-c


================================================================
== Run Constraints & Options
================================================================
+ Design Constraints & Options:
    * RTL Synthesis target clock:  4 ns
    * C-Synthesis target clock:    4 ns
    * C-Synthesis uncertainty:     27%

+ RTL Synthesis Options:
    * config_export -vivado_synth_strategy:     default
    * config_export -vivado_synth_design_args:  -directive sdx_optimization_effort_high

+ Reporting Options:
    * config_export -vivado_report_level:      2
    * config_export -vivado_max_timing_paths:  10


================================================================
== RTL Synthesis Resource Summary
================================================================
LUT:              2551
FF:               3092
DSP:              3
BRAM:             3
URAM:             0
SRL:              404


================================================================
== RTL Synthesis Timing Summary
================================================================
* Timing was met
+----------------+-------------+
| Timing         | Period (ns) |
+----------------+-------------+
| Target         | 4.000       |
| Post-Synthesis | 2.182       |
+----------------+-------------+


================================================================
== RTL Synthesis Resources
================================================================
+-------------------------------------------------------+------+------+-----+------+------+-----+--------+------+---------+----------+--------+
| Name                                                  | LUT  | FF   | DSP | BRAM | URAM | SRL | Pragma | Impl | Latency | Variable | Source |
+-------------------------------------------------------+------+------+-----+------+------+-----+--------+------+---------+----------+--------+
| inst                                                  | 2551 | 3092 | 3   | 3    |      |     |        |      |         |          |        |
|   (inst)                                              |      | 2    |     |      |      |     |        |      |         |          |        |
|   control_s_axi_U                                     | 263  | 213  |     |      |      |     |        |      |         |          |        |
|   entry_proc_U0                                       |      | 1    |     |      |      |     |        |      |         |          |        |
|   gmem_m_axi_U                                        | 1668 | 2274 |     | 2    |      |     |        |      |         |          |        |
|   num_pixels_c1_U                                     | 23   | 70   |     |      |      |     |        |      |         |          |        |
|   num_pixels_c_U                                      | 41   | 70   |     |      |      |     |        |      |         |          |        |
|   out_r_c_U                                           | 74   | 7    |     |      |      |     |        |      |         |          |        |
|   proc_stage_U0                                       | 88   | 75   | 3   |      |      |     |        |      |         |          |        |
|     (proc_stage_U0)                                   | 1    | 36   |     |      |      |     |        |      |         |          |        |
|       mac_muladd_10ns_8ns_17ns_18_4_1_U14             |      |      | 1   |      |      |     |        |      |         |          |        |
|       mac_muladd_8ns_7ns_17ns_17_4_1_U13              | 1    |      | 2   |      |      |     |        |      |         |          |        |
|   read_stage_U0                                       | 111  | 108  |     |      |      |     |        |      |         |          |        |
|     (read_stage_U0)                                   | 26   | 45   |     |      |      |     |        |      |         |          |        |
|     grp_read_stage_Pipeline_VITIS_LOOP_15_1_fu_82     | 85   | 63   |     |      |      |     |        |      |         |          |        |
|       (grp_read_stage_Pipeline_VITIS_LOOP_15_1_fu_82) | 24   | 61   |     |      |      |     |        |      |         |          |        |
|       flow_control_loop_pipe_sequential_init_U        | 61   | 2    |     |      |      |     |        |      |         |          |        |
|   start_for_proc_stage_U0_U                           | 5    | 4    |     |      |      |     |        |      |         |          |        |
|   start_for_write_stage_U0_U                          | 7    | 5    |     |      |      |     |        |      |         |          |        |
|   stream_in_U                                         | 40   | 37   |     | 1    |      |     |        |      |         |          |        |
|   stream_out_U                                        | 92   | 45   |     |      |      |     |        |      |         |          |        |
|   write_stage_U0                                      | 139  | 181  |     |      |      |     |        |      |         |          |        |
|     (write_stage_U0)                                  | 56   | 137  |     |      |      |     |        |      |         |          |        |
+-------------------------------------------------------+------+------+-----+------+------+-----+--------+------+---------+----------+--------+


================================================================
== RTL Synthesis Fail Fast
================================================================
+-----------------------------------------------------------+-----------+--------+--------+
| Criteria                                                  | Guideline | Actual | Status |
+-----------------------------------------------------------+-----------+--------+--------+
| LUT                                                       | 70%       | 2.18%  | OK     |
| FD                                                        | 50%       | 1.32%  | OK     |
| LUTRAM+SRL                                                | 25%       | 0.77%  | OK     |
| CARRY8                                                    | 25%       | 0.64%  | OK     |
| MUXF7                                                     | 15%       | 0.00%  | OK     |
| DSP                                                       | 80%       | 0.24%  | OK     |
| RAMB/FIFO                                                 | 80%       | 1.04%  | OK     |
| URAM                                                      | 80%       | 0.00%  | OK     |
| DSP+RAMB+URAM (Avg)                                       | 70%       | 0.64%  | OK     |
| BUFGCE* + BUFGCTRL                                        | 24        | 0      | OK     |
| DONT_TOUCH (cells/nets)                                   | 0         | 0      | OK     |
| MARK_DEBUG (nets)                                         | 0         | 0      | OK     |
| Control Sets                                              | 2196      | 130    | OK     |
| Average Fanout for modules > 100k cells                   | 4         | 2.43   | OK     |
| Max Average Fanout for modules > 100k cells               | 4         | 0      | OK     |
| Non-FD high fanout nets > 10k loads                       | 0         | 0      | OK     |
+-----------------------------------------------------------+-----------+--------+--------+
| TIMING-6 (No common primary clock between related clocks) | 0         | 0      | OK     |
| TIMING-7 (No common node between related clocks)          | 0         | 0      | OK     |
| TIMING-8 (No common period between related clocks)        | 0         | 0      | OK     |
| TIMING-14 (LUT on the clock tree)                         | 0         | 0      | OK     |
| TIMING-35 (No common node in paths with the same clock)   | 0         | 0      | OK     |
+-----------------------------------------------------------+-----------+--------+--------+
| Number of paths above max LUT budgeting (0.391ns)         | 0         | 0      | OK     |
| Number of paths above max Net budgeting (0.263ns)         | 0         | 0      | OK     |
+-----------------------------------------------------------+-----------+--------+--------+


================================================================
== RTL Synthesis Timing Paths
================================================================
* Timing was met
+-------+-------+-----------------------------------------------------------------+--------------------------------------------------------------------------------------------------------------------------------------------------------------------------------------+--------------+------------+----------------+----------------+--------------+
| Path  | SLACK | STARTPOINT PIN                                                  | ENDPOINT PIN                                                                                                                                                                         | LOGIC LEVELS | MAX FANOUT | DATAPATH DELAY | DATAPATH LOGIC | DATAPATH NET |
|       |       |                                                                 |                                                                                                                                                                                      |              |            |                |          DELAY |        DELAY |
+-------+-------+-----------------------------------------------------------------+--------------------------------------------------------------------------------------------------------------------------------------------------------------------------------------+--------------+------------+----------------+----------------+--------------+
| Path1 | 1.818 | stream_in_U/U_gray_kernel_fifo_w24_d256_A_ram/mem_reg/CLKARDCLK | proc_stage_U0/grp_proc_stage_Pipeline_VITIS_LOOP_24_1_fu_50/mac_muladd_8ns_7ns_17ns_17_4_1_U13/gray_kernel_mac_muladd_8ns_7ns_17ns_17_4_1_DSP48_0_U/p_reg_reg/DSP_A_B_DATA_INST/B[4] |            0 |          1 |          1.582 |          1.210 |        0.372 |
| Path2 | 1.830 | stream_in_U/U_gray_kernel_fifo_w24_d256_A_ram/mem_reg/CLKARDCLK | proc_stage_U0/grp_proc_stage_Pipeline_VITIS_LOOP_24_1_fu_50/mac_muladd_8ns_7ns_17ns_17_4_1_U13/gray_kernel_mac_muladd_8ns_7ns_17ns_17_4_1_DSP48_0_U/p_reg_reg/DSP_A_B_DATA_INST/B[5] |            0 |          1 |          1.575 |          1.213 |        0.362 |
| Path3 | 1.836 | stream_in_U/U_gray_kernel_fifo_w24_d256_A_ram/mem_reg/CLKARDCLK | proc_stage_U0/grp_proc_stage_Pipeline_VITIS_LOOP_24_1_fu_50/mac_muladd_8ns_7ns_17ns_17_4_1_U13/gray_kernel_mac_muladd_8ns_7ns_17ns_17_4_1_DSP48_0_U/p_reg_reg/DSP_A_B_DATA_INST/B[6] |            0 |          1 |          1.570 |          1.221 |        0.349 |
| Path4 | 1.853 | stream_in_U/U_gray_kernel_fifo_w24_d256_A_ram/mem_reg/CLKARDCLK | proc_stage_U0/grp_proc_stage_Pipeline_VITIS_LOOP_24_1_fu_50/mac_muladd_8ns_7ns_17ns_17_4_1_U13/gray_kernel_mac_muladd_8ns_7ns_17ns_17_4_1_DSP48_0_U/m_reg_reg/DSP_A_B_DATA_INST/A[5] |            0 |          1 |          1.543 |          1.224 |        0.319 |
| Path5 | 1.858 | stream_in_U/U_gray_kernel_fifo_w24_d256_A_ram/mem_reg/CLKARDCLK | proc_stage_U0/grp_proc_stage_Pipeline_VITIS_LOOP_24_1_fu_50/mac_muladd_8ns_7ns_17ns_17_4_1_U13/gray_kernel_mac_muladd_8ns_7ns_17ns_17_4_1_DSP48_0_U/m_reg_reg/DSP_A_B_DATA_INST/A[6] |            0 |          1 |          1.530 |          1.214 |        0.316 |
+-------+-------+-----------------------------------------------------------------+--------------------------------------------------------------------------------------------------------------------------------------------------------------------------------------+--------------+------------+----------------+----------------+--------------+

    +---------------------------------------------------------------------------------------------------------------------------------------------------------------------------------+------------------------+
    | Path1 Cells                                                                                                                                                                     | Primitive Type         |
    +---------------------------------------------------------------------------------------------------------------------------------------------------------------------------------+------------------------+
    | stream_in_U/U_gray_kernel_fifo_w24_d256_A_ram/mem_reg                                                                                                                           | BLOCKRAM.BRAM.RAMB18E2 |
    | proc_stage_U0/grp_proc_stage_Pipeline_VITIS_LOOP_24_1_fu_50/mac_muladd_8ns_7ns_17ns_17_4_1_U13/gray_kernel_mac_muladd_8ns_7ns_17ns_17_4_1_DSP48_0_U/p_reg_reg/DSP_A_B_DATA_INST | ARITHMETIC.DSP.DSP48E2 |
    | stream_in_U/U_gray_kernel_fifo_w24_d256_A_ram/mem_reg                                                                                                                           | BLOCKRAM.BRAM.RAMB18E2 |
    | proc_stage_U0/grp_proc_stage_Pipeline_VITIS_LOOP_24_1_fu_50/mac_muladd_8ns_7ns_17ns_17_4_1_U13/gray_kernel_mac_muladd_8ns_7ns_17ns_17_4_1_DSP48_0_U/p_reg_reg/DSP_A_B_DATA_INST | ARITHMETIC.DSP.DSP48E2 |
    | stream_in_U/U_gray_kernel_fifo_w24_d256_A_ram/mem_reg                                                                                                                           | BLOCKRAM.BRAM.RAMB18E2 |
    | proc_stage_U0/grp_proc_stage_Pipeline_VITIS_LOOP_24_1_fu_50/mac_muladd_8ns_7ns_17ns_17_4_1_U13/gray_kernel_mac_muladd_8ns_7ns_17ns_17_4_1_DSP48_0_U/p_reg_reg/DSP_A_B_DATA_INST | ARITHMETIC.DSP.DSP48E2 |
    | stream_in_U/U_gray_kernel_fifo_w24_d256_A_ram/mem_reg                                                                                                                           | BLOCKRAM.BRAM.RAMB18E2 |
    | proc_stage_U0/grp_proc_stage_Pipeline_VITIS_LOOP_24_1_fu_50/mac_muladd_8ns_7ns_17ns_17_4_1_U13/gray_kernel_mac_muladd_8ns_7ns_17ns_17_4_1_DSP48_0_U/m_reg_reg/DSP_A_B_DATA_INST | ARITHMETIC.DSP.DSP48E2 |
    | stream_in_U/U_gray_kernel_fifo_w24_d256_A_ram/mem_reg                                                                                                                           | BLOCKRAM.BRAM.RAMB18E2 |
    | proc_stage_U0/grp_proc_stage_Pipeline_VITIS_LOOP_24_1_fu_50/mac_muladd_8ns_7ns_17ns_17_4_1_U13/gray_kernel_mac_muladd_8ns_7ns_17ns_17_4_1_DSP48_0_U/m_reg_reg/DSP_A_B_DATA_INST | ARITHMETIC.DSP.DSP48E2 |
    +---------------------------------------------------------------------------------------------------------------------------------------------------------------------------------+------------------------+

    +---------------------------------------------------------------------------------------------------------------------------------------------------------------------------------+------------------------+
    | Path2 Cells                                                                                                                                                                     | Primitive Type         |
    +---------------------------------------------------------------------------------------------------------------------------------------------------------------------------------+------------------------+
    | stream_in_U/U_gray_kernel_fifo_w24_d256_A_ram/mem_reg                                                                                                                           | BLOCKRAM.BRAM.RAMB18E2 |
    | proc_stage_U0/grp_proc_stage_Pipeline_VITIS_LOOP_24_1_fu_50/mac_muladd_8ns_7ns_17ns_17_4_1_U13/gray_kernel_mac_muladd_8ns_7ns_17ns_17_4_1_DSP48_0_U/p_reg_reg/DSP_A_B_DATA_INST | ARITHMETIC.DSP.DSP48E2 |
    | stream_in_U/U_gray_kernel_fifo_w24_d256_A_ram/mem_reg                                                                                                                           | BLOCKRAM.BRAM.RAMB18E2 |
    | proc_stage_U0/grp_proc_stage_Pipeline_VITIS_LOOP_24_1_fu_50/mac_muladd_8ns_7ns_17ns_17_4_1_U13/gray_kernel_mac_muladd_8ns_7ns_17ns_17_4_1_DSP48_0_U/p_reg_reg/DSP_A_B_DATA_INST | ARITHMETIC.DSP.DSP48E2 |
    | stream_in_U/U_gray_kernel_fifo_w24_d256_A_ram/mem_reg                                                                                                                           | BLOCKRAM.BRAM.RAMB18E2 |
    | proc_stage_U0/grp_proc_stage_Pipeline_VITIS_LOOP_24_1_fu_50/mac_muladd_8ns_7ns_17ns_17_4_1_U13/gray_kernel_mac_muladd_8ns_7ns_17ns_17_4_1_DSP48_0_U/p_reg_reg/DSP_A_B_DATA_INST | ARITHMETIC.DSP.DSP48E2 |
    | stream_in_U/U_gray_kernel_fifo_w24_d256_A_ram/mem_reg                                                                                                                           | BLOCKRAM.BRAM.RAMB18E2 |
    | proc_stage_U0/grp_proc_stage_Pipeline_VITIS_LOOP_24_1_fu_50/mac_muladd_8ns_7ns_17ns_17_4_1_U13/gray_kernel_mac_muladd_8ns_7ns_17ns_17_4_1_DSP48_0_U/m_reg_reg/DSP_A_B_DATA_INST | ARITHMETIC.DSP.DSP48E2 |
    | stream_in_U/U_gray_kernel_fifo_w24_d256_A_ram/mem_reg                                                                                                                           | BLOCKRAM.BRAM.RAMB18E2 |
    | proc_stage_U0/grp_proc_stage_Pipeline_VITIS_LOOP_24_1_fu_50/mac_muladd_8ns_7ns_17ns_17_4_1_U13/gray_kernel_mac_muladd_8ns_7ns_17ns_17_4_1_DSP48_0_U/m_reg_reg/DSP_A_B_DATA_INST | ARITHMETIC.DSP.DSP48E2 |
    +---------------------------------------------------------------------------------------------------------------------------------------------------------------------------------+------------------------+

    +---------------------------------------------------------------------------------------------------------------------------------------------------------------------------------+------------------------+
    | Path3 Cells                                                                                                                                                                     | Primitive Type         |
    +---------------------------------------------------------------------------------------------------------------------------------------------------------------------------------+------------------------+
    | stream_in_U/U_gray_kernel_fifo_w24_d256_A_ram/mem_reg                                                                                                                           | BLOCKRAM.BRAM.RAMB18E2 |
    | proc_stage_U0/grp_proc_stage_Pipeline_VITIS_LOOP_24_1_fu_50/mac_muladd_8ns_7ns_17ns_17_4_1_U13/gray_kernel_mac_muladd_8ns_7ns_17ns_17_4_1_DSP48_0_U/p_reg_reg/DSP_A_B_DATA_INST | ARITHMETIC.DSP.DSP48E2 |
    | stream_in_U/U_gray_kernel_fifo_w24_d256_A_ram/mem_reg                                                                                                                           | BLOCKRAM.BRAM.RAMB18E2 |
    | proc_stage_U0/grp_proc_stage_Pipeline_VITIS_LOOP_24_1_fu_50/mac_muladd_8ns_7ns_17ns_17_4_1_U13/gray_kernel_mac_muladd_8ns_7ns_17ns_17_4_1_DSP48_0_U/p_reg_reg/DSP_A_B_DATA_INST | ARITHMETIC.DSP.DSP48E2 |
    | stream_in_U/U_gray_kernel_fifo_w24_d256_A_ram/mem_reg                                                                                                                           | BLOCKRAM.BRAM.RAMB18E2 |
    | proc_stage_U0/grp_proc_stage_Pipeline_VITIS_LOOP_24_1_fu_50/mac_muladd_8ns_7ns_17ns_17_4_1_U13/gray_kernel_mac_muladd_8ns_7ns_17ns_17_4_1_DSP48_0_U/p_reg_reg/DSP_A_B_DATA_INST | ARITHMETIC.DSP.DSP48E2 |
    | stream_in_U/U_gray_kernel_fifo_w24_d256_A_ram/mem_reg                                                                                                                           | BLOCKRAM.BRAM.RAMB18E2 |
    | proc_stage_U0/grp_proc_stage_Pipeline_VITIS_LOOP_24_1_fu_50/mac_muladd_8ns_7ns_17ns_17_4_1_U13/gray_kernel_mac_muladd_8ns_7ns_17ns_17_4_1_DSP48_0_U/m_reg_reg/DSP_A_B_DATA_INST | ARITHMETIC.DSP.DSP48E2 |
    | stream_in_U/U_gray_kernel_fifo_w24_d256_A_ram/mem_reg                                                                                                                           | BLOCKRAM.BRAM.RAMB18E2 |
    | proc_stage_U0/grp_proc_stage_Pipeline_VITIS_LOOP_24_1_fu_50/mac_muladd_8ns_7ns_17ns_17_4_1_U13/gray_kernel_mac_muladd_8ns_7ns_17ns_17_4_1_DSP48_0_U/m_reg_reg/DSP_A_B_DATA_INST | ARITHMETIC.DSP.DSP48E2 |
    +---------------------------------------------------------------------------------------------------------------------------------------------------------------------------------+------------------------+

    +---------------------------------------------------------------------------------------------------------------------------------------------------------------------------------+------------------------+
    | Path4 Cells                                                                                                                                                                     | Primitive Type         |
    +---------------------------------------------------------------------------------------------------------------------------------------------------------------------------------+------------------------+
    | stream_in_U/U_gray_kernel_fifo_w24_d256_A_ram/mem_reg                                                                                                                           | BLOCKRAM.BRAM.RAMB18E2 |
    | proc_stage_U0/grp_proc_stage_Pipeline_VITIS_LOOP_24_1_fu_50/mac_muladd_8ns_7ns_17ns_17_4_1_U13/gray_kernel_mac_muladd_8ns_7ns_17ns_17_4_1_DSP48_0_U/p_reg_reg/DSP_A_B_DATA_INST | ARITHMETIC.DSP.DSP48E2 |
    | stream_in_U/U_gray_kernel_fifo_w24_d256_A_ram/mem_reg                                                                                                                           | BLOCKRAM.BRAM.RAMB18E2 |
    | proc_stage_U0/grp_proc_stage_Pipeline_VITIS_LOOP_24_1_fu_50/mac_muladd_8ns_7ns_17ns_17_4_1_U13/gray_kernel_mac_muladd_8ns_7ns_17ns_17_4_1_DSP48_0_U/p_reg_reg/DSP_A_B_DATA_INST | ARITHMETIC.DSP.DSP48E2 |
    | stream_in_U/U_gray_kernel_fifo_w24_d256_A_ram/mem_reg                                                                                                                           | BLOCKRAM.BRAM.RAMB18E2 |
    | proc_stage_U0/grp_proc_stage_Pipeline_VITIS_LOOP_24_1_fu_50/mac_muladd_8ns_7ns_17ns_17_4_1_U13/gray_kernel_mac_muladd_8ns_7ns_17ns_17_4_1_DSP48_0_U/p_reg_reg/DSP_A_B_DATA_INST | ARITHMETIC.DSP.DSP48E2 |
    | stream_in_U/U_gray_kernel_fifo_w24_d256_A_ram/mem_reg                                                                                                                           | BLOCKRAM.BRAM.RAMB18E2 |
    | proc_stage_U0/grp_proc_stage_Pipeline_VITIS_LOOP_24_1_fu_50/mac_muladd_8ns_7ns_17ns_17_4_1_U13/gray_kernel_mac_muladd_8ns_7ns_17ns_17_4_1_DSP48_0_U/m_reg_reg/DSP_A_B_DATA_INST | ARITHMETIC.DSP.DSP48E2 |
    | stream_in_U/U_gray_kernel_fifo_w24_d256_A_ram/mem_reg                                                                                                                           | BLOCKRAM.BRAM.RAMB18E2 |
    | proc_stage_U0/grp_proc_stage_Pipeline_VITIS_LOOP_24_1_fu_50/mac_muladd_8ns_7ns_17ns_17_4_1_U13/gray_kernel_mac_muladd_8ns_7ns_17ns_17_4_1_DSP48_0_U/m_reg_reg/DSP_A_B_DATA_INST | ARITHMETIC.DSP.DSP48E2 |
    +---------------------------------------------------------------------------------------------------------------------------------------------------------------------------------+------------------------+

    +---------------------------------------------------------------------------------------------------------------------------------------------------------------------------------+------------------------+
    | Path5 Cells                                                                                                                                                                     | Primitive Type         |
    +---------------------------------------------------------------------------------------------------------------------------------------------------------------------------------+------------------------+
    | stream_in_U/U_gray_kernel_fifo_w24_d256_A_ram/mem_reg                                                                                                                           | BLOCKRAM.BRAM.RAMB18E2 |
    | proc_stage_U0/grp_proc_stage_Pipeline_VITIS_LOOP_24_1_fu_50/mac_muladd_8ns_7ns_17ns_17_4_1_U13/gray_kernel_mac_muladd_8ns_7ns_17ns_17_4_1_DSP48_0_U/p_reg_reg/DSP_A_B_DATA_INST | ARITHMETIC.DSP.DSP48E2 |
    | stream_in_U/U_gray_kernel_fifo_w24_d256_A_ram/mem_reg                                                                                                                           | BLOCKRAM.BRAM.RAMB18E2 |
    | proc_stage_U0/grp_proc_stage_Pipeline_VITIS_LOOP_24_1_fu_50/mac_muladd_8ns_7ns_17ns_17_4_1_U13/gray_kernel_mac_muladd_8ns_7ns_17ns_17_4_1_DSP48_0_U/p_reg_reg/DSP_A_B_DATA_INST | ARITHMETIC.DSP.DSP48E2 |
    | stream_in_U/U_gray_kernel_fifo_w24_d256_A_ram/mem_reg                                                                                                                           | BLOCKRAM.BRAM.RAMB18E2 |
    | proc_stage_U0/grp_proc_stage_Pipeline_VITIS_LOOP_24_1_fu_50/mac_muladd_8ns_7ns_17ns_17_4_1_U13/gray_kernel_mac_muladd_8ns_7ns_17ns_17_4_1_DSP48_0_U/p_reg_reg/DSP_A_B_DATA_INST | ARITHMETIC.DSP.DSP48E2 |
    | stream_in_U/U_gray_kernel_fifo_w24_d256_A_ram/mem_reg                                                                                                                           | BLOCKRAM.BRAM.RAMB18E2 |
    | proc_stage_U0/grp_proc_stage_Pipeline_VITIS_LOOP_24_1_fu_50/mac_muladd_8ns_7ns_17ns_17_4_1_U13/gray_kernel_mac_muladd_8ns_7ns_17ns_17_4_1_DSP48_0_U/m_reg_reg/DSP_A_B_DATA_INST | ARITHMETIC.DSP.DSP48E2 |
    | stream_in_U/U_gray_kernel_fifo_w24_d256_A_ram/mem_reg                                                                                                                           | BLOCKRAM.BRAM.RAMB18E2 |
    | proc_stage_U0/grp_proc_stage_Pipeline_VITIS_LOOP_24_1_fu_50/mac_muladd_8ns_7ns_17ns_17_4_1_U13/gray_kernel_mac_muladd_8ns_7ns_17ns_17_4_1_DSP48_0_U/m_reg_reg/DSP_A_B_DATA_INST | ARITHMETIC.DSP.DSP48E2 |
    +---------------------------------------------------------------------------------------------------------------------------------------------------------------------------------+------------------------+


================================================================
== RTL Synthesis Vivado Reports
================================================================
+--------------------------+--------------------------------------------------------------------+
| Report Type              | Report Location                                                    |
+--------------------------+--------------------------------------------------------------------+
| design_analysis          | impl/verilog/report/gray_kernel_design_analysis_synth.rpt          |
| failfast                 | impl/verilog/report/gray_kernel_failfast_synth.rpt                 |
| timing                   | impl/verilog/report/gray_kernel_timing_synth.rpt                   |
| timing_paths             | impl/verilog/report/gray_kernel_timing_paths_synth.rpt             |
| utilization              | impl/verilog/report/gray_kernel_utilization_synth.rpt              |
| utilization_hierarchical | impl/verilog/report/gray_kernel_utilization_hierarchical_synth.rpt |
+--------------------------+--------------------------------------------------------------------+


