================================================================
== Design Size Report
================================================================

* Total Instructions per Compilation Phase
+---------------+-----------------------------+--------------+----------------------------------------------------------------------------------------+
| Phase         | Step                        | Instructions | Description                                                                            |
+---------------+-----------------------------+--------------+----------------------------------------------------------------------------------------+
| Compile/Link  |                             | 1,163        | After all functions are compiled and linked into a single design                       |
|               |                             |              |                                                                                        |
| Unroll/Inline |                             |              | After user unroll and inline pragmas are applied                                       |
|               | (1) unroll                  |   113        | user unroll pragmas are applied                                                        |
|               | (2) simplification          |    96        | simplification of applied user unroll pragmas                                          |
|               | (3) inline                  |    97        | user inline pragmas are applied                                                        |
|               | (4) simplification          |    97        | simplification of applied user inline pragmas                                          |
|               |                             |              |                                                                                        |
| Array/Struct  |                             |              | After user array partition and struct aggregate/disaggregate pragmas are applied       |
|               | (1) array partition         |    86        | user array partition pragmas are applied                                               |
|               | (2) simplification          |    86        | simplification of applied user array partition & struct aggregate/disaggregate pragmas |
|               | (3) aggregate/disaggregate  |    86        | user struct aggregate/disaggregate pragmas are applied                                 |
|               | (4) array reshape           |    86        | apply array reshape pragmas                                                            |
|               | (5) access patterns         |    92        | array access pattern optmizations                                                      |
|               |                             |              |                                                                                        |
| Performance   |                             |              | After transformations are applied to meet performance pragma targets                   |
|               | (1) loop simplification     |    92        | loop and instruction simplification                                                    |
|               | (2) parallelization         |    92        | loops are unrolled or pipelined to meet performance targets                            |
|               | (3) array partition         |    91        | arrays are partitioned to meet performance targets                                     |
|               | (4) simplification          |    91        | simplification of design after performance transformations                             |
|               |                             |              |                                                                                        |
| HW Transforms |                             |              | After hardware transfomations                                                          |
|               | (1) lowering                |    95        | initial conversion to HW specific instructions                                         |
|               | (2) optimizations           |   110        | high level synthesis optimizations                                                     |
+---------------+-----------------------------+--------------+----------------------------------------------------------------------------------------+

* Instructions per Function for each Compilation Phase
+----------------+--------------------+--------------+---------------+--------------+-------------+---------------+
| Function       | Location           | Compile/Link | Unroll/Inline | Array/Struct | Performance | HW Transforms |
+----------------+--------------------+--------------+---------------+--------------+-------------+---------------+
| + gray_kernel  | gray_kernel.cpp:45 | 1,163        | 97            | 92           | 91          | 110           |
|    read_stage  | gray_kernel.cpp:13 |  353         | 30            | 31           | 31          |  33           |
|    proc_stage  | gray_kernel.cpp:22 |  748         | 28            | 28           | 27          |  33           |
|    write_stage | gray_kernel.cpp:36 |   26         | 13            | 15           | 15          |  21           |
+----------------+--------------------+--------------+---------------+--------------+-------------+---------------+

* Design Size Message Settings
+---------------------------------------------+--------+------------------------------------------------------------------+
| Message Setting                             | Value  | Description                                                      |
+---------------------------------------------+--------+------------------------------------------------------------------+
| config_compile -design_size_maximum_warning | 100000 | Show a warning when total design instructions exceeds this value |
+---------------------------------------------+--------+------------------------------------------------------------------+


