

================================================================
== Synthesis Summary Report of 'gray_kernel'
================================================================
+ General Information: 
    * Date:           Sun Jul 19 18:25:25 2026
    * Version:        2024.1 (Build 5069499 on May 21 2024)
    * Project:        gray_kernel_prj
    * Solution:       solution1 (Vivado IP Flow Target)
    * Product family: zynquplus
    * Target device:  xck26-sfvc784-2LV-c
    

+ Performance & Resource Estimates: 
    
    PS: '+' for module; 'o' for loop; '*' for dataflow
    +------------------------------------------+------+------+---------+--------+----------+---------+------+----------+--------+---------+------------+-----------+-----+
    |                  Modules                 | Issue|      | Latency | Latency| Iteration|         | Trip |          |        |         |            |           |     |
    |                  & Loops                 | Type | Slack| (cycles)|  (ns)  |  Latency | Interval| Count| Pipelined|  BRAM  |   DSP   |     FF     |    LUT    | URAM|
    +------------------------------------------+------+------+---------+--------+----------+---------+------+----------+--------+---------+------------+-----------+-----+
    |+ gray_kernel*                            |     -|  0.00|        -|       -|         -|        -|     -|  dataflow|  5 (1%)|  2 (~0%)|  2088 (~0%)|  2797 (2%)|    -|
    | + entry_proc                             |     -|  1.46|        0|   0.000|         -|        0|     -|        no|       -|        -|     3 (~0%)|   29 (~0%)|    -|
    | + read_stage                             |     -|  0.00|        -|       -|         -|        -|     -|        no|       -|        -|   109 (~0%)|  534 (~0%)|    -|
    |  + read_stage_Pipeline_VITIS_LOOP_15_1   |     -|  0.00|        -|       -|         -|        -|     -|        no|       -|        -|    62 (~0%)|  179 (~0%)|    -|
    |   o VITIS_LOOP_15_1                      |    II|  2.92|        -|       -|         5|        3|     -|       yes|       -|        -|           -|          -|    -|
    | + proc_stage                             |     -|  0.00|        -|       -|         -|        -|     -|        no|       -|  2 (~0%)|   103 (~0%)|  264 (~0%)|    -|
    |  + proc_stage_Pipeline_VITIS_LOOP_24_1   |     -|  0.17|        -|       -|         -|        -|     -|        no|       -|  2 (~0%)|    66 (~0%)|  197 (~0%)|    -|
    |   o VITIS_LOOP_24_1                      |     -|  2.92|        -|       -|         6|        1|     -|       yes|       -|        -|           -|          -|    -|
    | + write_stage                            |     -|  0.00|        -|       -|         -|        -|     -|        no|       -|        -|   182 (~0%)|  463 (~0%)|    -|
    |  + write_stage_Pipeline_VITIS_LOOP_38_1  |     -|  0.00|        -|       -|         -|        -|     -|        no|       -|        -|    44 (~0%)|  137 (~0%)|    -|
    |   o VITIS_LOOP_38_1                      |     -|  2.92|        -|       -|         3|        1|     -|       yes|       -|        -|           -|          -|    -|
    +------------------------------------------+------+------+---------+--------+----------+---------+------+----------+--------+---------+------------+-----------+-----+


================================================================
== HW Interfaces
================================================================
* M_AXI
+------------+------------+------------+---------------+---------+--------+----------+-----------+--------------+--------------+-------------+-------------+-------------------+
| Interface  | Read/Write | Data Width | Address Width | Latency | Offset | Register | Max Widen | Max Read     | Max Write    | Num Read    | Num Write   | Resource Estimate |
|            |            | (SW->HW)   |               |         |        |          | Bitwidth  | Burst Length | Burst Length | Outstanding | Outstanding |                   |
+------------+------------+------------+---------------+---------+--------+----------+-----------+--------------+--------------+-------------+-------------+-------------------+
| m_axi_gmem | READ_WRITE | 8 -> 8     | 64            | 0       | slave  | 0        | 0         | 16           | 16           | 16          | 16          | BRAM=2            |
+------------+------------+------------+---------------+---------+--------+----------+-----------+--------------+--------------+-------------+-------------+-------------------+

* S_AXILITE Interfaces
+---------------+------------+---------------+--------+----------+
| Interface     | Data Width | Address Width | Offset | Register |
+---------------+------------+---------------+--------+----------+
| s_axi_control | 32         | 6             | 16     | 0        |
+---------------+------------+---------------+--------+----------+

* S_AXILITE Registers
+---------------+------------+--------+-------+--------+----------------------------------+----------------------------------------------------------------------+
| Interface     | Register   | Offset | Width | Access | Description                      | Bit Fields                                                           |
+---------------+------------+--------+-------+--------+----------------------------------+----------------------------------------------------------------------+
| s_axi_control | CTRL       | 0x00   | 32    | RW     | Control signals                  | 0=AP_START 1=AP_DONE 2=AP_IDLE 3=AP_READY 7=AUTO_RESTART 9=INTERRUPT |
| s_axi_control | GIER       | 0x04   | 32    | RW     | Global Interrupt Enable Register | 0=Enable                                                             |
| s_axi_control | IP_IER     | 0x08   | 32    | RW     | IP Interrupt Enable Register     | 0=CHAN0_INT_EN 1=CHAN1_INT_EN                                        |
| s_axi_control | IP_ISR     | 0x0c   | 32    | RW     | IP Interrupt Status Register     | 0=CHAN0_INT_ST 1=CHAN1_INT_ST                                        |
| s_axi_control | in_r_1     | 0x10   | 32    | W      | Data signal of in_r              |                                                                      |
| s_axi_control | in_r_2     | 0x14   | 32    | W      | Data signal of in_r              |                                                                      |
| s_axi_control | out_r_1    | 0x1c   | 32    | W      | Data signal of out_r             |                                                                      |
| s_axi_control | out_r_2    | 0x20   | 32    | W      | Data signal of out_r             |                                                                      |
| s_axi_control | num_pixels | 0x28   | 32    | W      | Data signal of num_pixels        |                                                                      |
+---------------+------------+--------+-------+--------+----------------------------------+----------------------------------------------------------------------+

* TOP LEVEL CONTROL
+-----------+------------+-----------+
| Interface | Type       | Ports     |
+-----------+------------+-----------+
| ap_clk    | clock      | ap_clk    |
| ap_rst_n  | reset      | ap_rst_n  |
| interrupt | interrupt  | interrupt |
| ap_ctrl   | ap_ctrl_hs |           |
+-----------+------------+-----------+


================================================================
== SW I/O Information
================================================================
* Top Function Arguments
+------------+-----------+--------------------+
| Argument   | Direction | Datatype           |
+------------+-----------+--------------------+
| in         | inout     | ap_uint<8> const * |
| out        | inout     | ap_uint<8>*        |
| num_pixels | in        | int                |
+------------+-----------+--------------------+

* SW-to-HW Mapping
+------------+---------------+-----------+----------+--------------------------------------+
| Argument   | HW Interface  | HW Type   | HW Usage | HW Info                              |
+------------+---------------+-----------+----------+--------------------------------------+
| in         | m_axi_gmem    | interface |          | channel=0                            |
| in         | s_axi_control | register  | offset   | name=in_r_1 offset=0x10 range=32     |
| in         | s_axi_control | register  | offset   | name=in_r_2 offset=0x14 range=32     |
| out        | m_axi_gmem    | interface |          | channel=0                            |
| out        | s_axi_control | register  | offset   | name=out_r_1 offset=0x1c range=32    |
| out        | s_axi_control | register  | offset   | name=out_r_2 offset=0x20 range=32    |
| num_pixels | s_axi_control | register  |          | name=num_pixels offset=0x28 range=32 |
+------------+---------------+-----------+----------+--------------------------------------+


================================================================
== M_AXI Burst Information
================================================================
 Note: All burst requests might be further partitioned into multiple requests during RTL generation based on max_read_burst_length or max_write_burst_length settings.

* Inferred Burst Summary
+--------------+-----------+----------+-------+-----------------+-----------------------+
| HW Interface | Direction | Length   | Width | Loop            | Loop Location         |
+--------------+-----------+----------+-------+-----------------+-----------------------+
| m_axi_gmem   | read      | variable | 8     | VITIS_LOOP_15_1 | gray_kernel.cpp:15:19 |
| m_axi_gmem   | write     | variable | 8     | VITIS_LOOP_38_1 | gray_kernel.cpp:38:19 |
+--------------+-----------+----------+-------+-----------------+-----------------------+

* All M_AXI Variable Accesses
+--------------+----------+-----------------------+-----------+--------------+----------+-----------------+-----------------------+------------+------------------------------------------------------------------------------------------------------+
| HW Interface | Variable | Access Location       | Direction | Burst Status | Length   | Loop            | Loop Location         | Resolution | Problem                                                                                              |
+--------------+----------+-----------------------+-----------+--------------+----------+-----------------+-----------------------+------------+------------------------------------------------------------------------------------------------------+
| m_axi_gmem   | in       | gray_kernel.cpp:17:59 | read      | Widen Fail   |          | VITIS_LOOP_15_1 | gray_kernel.cpp:15:19 | 214-353    | Could not widen since type i8 size is greater than or equal to the max_widen_bitwidth threshold of 0 |
| m_axi_gmem   | in       | gray_kernel.cpp:17:35 | read      | Widen Fail   |          | VITIS_LOOP_15_1 | gray_kernel.cpp:15:19 | 214-353    | Could not widen since type i8 size is greater than or equal to the max_widen_bitwidth threshold of 0 |
| m_axi_gmem   | in       | gray_kernel.cpp:17:12 | read      | Widen Fail   |          | VITIS_LOOP_15_1 | gray_kernel.cpp:15:19 | 214-353    | Could not widen since type i8 size is greater than or equal to the max_widen_bitwidth threshold of 0 |
| m_axi_gmem   | in       | gray_kernel.cpp:17:59 | read      | Inferred     | variable | VITIS_LOOP_15_1 | gray_kernel.cpp:15:19 |            |                                                                                                      |
| m_axi_gmem   | in       | gray_kernel.cpp:17:35 | read      | Inferred     | variable | VITIS_LOOP_15_1 | gray_kernel.cpp:15:19 |            |                                                                                                      |
| m_axi_gmem   | in       | gray_kernel.cpp:17:12 | read      | Inferred     | variable | VITIS_LOOP_15_1 | gray_kernel.cpp:15:19 |            |                                                                                                      |
| m_axi_gmem   | out      | gray_kernel.cpp:40:9  | write     | Widen Fail   |          | VITIS_LOOP_38_1 | gray_kernel.cpp:38:19 | 214-353    | Could not widen since type i8 size is greater than or equal to the max_widen_bitwidth threshold of 0 |
| m_axi_gmem   | out      | gray_kernel.cpp:40:9  | write     | Inferred     | variable | VITIS_LOOP_38_1 | gray_kernel.cpp:38:19 |            |                                                                                                      |
+--------------+----------+-----------------------+-----------+--------------+----------+-----------------+-----------------------+------------+------------------------------------------------------------------------------------------------------+

    * Resolution URL: docs.xilinx.com/access/sources/dita/topic?Doc_Version=2024.1%20English&url=ug1448-hls-guidance&resourceid=XXX-YYY.html (replace XXX-YYY with column value)

================================================================
== Bind Op Report
================================================================
+------------------------------------------+-----+--------+-------------+--------+-----------+---------+
| Name                                     | DSP | Pragma | Variable    | Op     | Impl      | Latency |
+------------------------------------------+-----+--------+-------------+--------+-----------+---------+
| + gray_kernel                            | 2   |        |             |        |           |         |
|  + read_stage                            | 0   |        |             |        |           |         |
|    icmp_ln15_fu_92_p2                    |     |        | icmp_ln15   | setgt  | auto      | 0       |
|    sub_ln15_fu_114_p2                    |     |        | sub_ln15    | sub    | fabric    | 0       |
|    empty_fu_120_p3                       |     |        | empty       | select | auto_sel  | 0       |
|   + read_stage_Pipeline_VITIS_LOOP_15_1  | 0   |        |             |        |           |         |
|     icmp_ln15_fu_90_p2                   |     |        | icmp_ln15   | setlt  | auto      | 0       |
|     add_ln15_fu_102_p2                   |     |        | add_ln15    | add    | fabric    | 0       |
|  + proc_stage                            | 2   |        |             |        |           |         |
|   + proc_stage_Pipeline_VITIS_LOOP_24_1  | 2   |        |             |        |           |         |
|     icmp_ln24_fu_91_p2                   |     |        | icmp_ln24   | setlt  | auto      | 0       |
|     add_ln24_fu_97_p2                    |     |        | add_ln24    | add    | fabric    | 0       |
|     mul_8ns_10ns_17_1_1_U12              |     |        | mul_ln31    | mul    | auto      | 0       |
|     mac_muladd_10ns_8ns_17ns_18_4_1_U14  | 1   |        | mul_ln31_1  | mul    | dsp_slice | 3       |
|     mac_muladd_8ns_7ns_17ns_17_4_1_U13   | 1   |        | mul_ln31_2  | mul    | dsp_slice | 3       |
|     mac_muladd_8ns_7ns_17ns_17_4_1_U13   | 1   |        | zext_ln31_3 | zext   | dsp_slice | 3       |
|     mac_muladd_8ns_7ns_17ns_17_4_1_U13   | 1   |        | add_ln31    | add    | dsp_slice | 3       |
|     mac_muladd_10ns_8ns_17ns_18_4_1_U14  | 1   |        | add_ln31_1  | add    | dsp_slice | 3       |
|  + write_stage                           | 0   |        |             |        |           |         |
|    icmp_ln38_fu_79_p2                    |     |        | icmp_ln38   | setgt  | auto      | 0       |
|    empty_fu_89_p3                        |     |        | empty       | select | auto_sel  | 0       |
|   + write_stage_Pipeline_VITIS_LOOP_38_1 | 0   |        |             |        |           |         |
|     icmp_ln38_fu_92_p2                   |     |        | icmp_ln38   | setlt  | auto      | 0       |
|     add_ln38_fu_104_p2                   |     |        | add_ln38    | add    | fabric    | 0       |
+------------------------------------------+-----+--------+-------------+--------+-----------+---------+


================================================================
== Storage Report
================================================================
+-------------------+--------------+-------------+------+------+--------+---------------+--------+---------+------------------+
| Name              | Usage        | Type        | BRAM | URAM | Pragma | Variable      | Impl   | Latency | Bitwidth, Depth, |
|                   |              |             |      |      |        |               |        |         | Banks            |
+-------------------+--------------+-------------+------+------+--------+---------------+--------+---------+------------------+
| + gray_kernel     |              |             | 5    | 0    |        |               |        |         |                  |
|   control_s_axi_U | interface    | s_axilite   |      |      |        |               |        |         |                  |
|   gmem_m_axi_U    | interface    | m_axi       | 2    |      |        |               |        |         |                  |
|   out_r_c_U       | fifo channel | scalar prop |      |      |        | out_r_c       | srl    | 0       | 64, 4, 1         |
|   stream_in_U     | fifo channel | stream      | 2    |      |        | stream_in     | memory | 0       | 24, 256, 1       |
|   num_pixels_c1_U | fifo channel | scalar prop |      |      |        | num_pixels_c1 | srl    | 0       | 32, 2, 1         |
|   stream_out_U    | fifo channel | stream      | 1    |      |        | stream_out    | memory | 0       | 8, 256, 1        |
|   num_pixels_c_U  | fifo channel | scalar prop |      |      |        | num_pixels_c  | srl    | 0       | 32, 2, 1         |
+-------------------+--------------+-------------+------+------+--------+---------------+--------+---------+------------------+


================================================================
== Pragma Report
================================================================
* Valid Pragma Syntax
+-----------+----------------------------------------------------------+-----------------------------------------------+
| Type      | Options                                                  | Location                                      |
+-----------+----------------------------------------------------------+-----------------------------------------------+
| inline    | off                                                      | gray_kernel.cpp:14 in read_stage              |
| pipeline  | II=1                                                     | gray_kernel.cpp:16 in read_stage              |
| inline    | off                                                      | gray_kernel.cpp:23 in proc_stage              |
| pipeline  | II=1                                                     | gray_kernel.cpp:25 in proc_stage              |
| inline    | off                                                      | gray_kernel.cpp:37 in write_stage             |
| pipeline  | II=1                                                     | gray_kernel.cpp:39 in write_stage             |
| interface | m_axi port=in offset=slave bundle=gmem depth=1920*1080*3 | gray_kernel.cpp:46 in gray_kernel, in         |
| interface | m_axi port=out offset=slave bundle=gmem depth=1920*1080  | gray_kernel.cpp:47 in gray_kernel, out        |
| interface | s_axilite port=in bundle=control                         | gray_kernel.cpp:48 in gray_kernel, in         |
| interface | s_axilite port=out bundle=control                        | gray_kernel.cpp:49 in gray_kernel, out        |
| interface | s_axilite port=num_pixels bundle=control                 | gray_kernel.cpp:50 in gray_kernel, num_pixels |
| interface | s_axilite port=return bundle=control                     | gray_kernel.cpp:51 in gray_kernel, return     |
| dataflow  |                                                          | gray_kernel.cpp:53 in gray_kernel             |
| stream    | variable=stream_in depth=256                             | gray_kernel.cpp:56 in gray_kernel, stream_in  |
| stream    | variable=stream_out depth=256                            | gray_kernel.cpp:57 in gray_kernel, stream_out |
+-----------+----------------------------------------------------------+-----------------------------------------------+


