

================================================================
== Vitis HLS Report for 'proc_stage_Pipeline_VITIS_LOOP_24_1'
================================================================
* Date:           Sun Jul 19 18:25:25 2026

* Version:        2024.1 (Build 5069499 on May 21 2024)
* Project:        gray_kernel_prj
* Solution:       solution1 (Vivado IP Flow Target)
* Product family: zynquplus
* Target device:  xck26-sfvc784-2LV-c


================================================================
== Performance Estimates
================================================================
+ Timing: 
    * Summary: 
    +--------+---------+----------+------------+
    |  Clock |  Target | Estimated| Uncertainty|
    +--------+---------+----------+------------+
    |ap_clk  |  4.00 ns|  2.755 ns|     1.08 ns|
    +--------+---------+----------+------------+

+ Latency: 
    * Summary: 
    +---------+---------+----------+----------+-----+-----+-----------------------------------------------+
    |  Latency (cycles) |  Latency (absolute) |  Interval |                    Pipeline                   |
    |   min   |   max   |    min   |    max   | min | max |                      Type                     |
    +---------+---------+----------+----------+-----+-----+-----------------------------------------------+
    |        ?|        ?|         ?|         ?|    0|    0|  loop auto-rewind stp(delay=0 clock cycles(s))|
    +---------+---------+----------+----------+-----+-----+-----------------------------------------------+

    + Detail: 
        * Instance: 
        N/A

        * Loop: 
        +-------------------+---------+---------+----------+-----------+-----------+------+----------+
        |                   |  Latency (cycles) | Iteration|  Initiation Interval  | Trip |          |
        |     Loop Name     |   min   |   max   |  Latency |  achieved |   target  | Count| Pipelined|
        +-------------------+---------+---------+----------+-----------+-----------+------+----------+
        |- VITIS_LOOP_24_1  |        ?|        ?|         6|          1|          1|     ?|       yes|
        +-------------------+---------+---------+----------+-----------+-----------+------+----------+



================================================================
== Utilization Estimates
================================================================
* Summary: 
+-----------------+---------+------+--------+--------+-----+
|       Name      | BRAM_18K|  DSP |   FF   |   LUT  | URAM|
+-----------------+---------+------+--------+--------+-----+
|DSP              |        -|     2|       -|       -|    -|
|Expression       |        -|     -|       0|      81|    -|
|FIFO             |        -|     -|       -|       -|    -|
|Instance         |        -|     0|       0|      62|    -|
|Memory           |        -|     -|       -|       -|    -|
|Multiplexer      |        -|     -|       0|      54|    -|
|Register         |        -|     -|      66|       -|    -|
+-----------------+---------+------+--------+--------+-----+
|Total            |        0|     2|      66|     197|    0|
+-----------------+---------+------+--------+--------+-----+
|Available        |      288|  1248|  234240|  117120|   64|
+-----------------+---------+------+--------+--------+-----+
|Utilization (%)  |        0|    ~0|      ~0|      ~0|    0|
+-----------------+---------+------+--------+--------+-----+

+ Detail: 
    * Instance: 
    +-------------------------+---------------------+---------+----+---+----+-----+
    |         Instance        |        Module       | BRAM_18K| DSP| FF| LUT| URAM|
    +-------------------------+---------------------+---------+----+---+----+-----+
    |mul_8ns_10ns_17_1_1_U12  |mul_8ns_10ns_17_1_1  |        0|   0|  0|  62|    0|
    +-------------------------+---------------------+---------+----+---+----+-----+
    |Total                    |                     |        0|   0|  0|  62|    0|
    +-------------------------+---------------------+---------+----+---+----+-----+

    * DSP: 
    +-------------------------------------+---------------------------------+--------------+
    |               Instance              |              Module             |  Expression  |
    +-------------------------------------+---------------------------------+--------------+
    |mac_muladd_10ns_8ns_17ns_18_4_1_U14  |mac_muladd_10ns_8ns_17ns_18_4_1  |  i0 + i1 * i2|
    |mac_muladd_8ns_7ns_17ns_17_4_1_U13   |mac_muladd_8ns_7ns_17ns_17_4_1   |  i0 + i1 * i2|
    +-------------------------------------+---------------------------------+--------------+

    * Memory: 
    N/A

    * FIFO: 
    N/A

    * Expression: 
    +---------------------------+----------+----+---+----+------------+------------+
    |       Variable Name       | Operation| DSP| FF| LUT| Bitwidth P0| Bitwidth P1|
    +---------------------------+----------+----+---+----+------------+------------+
    |add_ln24_fu_97_p2          |         +|   0|  0|  38|          31|           1|
    |icmp_ln24_fu_91_p2         |      icmp|   0|  0|  39|          32|          32|
    |ap_block_pp0_stage0_01001  |        or|   0|  0|   2|           1|           1|
    |ap_enable_pp0              |       xor|   0|  0|   2|           1|           2|
    +---------------------------+----------+----+---+----+------------+------------+
    |Total                      |          |   0|  0|  81|          65|          36|
    +---------------------------+----------+----+---+----+------------+------------+

    * Multiplexer: 
    +-------------------------+----+-----------+-----+-----------+
    |           Name          | LUT| Input Size| Bits| Total Bits|
    +-------------------------+----+-----------+-----+-----------+
    |ap_done_int              |   9|          2|    1|          2|
    |ap_enable_reg_pp0_iter1  |   9|          2|    1|          2|
    |ap_sig_allocacmp_i_load  |   9|          2|   31|         62|
    |i_fu_56                  |   9|          2|   31|         62|
    |stream_in_blk_n          |   9|          2|    1|          2|
    |stream_out_blk_n         |   9|          2|    1|          2|
    +-------------------------+----+-----------+-----+-----------+
    |Total                    |  54|         12|   66|        132|
    +-------------------------+----+-----------+-----+-----------+

    * Register: 
    +----------------------------------+----+----+-----+-----------+
    |               Name               | FF | LUT| Bits| Const Bits|
    +----------------------------------+----+----+-----+-----------+
    |ap_CS_fsm                         |   1|   0|    1|          0|
    |ap_done_reg                       |   1|   0|    1|          0|
    |ap_enable_reg_pp0_iter1           |   1|   0|    1|          0|
    |ap_enable_reg_pp0_iter2           |   1|   0|    1|          0|
    |ap_enable_reg_pp0_iter3           |   1|   0|    1|          0|
    |ap_enable_reg_pp0_iter4           |   1|   0|    1|          0|
    |ap_enable_reg_pp0_iter5           |   1|   0|    1|          0|
    |ap_loop_exit_ready_pp0_iter1_reg  |   1|   0|    1|          0|
    |ap_loop_exit_ready_pp0_iter2_reg  |   1|   0|    1|          0|
    |ap_loop_exit_ready_pp0_iter3_reg  |   1|   0|    1|          0|
    |ap_loop_exit_ready_pp0_iter4_reg  |   1|   0|    1|          0|
    |g_reg_195                         |   8|   0|    8|          0|
    |i_fu_56                           |  31|   0|   31|          0|
    |r_reg_190                         |   8|   0|    8|          0|
    |r_reg_190_pp0_iter2_reg           |   8|   0|    8|          0|
    +----------------------------------+----+----+-----+-----------+
    |Total                             |  66|   0|   66|          0|
    +----------------------------------+----+----+-----+-----------+



================================================================
== Interface
================================================================
* Summary: 
+---------------------------+-----+-----+------------+-------------------------------------+--------------+
|         RTL Ports         | Dir | Bits|  Protocol  |            Source Object            |    C Type    |
+---------------------------+-----+-----+------------+-------------------------------------+--------------+
|ap_clk                     |   in|    1|  ap_ctrl_hs|  proc_stage_Pipeline_VITIS_LOOP_24_1|  return value|
|ap_rst                     |   in|    1|  ap_ctrl_hs|  proc_stage_Pipeline_VITIS_LOOP_24_1|  return value|
|ap_start                   |   in|    1|  ap_ctrl_hs|  proc_stage_Pipeline_VITIS_LOOP_24_1|  return value|
|ap_done                    |  out|    1|  ap_ctrl_hs|  proc_stage_Pipeline_VITIS_LOOP_24_1|  return value|
|ap_idle                    |  out|    1|  ap_ctrl_hs|  proc_stage_Pipeline_VITIS_LOOP_24_1|  return value|
|ap_ready                   |  out|    1|  ap_ctrl_hs|  proc_stage_Pipeline_VITIS_LOOP_24_1|  return value|
|stream_in_dout             |   in|   24|     ap_fifo|                            stream_in|       pointer|
|stream_in_num_data_valid   |   in|    9|     ap_fifo|                            stream_in|       pointer|
|stream_in_fifo_cap         |   in|    9|     ap_fifo|                            stream_in|       pointer|
|stream_in_empty_n          |   in|    1|     ap_fifo|                            stream_in|       pointer|
|stream_in_read             |  out|    1|     ap_fifo|                            stream_in|       pointer|
|stream_out_din             |  out|    8|     ap_fifo|                           stream_out|       pointer|
|stream_out_num_data_valid  |   in|    9|     ap_fifo|                           stream_out|       pointer|
|stream_out_fifo_cap        |   in|    9|     ap_fifo|                           stream_out|       pointer|
|stream_out_full_n          |   in|    1|     ap_fifo|                           stream_out|       pointer|
|stream_out_write           |  out|    1|     ap_fifo|                           stream_out|       pointer|
|num_pixels_2               |   in|   32|     ap_none|                         num_pixels_2|        scalar|
+---------------------------+-----+-----+------------+-------------------------------------+--------------+

