

================================================================
== Vitis HLS Report for 'proc_stage'
================================================================
* Date:           Sun Jul 19 18:25:25 2026

* Version:        2024.1 (Build 5069499 on May 21 2024)
* Project:        gray_kernel_prj
* Solution:       solution1 (Vivado IP Flow Target)
* Product family: zynquplus
* Target device:  xck26-sfvc784-2LV-c


================================================================
== Performance Estimates
================================================================
+ Timing: 
    * Summary: 
    +--------+---------+----------+------------+
    |  Clock |  Target | Estimated| Uncertainty|
    +--------+---------+----------+------------+
    |ap_clk  |  4.00 ns|  2.920 ns|     1.08 ns|
    +--------+---------+----------+------------+

+ Latency: 
    * Summary: 
    +---------+---------+----------+----------+-----+-----+---------+
    |  Latency (cycles) |  Latency (absolute) |  Interval | Pipeline|
    |   min   |   max   |    min   |    max   | min | max |   Type  |
    +---------+---------+----------+----------+-----+-----+---------+
    |        ?|        ?|         ?|         ?|    ?|    ?|       no|
    +---------+---------+----------+----------+-----+-----+---------+

    + Detail: 
        * Instance: 
        +-----------------------------------------------+-------------------------------------+---------+---------+----------+----------+-----+-----+-----------------------------------------------+
        |                                               |                                     |  Latency (cycles) |  Latency (absolute) |  Interval |                    Pipeline                   |
        |                    Instance                   |                Module               |   min   |   max   |    min   |    max   | min | max |                      Type                     |
        +-----------------------------------------------+-------------------------------------+---------+---------+----------+----------+-----+-----+-----------------------------------------------+
        |grp_proc_stage_Pipeline_VITIS_LOOP_24_1_fu_50  |proc_stage_Pipeline_VITIS_LOOP_24_1  |        ?|        ?|         ?|         ?|    0|    0|  loop auto-rewind stp(delay=0 clock cycles(s))|
        +-----------------------------------------------+-------------------------------------+---------+---------+----------+----------+-----+-----+-----------------------------------------------+

        * Loop: 
        N/A



================================================================
== Utilization Estimates
================================================================
* Summary: 
+-----------------+---------+------+--------+--------+-----+
|       Name      | BRAM_18K|  DSP |   FF   |   LUT  | URAM|
+-----------------+---------+------+--------+--------+-----+
|DSP              |        -|     -|       -|       -|    -|
|Expression       |        -|     -|       0|       2|    -|
|FIFO             |        -|     -|       -|       -|    -|
|Instance         |        -|     2|      66|     197|    -|
|Memory           |        -|     -|       -|       -|    -|
|Multiplexer      |        -|     -|       0|      65|    -|
|Register         |        -|     -|      37|       -|    -|
+-----------------+---------+------+--------+--------+-----+
|Total            |        0|     2|     103|     264|    0|
+-----------------+---------+------+--------+--------+-----+
|Available        |      288|  1248|  234240|  117120|   64|
+-----------------+---------+------+--------+--------+-----+
|Utilization (%)  |        0|    ~0|      ~0|      ~0|    0|
+-----------------+---------+------+--------+--------+-----+

+ Detail: 
    * Instance: 
    +-----------------------------------------------+-------------------------------------+---------+----+----+-----+-----+
    |                    Instance                   |                Module               | BRAM_18K| DSP| FF | LUT | URAM|
    +-----------------------------------------------+-------------------------------------+---------+----+----+-----+-----+
    |grp_proc_stage_Pipeline_VITIS_LOOP_24_1_fu_50  |proc_stage_Pipeline_VITIS_LOOP_24_1  |        0|   2|  66|  197|    0|
    +-----------------------------------------------+-------------------------------------+---------+----+----+-----+-----+
    |Total                                          |                                     |        0|   2|  66|  197|    0|
    +-----------------------------------------------+-------------------------------------+---------+----+----+-----+-----+

    * DSP: 
    N/A

    * Memory: 
    N/A

    * FIFO: 
    N/A

    * Expression: 
    +-----------------+----------+----+---+----+------------+------------+
    |  Variable Name  | Operation| DSP| FF| LUT| Bitwidth P0| Bitwidth P1|
    +-----------------+----------+----+---+----+------------+------------+
    |ap_block_state1  |        or|   0|  0|   2|           1|           1|
    +-----------------+----------+----+---+----+------------+------------+
    |Total            |          |   0|  0|   2|           1|           1|
    +-----------------+----------+----+---+----+------------+------------+

    * Multiplexer: 
    +--------------------+----+-----------+-----+-----------+
    |        Name        | LUT| Input Size| Bits| Total Bits|
    +--------------------+----+-----------+-----+-----------+
    |ap_NS_fsm           |  20|          4|    1|          4|
    |ap_done             |   9|          2|    1|          2|
    |num_pixels_blk_n    |   9|          2|    1|          2|
    |num_pixels_c_blk_n  |   9|          2|    1|          2|
    |stream_in_read      |   9|          2|    1|          2|
    |stream_out_write    |   9|          2|    1|          2|
    +--------------------+----+-----------+-----+-----------+
    |Total               |  65|         14|    6|         14|
    +--------------------+----+-----------+-----+-----------+

    * Register: 
    +------------------------------------------------------------+----+----+-----+-----------+
    |                            Name                            | FF | LUT| Bits| Const Bits|
    +------------------------------------------------------------+----+----+-----+-----------+
    |ap_CS_fsm                                                   |   3|   0|    3|          0|
    |ap_done_reg                                                 |   1|   0|    1|          0|
    |grp_proc_stage_Pipeline_VITIS_LOOP_24_1_fu_50_ap_start_reg  |   1|   0|    1|          0|
    |num_pixels_2_reg_59                                         |  32|   0|   32|          0|
    +------------------------------------------------------------+----+----+-----+-----------+
    |Total                                                       |  37|   0|   37|          0|
    +------------------------------------------------------------+----+----+-----+-----------+



================================================================
== Interface
================================================================
* Summary: 
+-----------------------------+-----+-----+------------+--------------+--------------+
|          RTL Ports          | Dir | Bits|  Protocol  | Source Object|    C Type    |
+-----------------------------+-----+-----+------------+--------------+--------------+
|ap_clk                       |   in|    1|  ap_ctrl_hs|    proc_stage|  return value|
|ap_rst                       |   in|    1|  ap_ctrl_hs|    proc_stage|  return value|
|ap_start                     |   in|    1|  ap_ctrl_hs|    proc_stage|  return value|
|ap_done                      |  out|    1|  ap_ctrl_hs|    proc_stage|  return value|
|ap_continue                  |   in|    1|  ap_ctrl_hs|    proc_stage|  return value|
|ap_idle                      |  out|    1|  ap_ctrl_hs|    proc_stage|  return value|
|ap_ready                     |  out|    1|  ap_ctrl_hs|    proc_stage|  return value|
|stream_in_dout               |   in|   24|     ap_fifo|     stream_in|       pointer|
|stream_in_num_data_valid     |   in|    9|     ap_fifo|     stream_in|       pointer|
|stream_in_fifo_cap           |   in|    9|     ap_fifo|     stream_in|       pointer|
|stream_in_empty_n            |   in|    1|     ap_fifo|     stream_in|       pointer|
|stream_in_read               |  out|    1|     ap_fifo|     stream_in|       pointer|
|stream_out_din               |  out|    8|     ap_fifo|    stream_out|       pointer|
|stream_out_num_data_valid    |   in|    9|     ap_fifo|    stream_out|       pointer|
|stream_out_fifo_cap          |   in|    9|     ap_fifo|    stream_out|       pointer|
|stream_out_full_n            |   in|    1|     ap_fifo|    stream_out|       pointer|
|stream_out_write             |  out|    1|     ap_fifo|    stream_out|       pointer|
|num_pixels_dout              |   in|   32|     ap_fifo|    num_pixels|       pointer|
|num_pixels_num_data_valid    |   in|    3|     ap_fifo|    num_pixels|       pointer|
|num_pixels_fifo_cap          |   in|    3|     ap_fifo|    num_pixels|       pointer|
|num_pixels_empty_n           |   in|    1|     ap_fifo|    num_pixels|       pointer|
|num_pixels_read              |  out|    1|     ap_fifo|    num_pixels|       pointer|
|num_pixels_c_din             |  out|   32|     ap_fifo|  num_pixels_c|       pointer|
|num_pixels_c_num_data_valid  |   in|    3|     ap_fifo|  num_pixels_c|       pointer|
|num_pixels_c_fifo_cap        |   in|    3|     ap_fifo|  num_pixels_c|       pointer|
|num_pixels_c_full_n          |   in|    1|     ap_fifo|  num_pixels_c|       pointer|
|num_pixels_c_write           |  out|    1|     ap_fifo|  num_pixels_c|       pointer|
+-----------------------------+-----+-----+------------+--------------+--------------+

