

================================================================
== Vitis HLS Report for 'read_stage'
================================================================
* Date:           Sun Jul 19 18:25:25 2026

* Version:        2024.1 (Build 5069499 on May 21 2024)
* Project:        gray_kernel_prj
* Solution:       solution1 (Vivado IP Flow Target)
* Product family: zynquplus
* Target device:  xck26-sfvc784-2LV-c


================================================================
== Performance Estimates
================================================================
+ Timing: 
    * Summary: 
    +--------+---------+----------+------------+
    |  Clock |  Target | Estimated| Uncertainty|
    +--------+---------+----------+------------+
    |ap_clk  |  4.00 ns|  2.920 ns|     1.08 ns|
    +--------+---------+----------+------------+

+ Latency: 
    * Summary: 
    +---------+---------+----------+----------+-----+-----+---------+
    |  Latency (cycles) |  Latency (absolute) |  Interval | Pipeline|
    |   min   |   max   |    min   |    max   | min | max |   Type  |
    +---------+---------+----------+----------+-----+-----+---------+
    |        ?|        ?|         ?|         ?|    ?|    ?|       no|
    +---------+---------+----------+----------+-----+-----+---------+

    + Detail: 
        * Instance: 
        +-----------------------------------------------+-------------------------------------+---------+---------+----------+----------+-----+-----+-----------------------------------------------+
        |                                               |                                     |  Latency (cycles) |  Latency (absolute) |  Interval |                    Pipeline                   |
        |                    Instance                   |                Module               |   min   |   max   |    min   |    max   | min | max |                      Type                     |
        +-----------------------------------------------+-------------------------------------+---------+---------+----------+----------+-----+-----+-----------------------------------------------+
        |grp_read_stage_Pipeline_VITIS_LOOP_15_1_fu_82  |read_stage_Pipeline_VITIS_LOOP_15_1  |        ?|        ?|         ?|         ?|    0|    0|  loop auto-rewind stp(delay=0 clock cycles(s))|
        +-----------------------------------------------+-------------------------------------+---------+---------+----------+----------+-----+-----+-----------------------------------------------+

        * Loop: 
        N/A



================================================================
== Utilization Estimates
================================================================
* Summary: 
+-----------------+---------+------+--------+--------+-----+
|       Name      | BRAM_18K|  DSP |   FF   |   LUT  | URAM|
+-----------------+---------+------+--------+--------+-----+
|DSP              |        -|     -|       -|       -|    -|
|Expression       |        -|     -|       0|     113|    -|
|FIFO             |        -|     -|       -|       -|    -|
|Instance         |        -|     -|      62|     179|    -|
|Memory           |        -|     -|       -|       -|    -|
|Multiplexer      |        -|     -|       0|     242|    -|
|Register         |        -|     -|      47|       -|    -|
+-----------------+---------+------+--------+--------+-----+
|Total            |        0|     0|     109|     534|    0|
+-----------------+---------+------+--------+--------+-----+
|Available        |      288|  1248|  234240|  117120|   64|
+-----------------+---------+------+--------+--------+-----+
|Utilization (%)  |        0|     0|      ~0|      ~0|    0|
+-----------------+---------+------+--------+--------+-----+

+ Detail: 
    * Instance: 
    +-----------------------------------------------+-------------------------------------+---------+----+----+-----+-----+
    |                    Instance                   |                Module               | BRAM_18K| DSP| FF | LUT | URAM|
    +-----------------------------------------------+-------------------------------------+---------+----+----+-----+-----+
    |grp_read_stage_Pipeline_VITIS_LOOP_15_1_fu_82  |read_stage_Pipeline_VITIS_LOOP_15_1  |        0|   0|  62|  179|    0|
    +-----------------------------------------------+-------------------------------------+---------+----+----+-----+-----+
    |Total                                          |                                     |        0|   0|  62|  179|    0|
    +-----------------------------------------------+-------------------------------------+---------+----+----+-----+-----+

    * DSP: 
    N/A

    * Memory: 
    N/A

    * FIFO: 
    N/A

    * Expression: 
    +--------------------+----------+----+---+----+------------+------------+
    |    Variable Name   | Operation| DSP| FF| LUT| Bitwidth P0| Bitwidth P1|
    +--------------------+----------+----+---+----+------------+------------+
    |sub_ln15_fu_114_p2  |         -|   0|  0|  40|          33|          33|
    |icmp_ln15_fu_92_p2  |      icmp|   0|  0|  39|          32|           1|
    |ap_block_state1     |        or|   0|  0|   2|           1|           1|
    |empty_fu_120_p3     |    select|   0|  0|  32|           1|          33|
    +--------------------+----------+----+---+----+------------+------------+
    |Total               |          |   0|  0| 113|          67|          68|
    +--------------------+----------+----+---+----+------------+------------+

    * Multiplexer: 
    +---------------------+----+-----------+-----+-----------+
    |         Name        | LUT| Input Size| Bits| Total Bits|
    +---------------------+----+-----------+-----+-----------+
    |ap_NS_fsm            |  65|         12|    1|         12|
    |ap_done              |   9|          2|    1|          2|
    |gmem_blk_n_AR        |   9|          2|    1|          2|
    |m_axi_gmem_ARADDR    |  14|          3|   64|        192|
    |m_axi_gmem_ARBURST   |   9|          2|    2|          4|
    |m_axi_gmem_ARCACHE   |   9|          2|    4|          8|
    |m_axi_gmem_ARID      |   9|          2|    1|          2|
    |m_axi_gmem_ARLEN     |  14|          3|   32|         96|
    |m_axi_gmem_ARLOCK    |   9|          2|    2|          4|
    |m_axi_gmem_ARPROT    |   9|          2|    3|          6|
    |m_axi_gmem_ARQOS     |   9|          2|    4|          8|
    |m_axi_gmem_ARREGION  |   9|          2|    4|          8|
    |m_axi_gmem_ARSIZE    |   9|          2|    3|          6|
    |m_axi_gmem_ARUSER    |   9|          2|    1|          2|
    |m_axi_gmem_ARVALID   |  14|          3|    1|          3|
    |m_axi_gmem_RREADY    |   9|          2|    1|          2|
    |num_pixels_c1_blk_n  |   9|          2|    1|          2|
    |real_start           |   9|          2|    1|          2|
    |stream_in_write      |   9|          2|    1|          2|
    +---------------------+----+-----------+-----+-----------+
    |Total                | 242|         51|  128|        363|
    +---------------------+----+-----------+-----+-----------+

    * Register: 
    +------------------------------------------------------------+----+----+-----+-----------+
    |                            Name                            | FF | LUT| Bits| Const Bits|
    +------------------------------------------------------------+----+----+-----+-----------+
    |ap_CS_fsm                                                   |  11|   0|   11|          0|
    |ap_done_reg                                                 |   1|   0|    1|          0|
    |empty_reg_144                                               |  33|   0|   33|          0|
    |grp_read_stage_Pipeline_VITIS_LOOP_15_1_fu_82_ap_start_reg  |   1|   0|    1|          0|
    |start_once_reg                                              |   1|   0|    1|          0|
    +------------------------------------------------------------+----+----+-----+-----------+
    |Total                                                       |  47|   0|   47|          0|
    +------------------------------------------------------------+----+----+-----+-----------+



================================================================
== Interface
================================================================
* Summary: 
+------------------------------+-----+-----+------------+---------------+--------------+
|           RTL Ports          | Dir | Bits|  Protocol  | Source Object |    C Type    |
+------------------------------+-----+-----+------------+---------------+--------------+
|ap_clk                        |   in|    1|  ap_ctrl_hs|     read_stage|  return value|
|ap_rst                        |   in|    1|  ap_ctrl_hs|     read_stage|  return value|
|ap_start                      |   in|    1|  ap_ctrl_hs|     read_stage|  return value|
|start_full_n                  |   in|    1|  ap_ctrl_hs|     read_stage|  return value|
|ap_done                       |  out|    1|  ap_ctrl_hs|     read_stage|  return value|
|ap_continue                   |   in|    1|  ap_ctrl_hs|     read_stage|  return value|
|ap_idle                       |  out|    1|  ap_ctrl_hs|     read_stage|  return value|
|ap_ready                      |  out|    1|  ap_ctrl_hs|     read_stage|  return value|
|start_out                     |  out|    1|  ap_ctrl_hs|     read_stage|  return value|
|start_write                   |  out|    1|  ap_ctrl_hs|     read_stage|  return value|
|m_axi_gmem_AWVALID            |  out|    1|       m_axi|           gmem|       pointer|
|m_axi_gmem_AWREADY            |   in|    1|       m_axi|           gmem|       pointer|
|m_axi_gmem_AWADDR             |  out|   64|       m_axi|           gmem|       pointer|
|m_axi_gmem_AWID               |  out|    1|       m_axi|           gmem|       pointer|
|m_axi_gmem_AWLEN              |  out|   32|       m_axi|           gmem|       pointer|
|m_axi_gmem_AWSIZE             |  out|    3|       m_axi|           gmem|       pointer|
|m_axi_gmem_AWBURST            |  out|    2|       m_axi|           gmem|       pointer|
|m_axi_gmem_AWLOCK             |  out|    2|       m_axi|           gmem|       pointer|
|m_axi_gmem_AWCACHE            |  out|    4|       m_axi|           gmem|       pointer|
|m_axi_gmem_AWPROT             |  out|    3|       m_axi|           gmem|       pointer|
|m_axi_gmem_AWQOS              |  out|    4|       m_axi|           gmem|       pointer|
|m_axi_gmem_AWREGION           |  out|    4|       m_axi|           gmem|       pointer|
|m_axi_gmem_AWUSER             |  out|    1|       m_axi|           gmem|       pointer|
|m_axi_gmem_WVALID             |  out|    1|       m_axi|           gmem|       pointer|
|m_axi_gmem_WREADY             |   in|    1|       m_axi|           gmem|       pointer|
|m_axi_gmem_WDATA              |  out|    8|       m_axi|           gmem|       pointer|
|m_axi_gmem_WSTRB              |  out|    1|       m_axi|           gmem|       pointer|
|m_axi_gmem_WLAST              |  out|    1|       m_axi|           gmem|       pointer|
|m_axi_gmem_WID                |  out|    1|       m_axi|           gmem|       pointer|
|m_axi_gmem_WUSER              |  out|    1|       m_axi|           gmem|       pointer|
|m_axi_gmem_ARVALID            |  out|    1|       m_axi|           gmem|       pointer|
|m_axi_gmem_ARREADY            |   in|    1|       m_axi|           gmem|       pointer|
|m_axi_gmem_ARADDR             |  out|   64|       m_axi|           gmem|       pointer|
|m_axi_gmem_ARID               |  out|    1|       m_axi|           gmem|       pointer|
|m_axi_gmem_ARLEN              |  out|   32|       m_axi|           gmem|       pointer|
|m_axi_gmem_ARSIZE             |  out|    3|       m_axi|           gmem|       pointer|
|m_axi_gmem_ARBURST            |  out|    2|       m_axi|           gmem|       pointer|
|m_axi_gmem_ARLOCK             |  out|    2|       m_axi|           gmem|       pointer|
|m_axi_gmem_ARCACHE            |  out|    4|       m_axi|           gmem|       pointer|
|m_axi_gmem_ARPROT             |  out|    3|       m_axi|           gmem|       pointer|
|m_axi_gmem_ARQOS              |  out|    4|       m_axi|           gmem|       pointer|
|m_axi_gmem_ARREGION           |  out|    4|       m_axi|           gmem|       pointer|
|m_axi_gmem_ARUSER             |  out|    1|       m_axi|           gmem|       pointer|
|m_axi_gmem_RVALID             |   in|    1|       m_axi|           gmem|       pointer|
|m_axi_gmem_RREADY             |  out|    1|       m_axi|           gmem|       pointer|
|m_axi_gmem_RDATA              |   in|    8|       m_axi|           gmem|       pointer|
|m_axi_gmem_RLAST              |   in|    1|       m_axi|           gmem|       pointer|
|m_axi_gmem_RID                |   in|    1|       m_axi|           gmem|       pointer|
|m_axi_gmem_RFIFONUM           |   in|   11|       m_axi|           gmem|       pointer|
|m_axi_gmem_RUSER              |   in|    1|       m_axi|           gmem|       pointer|
|m_axi_gmem_RRESP              |   in|    2|       m_axi|           gmem|       pointer|
|m_axi_gmem_BVALID             |   in|    1|       m_axi|           gmem|       pointer|
|m_axi_gmem_BREADY             |  out|    1|       m_axi|           gmem|       pointer|
|m_axi_gmem_BRESP              |   in|    2|       m_axi|           gmem|       pointer|
|m_axi_gmem_BID                |   in|    1|       m_axi|           gmem|       pointer|
|m_axi_gmem_BUSER              |   in|    1|       m_axi|           gmem|       pointer|
|in_r                          |   in|   64|     ap_none|           in_r|        scalar|
|stream_in_din                 |  out|   24|     ap_fifo|      stream_in|       pointer|
|stream_in_num_data_valid      |   in|    9|     ap_fifo|      stream_in|       pointer|
|stream_in_fifo_cap            |   in|    9|     ap_fifo|      stream_in|       pointer|
|stream_in_full_n              |   in|    1|     ap_fifo|      stream_in|       pointer|
|stream_in_write               |  out|    1|     ap_fifo|      stream_in|       pointer|
|num_pixels                    |   in|   32|     ap_none|     num_pixels|        scalar|
|num_pixels_c1_din             |  out|   32|     ap_fifo|  num_pixels_c1|       pointer|
|num_pixels_c1_num_data_valid  |   in|    3|     ap_fifo|  num_pixels_c1|       pointer|
|num_pixels_c1_fifo_cap        |   in|    3|     ap_fifo|  num_pixels_c1|       pointer|
|num_pixels_c1_full_n          |   in|    1|     ap_fifo|  num_pixels_c1|       pointer|
|num_pixels_c1_write           |  out|    1|     ap_fifo|  num_pixels_c1|       pointer|
+------------------------------+-----+-----+------------+---------------+--------------+

