

================================================================
== Vitis HLS Report for 'write_stage'
================================================================
* Date:           Sun Jul 19 18:25:25 2026

* Version:        2024.1 (Build 5069499 on May 21 2024)
* Project:        gray_kernel_prj
* Solution:       solution1 (Vivado IP Flow Target)
* Product family: zynquplus
* Target device:  xck26-sfvc784-2LV-c


================================================================
== Performance Estimates
================================================================
+ Timing: 
    * Summary: 
    +--------+---------+----------+------------+
    |  Clock |  Target | Estimated| Uncertainty|
    +--------+---------+----------+------------+
    |ap_clk  |  4.00 ns|  2.920 ns|     1.08 ns|
    +--------+---------+----------+------------+

+ Latency: 
    * Summary: 
    +---------+---------+----------+----------+-----+-----+---------+
    |  Latency (cycles) |  Latency (absolute) |  Interval | Pipeline|
    |   min   |   max   |    min   |    max   | min | max |   Type  |
    +---------+---------+----------+----------+-----+-----+---------+
    |        ?|        ?|         ?|         ?|    ?|    ?|       no|
    +---------+---------+----------+----------+-----+-----+---------+

    + Detail: 
        * Instance: 
        +------------------------------------------------+--------------------------------------+---------+---------+----------+----------+-----+-----+-----------------------------------------------+
        |                                                |                                      |  Latency (cycles) |  Latency (absolute) |  Interval |                    Pipeline                   |
        |                    Instance                    |                Module                |   min   |   max   |    min   |    max   | min | max |                      Type                     |
        +------------------------------------------------+--------------------------------------+---------+---------+----------+----------+-----+-----+-----------------------------------------------+
        |grp_write_stage_Pipeline_VITIS_LOOP_38_1_fu_69  |write_stage_Pipeline_VITIS_LOOP_38_1  |        ?|        ?|         ?|         ?|    0|    0|  loop auto-rewind stp(delay=0 clock cycles(s))|
        +------------------------------------------------+--------------------------------------+---------+---------+----------+----------+-----+-----+-----------------------------------------------+

        * Loop: 
        N/A



================================================================
== Utilization Estimates
================================================================
* Summary: 
+-----------------+---------+------+--------+--------+-----+
|       Name      | BRAM_18K|  DSP |   FF   |   LUT  | URAM|
+-----------------+---------+------+--------+--------+-----+
|DSP              |        -|     -|       -|       -|    -|
|Expression       |        -|     -|       0|      72|    -|
|FIFO             |        -|     -|       -|       -|    -|
|Instance         |        -|     -|      44|     137|    -|
|Memory           |        -|     -|       -|       -|    -|
|Multiplexer      |        -|     -|       0|     254|    -|
|Register         |        -|     -|     138|       -|    -|
+-----------------+---------+------+--------+--------+-----+
|Total            |        0|     0|     182|     463|    0|
+-----------------+---------+------+--------+--------+-----+
|Available        |      288|  1248|  234240|  117120|   64|
+-----------------+---------+------+--------+--------+-----+
|Utilization (%)  |        0|     0|      ~0|      ~0|    0|
+-----------------+---------+------+--------+--------+-----+

+ Detail: 
    * Instance: 
    +------------------------------------------------+--------------------------------------+---------+----+----+-----+-----+
    |                    Instance                    |                Module                | BRAM_18K| DSP| FF | LUT | URAM|
    +------------------------------------------------+--------------------------------------+---------+----+----+-----+-----+
    |grp_write_stage_Pipeline_VITIS_LOOP_38_1_fu_69  |write_stage_Pipeline_VITIS_LOOP_38_1  |        0|   0|  44|  137|    0|
    +------------------------------------------------+--------------------------------------+---------+----+----+-----+-----+
    |Total                                           |                                      |        0|   0|  44|  137|    0|
    +------------------------------------------------+--------------------------------------+---------+----+----+-----+-----+

    * DSP: 
    N/A

    * Memory: 
    N/A

    * FIFO: 
    N/A

    * Expression: 
    +--------------------+----------+----+---+----+------------+------------+
    |    Variable Name   | Operation| DSP| FF| LUT| Bitwidth P0| Bitwidth P1|
    +--------------------+----------+----+---+----+------------+------------+
    |icmp_ln38_fu_79_p2  |      icmp|   0|  0|  39|          32|           1|
    |ap_block_state1     |        or|   0|  0|   2|           1|           1|
    |empty_fu_89_p3      |    select|   0|  0|  31|           1|          31|
    +--------------------+----------+----+---+----+------------+------------+
    |Total               |          |   0|  0|  72|          34|          33|
    +--------------------+----------+----+---+----+------------+------------+

    * Multiplexer: 
    +---------------------+----+-----------+-----+-----------+
    |         Name        | LUT| Input Size| Bits| Total Bits|
    +---------------------+----+-----------+-----+-----------+
    |ap_NS_fsm            |  54|         10|    1|         10|
    |ap_done              |   9|          2|    1|          2|
    |gmem_blk_n_AW        |   9|          2|    1|          2|
    |gmem_blk_n_B         |   9|          2|    1|          2|
    |m_axi_gmem_AWADDR    |  14|          3|   64|        192|
    |m_axi_gmem_AWBURST   |   9|          2|    2|          4|
    |m_axi_gmem_AWCACHE   |   9|          2|    4|          8|
    |m_axi_gmem_AWID      |   9|          2|    1|          2|
    |m_axi_gmem_AWLEN     |  14|          3|   32|         96|
    |m_axi_gmem_AWLOCK    |   9|          2|    2|          4|
    |m_axi_gmem_AWPROT    |   9|          2|    3|          6|
    |m_axi_gmem_AWQOS     |   9|          2|    4|          8|
    |m_axi_gmem_AWREGION  |   9|          2|    4|          8|
    |m_axi_gmem_AWSIZE    |   9|          2|    3|          6|
    |m_axi_gmem_AWUSER    |   9|          2|    1|          2|
    |m_axi_gmem_AWVALID   |  14|          3|    1|          3|
    |m_axi_gmem_BREADY    |  14|          3|    1|          3|
    |m_axi_gmem_WVALID    |   9|          2|    1|          2|
    |num_pixels_blk_n     |   9|          2|    1|          2|
    |out_r_blk_n          |   9|          2|    1|          2|
    |stream_out_read      |   9|          2|    1|          2|
    +---------------------+----+-----------+-----+-----------+
    |Total                | 254|         54|  130|        366|
    +---------------------+----+-----------+-----+-----------+

    * Register: 
    +-------------------------------------------------------------+----+----+-----+-----------+
    |                             Name                            | FF | LUT| Bits| Const Bits|
    +-------------------------------------------------------------+----+----+-----+-----------+
    |ap_CS_fsm                                                    |   9|   0|    9|          0|
    |ap_done_reg                                                  |   1|   0|    1|          0|
    |empty_reg_118                                                |  31|   0|   31|          0|
    |grp_write_stage_Pipeline_VITIS_LOOP_38_1_fu_69_ap_start_reg  |   1|   0|    1|          0|
    |num_pixels_1_reg_107                                         |  32|   0|   32|          0|
    |out_1_reg_112                                                |  64|   0|   64|          0|
    +-------------------------------------------------------------+----+----+-----+-----------+
    |Total                                                        | 138|   0|  138|          0|
    +-------------------------------------------------------------+----+----+-----+-----------+



================================================================
== Interface
================================================================
* Summary: 
+---------------------------+-----+-----+------------+--------------+--------------+
|         RTL Ports         | Dir | Bits|  Protocol  | Source Object|    C Type    |
+---------------------------+-----+-----+------------+--------------+--------------+
|ap_clk                     |   in|    1|  ap_ctrl_hs|   write_stage|  return value|
|ap_rst                     |   in|    1|  ap_ctrl_hs|   write_stage|  return value|
|ap_start                   |   in|    1|  ap_ctrl_hs|   write_stage|  return value|
|ap_done                    |  out|    1|  ap_ctrl_hs|   write_stage|  return value|
|ap_continue                |   in|    1|  ap_ctrl_hs|   write_stage|  return value|
|ap_idle                    |  out|    1|  ap_ctrl_hs|   write_stage|  return value|
|ap_ready                   |  out|    1|  ap_ctrl_hs|   write_stage|  return value|
|m_axi_gmem_AWVALID         |  out|    1|       m_axi|          gmem|       pointer|
|m_axi_gmem_AWREADY         |   in|    1|       m_axi|          gmem|       pointer|
|m_axi_gmem_AWADDR          |  out|   64|       m_axi|          gmem|       pointer|
|m_axi_gmem_AWID            |  out|    1|       m_axi|          gmem|       pointer|
|m_axi_gmem_AWLEN           |  out|   32|       m_axi|          gmem|       pointer|
|m_axi_gmem_AWSIZE          |  out|    3|       m_axi|          gmem|       pointer|
|m_axi_gmem_AWBURST         |  out|    2|       m_axi|          gmem|       pointer|
|m_axi_gmem_AWLOCK          |  out|    2|       m_axi|          gmem|       pointer|
|m_axi_gmem_AWCACHE         |  out|    4|       m_axi|          gmem|       pointer|
|m_axi_gmem_AWPROT          |  out|    3|       m_axi|          gmem|       pointer|
|m_axi_gmem_AWQOS           |  out|    4|       m_axi|          gmem|       pointer|
|m_axi_gmem_AWREGION        |  out|    4|       m_axi|          gmem|       pointer|
|m_axi_gmem_AWUSER          |  out|    1|       m_axi|          gmem|       pointer|
|m_axi_gmem_WVALID          |  out|    1|       m_axi|          gmem|       pointer|
|m_axi_gmem_WREADY          |   in|    1|       m_axi|          gmem|       pointer|
|m_axi_gmem_WDATA           |  out|    8|       m_axi|          gmem|       pointer|
|m_axi_gmem_WSTRB           |  out|    1|       m_axi|          gmem|       pointer|
|m_axi_gmem_WLAST           |  out|    1|       m_axi|          gmem|       pointer|
|m_axi_gmem_WID             |  out|    1|       m_axi|          gmem|       pointer|
|m_axi_gmem_WUSER           |  out|    1|       m_axi|          gmem|       pointer|
|m_axi_gmem_ARVALID         |  out|    1|       m_axi|          gmem|       pointer|
|m_axi_gmem_ARREADY         |   in|    1|       m_axi|          gmem|       pointer|
|m_axi_gmem_ARADDR          |  out|   64|       m_axi|          gmem|       pointer|
|m_axi_gmem_ARID            |  out|    1|       m_axi|          gmem|       pointer|
|m_axi_gmem_ARLEN           |  out|   32|       m_axi|          gmem|       pointer|
|m_axi_gmem_ARSIZE          |  out|    3|       m_axi|          gmem|       pointer|
|m_axi_gmem_ARBURST         |  out|    2|       m_axi|          gmem|       pointer|
|m_axi_gmem_ARLOCK          |  out|    2|       m_axi|          gmem|       pointer|
|m_axi_gmem_ARCACHE         |  out|    4|       m_axi|          gmem|       pointer|
|m_axi_gmem_ARPROT          |  out|    3|       m_axi|          gmem|       pointer|
|m_axi_gmem_ARQOS           |  out|    4|       m_axi|          gmem|       pointer|
|m_axi_gmem_ARREGION        |  out|    4|       m_axi|          gmem|       pointer|
|m_axi_gmem_ARUSER          |  out|    1|       m_axi|          gmem|       pointer|
|m_axi_gmem_RVALID          |   in|    1|       m_axi|          gmem|       pointer|
|m_axi_gmem_RREADY          |  out|    1|       m_axi|          gmem|       pointer|
|m_axi_gmem_RDATA           |   in|    8|       m_axi|          gmem|       pointer|
|m_axi_gmem_RLAST           |   in|    1|       m_axi|          gmem|       pointer|
|m_axi_gmem_RID             |   in|    1|       m_axi|          gmem|       pointer|
|m_axi_gmem_RFIFONUM        |   in|   11|       m_axi|          gmem|       pointer|
|m_axi_gmem_RUSER           |   in|    1|       m_axi|          gmem|       pointer|
|m_axi_gmem_RRESP           |   in|    2|       m_axi|          gmem|       pointer|
|m_axi_gmem_BVALID          |   in|    1|       m_axi|          gmem|       pointer|
|m_axi_gmem_BREADY          |  out|    1|       m_axi|          gmem|       pointer|
|m_axi_gmem_BRESP           |   in|    2|       m_axi|          gmem|       pointer|
|m_axi_gmem_BID             |   in|    1|       m_axi|          gmem|       pointer|
|m_axi_gmem_BUSER           |   in|    1|       m_axi|          gmem|       pointer|
|out_r_dout                 |   in|   64|     ap_fifo|         out_r|       pointer|
|out_r_num_data_valid       |   in|    3|     ap_fifo|         out_r|       pointer|
|out_r_fifo_cap             |   in|    3|     ap_fifo|         out_r|       pointer|
|out_r_empty_n              |   in|    1|     ap_fifo|         out_r|       pointer|
|out_r_read                 |  out|    1|     ap_fifo|         out_r|       pointer|
|stream_out_dout            |   in|    8|     ap_fifo|    stream_out|       pointer|
|stream_out_num_data_valid  |   in|    9|     ap_fifo|    stream_out|       pointer|
|stream_out_fifo_cap        |   in|    9|     ap_fifo|    stream_out|       pointer|
|stream_out_empty_n         |   in|    1|     ap_fifo|    stream_out|       pointer|
|stream_out_read            |  out|    1|     ap_fifo|    stream_out|       pointer|
|num_pixels_dout            |   in|   32|     ap_fifo|    num_pixels|       pointer|
|num_pixels_num_data_valid  |   in|    3|     ap_fifo|    num_pixels|       pointer|
|num_pixels_fifo_cap        |   in|    3|     ap_fifo|    num_pixels|       pointer|
|num_pixels_empty_n         |   in|    1|     ap_fifo|    num_pixels|       pointer|
|num_pixels_read            |  out|    1|     ap_fifo|    num_pixels|       pointer|
+---------------------------+-----+-----+------------+--------------+--------------+

