

================================================================
== Vitis HLS Report for 'write_stage_Pipeline_VITIS_LOOP_38_1'
================================================================
* Date:           Sun Jul 19 18:25:25 2026

* Version:        2024.1 (Build 5069499 on May 21 2024)
* Project:        gray_kernel_prj
* Solution:       solution1 (Vivado IP Flow Target)
* Product family: zynquplus
* Target device:  xck26-sfvc784-2LV-c


================================================================
== Performance Estimates
================================================================
+ Timing: 
    * Summary: 
    +--------+---------+----------+------------+
    |  Clock |  Target | Estimated| Uncertainty|
    +--------+---------+----------+------------+
    |ap_clk  |  4.00 ns|  2.920 ns|     1.08 ns|
    +--------+---------+----------+------------+

+ Latency: 
    * Summary: 
    +---------+---------+----------+----------+-----+-----+-----------------------------------------------+
    |  Latency (cycles) |  Latency (absolute) |  Interval |                    Pipeline                   |
    |   min   |   max   |    min   |    max   | min | max |                      Type                     |
    +---------+---------+----------+----------+-----+-----+-----------------------------------------------+
    |        ?|        ?|         ?|         ?|    0|    0|  loop auto-rewind stp(delay=0 clock cycles(s))|
    +---------+---------+----------+----------+-----+-----+-----------------------------------------------+

    + Detail: 
        * Instance: 
        N/A

        * Loop: 
        +-------------------+---------+---------+----------+-----------+-----------+------+----------+
        |                   |  Latency (cycles) | Iteration|  Initiation Interval  | Trip |          |
        |     Loop Name     |   min   |   max   |  Latency |  achieved |   target  | Count| Pipelined|
        +-------------------+---------+---------+----------+-----------+-----------+------+----------+
        |- VITIS_LOOP_38_1  |        ?|        ?|         3|          1|          1|     ?|       yes|
        +-------------------+---------+---------+----------+-----------+-----------+------+----------+



================================================================
== Utilization Estimates
================================================================
* Summary: 
+-----------------+---------+------+--------+--------+-----+
|       Name      | BRAM_18K|  DSP |   FF   |   LUT  | URAM|
+-----------------+---------+------+--------+--------+-----+
|DSP              |        -|     -|       -|       -|    -|
|Expression       |        -|     -|       0|      83|    -|
|FIFO             |        -|     -|       -|       -|    -|
|Instance         |        -|     -|       -|       -|    -|
|Memory           |        -|     -|       -|       -|    -|
|Multiplexer      |        -|     -|       0|      54|    -|
|Register         |        -|     -|      44|       -|    -|
+-----------------+---------+------+--------+--------+-----+
|Total            |        0|     0|      44|     137|    0|
+-----------------+---------+------+--------+--------+-----+
|Available        |      288|  1248|  234240|  117120|   64|
+-----------------+---------+------+--------+--------+-----+
|Utilization (%)  |        0|     0|      ~0|      ~0|    0|
+-----------------+---------+------+--------+--------+-----+

+ Detail: 
    * Instance: 
    N/A

    * DSP: 
    N/A

    * Memory: 
    N/A

    * FIFO: 
    N/A

    * Expression: 
    +---------------------------+----------+----+---+----+------------+------------+
    |       Variable Name       | Operation| DSP| FF| LUT| Bitwidth P0| Bitwidth P1|
    +---------------------------+----------+----+---+----+------------+------------+
    |add_ln38_fu_104_p2         |         +|   0|  0|  38|          31|           1|
    |ap_block_pp0_stage0_01001  |       and|   0|  0|   2|           1|           1|
    |icmp_ln38_fu_92_p2         |      icmp|   0|  0|  39|          32|          32|
    |ap_block_pp0_stage0_11001  |        or|   0|  0|   2|           1|           1|
    |ap_enable_pp0              |       xor|   0|  0|   2|           1|           2|
    +---------------------------+----------+----+---+----+------------+------------+
    |Total                      |          |   0|  0|  83|          66|          37|
    +---------------------------+----------+----+---+----+------------+------------+

    * Multiplexer: 
    +-------------------------+----+-----------+-----+-----------+
    |           Name          | LUT| Input Size| Bits| Total Bits|
    +-------------------------+----+-----------+-----+-----------+
    |ap_done_int              |   9|          2|    1|          2|
    |ap_enable_reg_pp0_iter1  |   9|          2|    1|          2|
    |ap_sig_allocacmp_i_load  |   9|          2|   31|         62|
    |gmem_blk_n_W             |   9|          2|    1|          2|
    |i_fu_50                  |   9|          2|   31|         62|
    |stream_out_blk_n         |   9|          2|    1|          2|
    +-------------------------+----+-----------+-----+-----------+
    |Total                    |  54|         12|   66|        132|
    +-------------------------+----+-----------+-----+-----------+

    * Register: 
    +----------------------------------+----+----+-----+-----------+
    |               Name               | FF | LUT| Bits| Const Bits|
    +----------------------------------+----+----+-----+-----------+
    |ap_CS_fsm                         |   1|   0|    1|          0|
    |ap_done_reg                       |   1|   0|    1|          0|
    |ap_enable_reg_pp0_iter1           |   1|   0|    1|          0|
    |ap_enable_reg_pp0_iter2           |   1|   0|    1|          0|
    |ap_loop_exit_ready_pp0_iter1_reg  |   1|   0|    1|          0|
    |i_fu_50                           |  31|   0|   31|          0|
    |stream_out_read_reg_131           |   8|   0|    8|          0|
    +----------------------------------+----+----+-----+-----------+
    |Total                             |  44|   0|   44|          0|
    +----------------------------------+----+----+-----+-----------+



================================================================
== Interface
================================================================
* Summary: 
+---------------------------+-----+-----+------------+--------------------------------------+--------------+
|         RTL Ports         | Dir | Bits|  Protocol  |             Source Object            |    C Type    |
+---------------------------+-----+-----+------------+--------------------------------------+--------------+
|ap_clk                     |   in|    1|  ap_ctrl_hs|  write_stage_Pipeline_VITIS_LOOP_38_1|  return value|
|ap_rst                     |   in|    1|  ap_ctrl_hs|  write_stage_Pipeline_VITIS_LOOP_38_1|  return value|
|ap_start                   |   in|    1|  ap_ctrl_hs|  write_stage_Pipeline_VITIS_LOOP_38_1|  return value|
|ap_done                    |  out|    1|  ap_ctrl_hs|  write_stage_Pipeline_VITIS_LOOP_38_1|  return value|
|ap_idle                    |  out|    1|  ap_ctrl_hs|  write_stage_Pipeline_VITIS_LOOP_38_1|  return value|
|ap_ready                   |  out|    1|  ap_ctrl_hs|  write_stage_Pipeline_VITIS_LOOP_38_1|  return value|
|stream_out_dout            |   in|    8|     ap_fifo|                            stream_out|       pointer|
|stream_out_num_data_valid  |   in|    9|     ap_fifo|                            stream_out|       pointer|
|stream_out_fifo_cap        |   in|    9|     ap_fifo|                            stream_out|       pointer|
|stream_out_empty_n         |   in|    1|     ap_fifo|                            stream_out|       pointer|
|stream_out_read            |  out|    1|     ap_fifo|                            stream_out|       pointer|
|m_axi_gmem_AWVALID         |  out|    1|       m_axi|                                  gmem|       pointer|
|m_axi_gmem_AWREADY         |   in|    1|       m_axi|                                  gmem|       pointer|
|m_axi_gmem_AWADDR          |  out|   64|       m_axi|                                  gmem|       pointer|
|m_axi_gmem_AWID            |  out|    1|       m_axi|                                  gmem|       pointer|
|m_axi_gmem_AWLEN           |  out|   32|       m_axi|                                  gmem|       pointer|
|m_axi_gmem_AWSIZE          |  out|    3|       m_axi|                                  gmem|       pointer|
|m_axi_gmem_AWBURST         |  out|    2|       m_axi|                                  gmem|       pointer|
|m_axi_gmem_AWLOCK          |  out|    2|       m_axi|                                  gmem|       pointer|
|m_axi_gmem_AWCACHE         |  out|    4|       m_axi|                                  gmem|       pointer|
|m_axi_gmem_AWPROT          |  out|    3|       m_axi|                                  gmem|       pointer|
|m_axi_gmem_AWQOS           |  out|    4|       m_axi|                                  gmem|       pointer|
|m_axi_gmem_AWREGION        |  out|    4|       m_axi|                                  gmem|       pointer|
|m_axi_gmem_AWUSER          |  out|    1|       m_axi|                                  gmem|       pointer|
|m_axi_gmem_WVALID          |  out|    1|       m_axi|                                  gmem|       pointer|
|m_axi_gmem_WREADY          |   in|    1|       m_axi|                                  gmem|       pointer|
|m_axi_gmem_WDATA           |  out|    8|       m_axi|                                  gmem|       pointer|
|m_axi_gmem_WSTRB           |  out|    1|       m_axi|                                  gmem|       pointer|
|m_axi_gmem_WLAST           |  out|    1|       m_axi|                                  gmem|       pointer|
|m_axi_gmem_WID             |  out|    1|       m_axi|                                  gmem|       pointer|
|m_axi_gmem_WUSER           |  out|    1|       m_axi|                                  gmem|       pointer|
|m_axi_gmem_ARVALID         |  out|    1|       m_axi|                                  gmem|       pointer|
|m_axi_gmem_ARREADY         |   in|    1|       m_axi|                                  gmem|       pointer|
|m_axi_gmem_ARADDR          |  out|   64|       m_axi|                                  gmem|       pointer|
|m_axi_gmem_ARID            |  out|    1|       m_axi|                                  gmem|       pointer|
|m_axi_gmem_ARLEN           |  out|   32|       m_axi|                                  gmem|       pointer|
|m_axi_gmem_ARSIZE          |  out|    3|       m_axi|                                  gmem|       pointer|
|m_axi_gmem_ARBURST         |  out|    2|       m_axi|                                  gmem|       pointer|
|m_axi_gmem_ARLOCK          |  out|    2|       m_axi|                                  gmem|       pointer|
|m_axi_gmem_ARCACHE         |  out|    4|       m_axi|                                  gmem|       pointer|
|m_axi_gmem_ARPROT          |  out|    3|       m_axi|                                  gmem|       pointer|
|m_axi_gmem_ARQOS           |  out|    4|       m_axi|                                  gmem|       pointer|
|m_axi_gmem_ARREGION        |  out|    4|       m_axi|                                  gmem|       pointer|
|m_axi_gmem_ARUSER          |  out|    1|       m_axi|                                  gmem|       pointer|
|m_axi_gmem_RVALID          |   in|    1|       m_axi|                                  gmem|       pointer|
|m_axi_gmem_RREADY          |  out|    1|       m_axi|                                  gmem|       pointer|
|m_axi_gmem_RDATA           |   in|    8|       m_axi|                                  gmem|       pointer|
|m_axi_gmem_RLAST           |   in|    1|       m_axi|                                  gmem|       pointer|
|m_axi_gmem_RID             |   in|    1|       m_axi|                                  gmem|       pointer|
|m_axi_gmem_RFIFONUM        |   in|   11|       m_axi|                                  gmem|       pointer|
|m_axi_gmem_RUSER           |   in|    1|       m_axi|                                  gmem|       pointer|
|m_axi_gmem_RRESP           |   in|    2|       m_axi|                                  gmem|       pointer|
|m_axi_gmem_BVALID          |   in|    1|       m_axi|                                  gmem|       pointer|
|m_axi_gmem_BREADY          |  out|    1|       m_axi|                                  gmem|       pointer|
|m_axi_gmem_BRESP           |   in|    2|       m_axi|                                  gmem|       pointer|
|m_axi_gmem_BID             |   in|    1|       m_axi|                                  gmem|       pointer|
|m_axi_gmem_BUSER           |   in|    1|       m_axi|                                  gmem|       pointer|
|num_pixels_1               |   in|   32|     ap_none|                          num_pixels_1|        scalar|
|out_1                      |   in|   64|     ap_none|                                 out_1|        scalar|
+---------------------------+-----+-----+------------+--------------------------------------+--------------+

